<!doctype html public "-//w3c//dtd html 4.0 transitional//en">
<html><head>
<title>Static Call Graph - [.\Objects\gpio_example.axf]</title></head>
<body><HR>
<H1>Static Call Graph for image .\Objects\gpio_example.axf</H1><HR>
<BR><P>#&#060CALLGRAPH&#062# ARM Linker, 5060750: Last Updated: Tue Sep 19 17:55:42 2023
<BR><P>
<H3>Maximum Stack Usage =        140 bytes + Unknown(Cycles, Untraceable Function Pointers)</H3><H3>
Call chain for Maximum Stack Depth:</H3>
main &rArr; etm_timerinit &rArr; ETM_InitTimeBase &rArr; ETM_StopTimeBase &rArr; ETM_WaitTbStop &rArr; SysTick_DelayUS
<P>
<H3>
Mutually Recursive functions
</H3> <LI><a href="#[1]">INT02_Handler</a>&nbsp;&nbsp;&nbsp;&rArr;&nbsp;&nbsp;&nbsp;<a href="#[1]">INT02_Handler</a><BR>
</UL>
<P>
<H3>
Function Pointers
</H3><UL>
 <LI><a href="#[33]">ETM2Callback</a> from sif_module.o(i.ETM2Callback) referenced from etm_module.o(i.etm_timerinit)
 <LI><a href="#[1]">INT02_Handler</a> from startup_f6601c.o(.text) referenced from startup_f6601c.o(RESET)
 <LI><a href="#[2]">INT03_Handler</a> from startup_f6601c.o(.text) referenced from startup_f6601c.o(RESET)
 <LI><a href="#[3]">INT04_Handler</a> from startup_f6601c.o(.text) referenced from startup_f6601c.o(RESET)
 <LI><a href="#[4]">INT05_Handler</a> from startup_f6601c.o(.text) referenced from startup_f6601c.o(RESET)
 <LI><a href="#[5]">INT06_Handler</a> from startup_f6601c.o(.text) referenced from startup_f6601c.o(RESET)
 <LI><a href="#[6]">INT07_Handler</a> from startup_f6601c.o(.text) referenced from startup_f6601c.o(RESET)
 <LI><a href="#[7]">INT08_Handler</a> from startup_f6601c.o(.text) referenced from startup_f6601c.o(RESET)
 <LI><a href="#[8]">INT09_Handler</a> from startup_f6601c.o(.text) referenced from startup_f6601c.o(RESET)
 <LI><a href="#[9]">INT10_Handler</a> from startup_f6601c.o(.text) referenced from startup_f6601c.o(RESET)
 <LI><a href="#[a]">INT11_Handler</a> from startup_f6601c.o(.text) referenced from startup_f6601c.o(RESET)
 <LI><a href="#[b]">INT12_Handler</a> from startup_f6601c.o(.text) referenced from startup_f6601c.o(RESET)
 <LI><a href="#[c]">INT13_Handler</a> from startup_f6601c.o(.text) referenced from startup_f6601c.o(RESET)
 <LI><a href="#[d]">INT14_Handler</a> from startup_f6601c.o(.text) referenced from startup_f6601c.o(RESET)
 <LI><a href="#[e]">INT15_Handler</a> from systick.o(i.Systick_InterruptHandler) referenced from startup_f6601c.o(RESET)
 <LI><a href="#[f]">INT16_Handler</a> from startup_f6601c.o(.text) referenced from startup_f6601c.o(RESET)
 <LI><a href="#[10]">INT17_Handler</a> from startup_f6601c.o(.text) referenced from startup_f6601c.o(RESET)
 <LI><a href="#[11]">INT18_Handler</a> from startup_f6601c.o(.text) referenced from startup_f6601c.o(RESET)
 <LI><a href="#[12]">INT19_Handler</a> from startup_f6601c.o(.text) referenced from startup_f6601c.o(RESET)
 <LI><a href="#[13]">INT20_Handler</a> from dma.o(i.INT20_Handler) referenced from startup_f6601c.o(RESET)
 <LI><a href="#[14]">INT21_Handler</a> from startup_f6601c.o(.text) referenced from startup_f6601c.o(RESET)
 <LI><a href="#[15]">INT22_Handler</a> from startup_f6601c.o(.text) referenced from startup_f6601c.o(RESET)
 <LI><a href="#[16]">INT23_Handler</a> from startup_f6601c.o(.text) referenced from startup_f6601c.o(RESET)
 <LI><a href="#[17]">INT24_Handler</a> from startup_f6601c.o(.text) referenced from startup_f6601c.o(RESET)
 <LI><a href="#[18]">INT25_Handler</a> from startup_f6601c.o(.text) referenced from startup_f6601c.o(RESET)
 <LI><a href="#[19]">INT26_Handler</a> from startup_f6601c.o(.text) referenced from startup_f6601c.o(RESET)
 <LI><a href="#[1a]">INT27_Handler</a> from etm.o(i.ETM0_IRQHandler) referenced from startup_f6601c.o(RESET)
 <LI><a href="#[1b]">INT28_Handler</a> from etm.o(i.ETM1_IRQHandler) referenced from startup_f6601c.o(RESET)
 <LI><a href="#[1c]">INT29_Handler</a> from etm.o(i.ETM2_IRQHandler) referenced from startup_f6601c.o(RESET)
 <LI><a href="#[1d]">INT30_Handler</a> from etm.o(i.ETM3_IRQHandler) referenced from startup_f6601c.o(RESET)
 <LI><a href="#[1e]">INT31_Handler</a> from startup_f6601c.o(.text) referenced from startup_f6601c.o(RESET)
 <LI><a href="#[1f]">INT32_Handler</a> from startup_f6601c.o(.text) referenced from startup_f6601c.o(RESET)
 <LI><a href="#[20]">INT33_Handler</a> from startup_f6601c.o(.text) referenced from startup_f6601c.o(RESET)
 <LI><a href="#[21]">INT34_Handler</a> from uart.o(i.UART0_InterruptHandler) referenced from startup_f6601c.o(RESET)
 <LI><a href="#[22]">INT35_Handler</a> from uart.o(i.UART1_InterruptHandler) referenced from startup_f6601c.o(RESET)
 <LI><a href="#[23]">INT36_Handler</a> from uart.o(i.UART2_InterruptHandler) referenced from startup_f6601c.o(RESET)
 <LI><a href="#[24]">INT37_Handler</a> from startup_f6601c.o(.text) referenced from startup_f6601c.o(RESET)
 <LI><a href="#[25]">INT38_Handler</a> from startup_f6601c.o(.text) referenced from startup_f6601c.o(RESET)
 <LI><a href="#[26]">INT39_Handler</a> from startup_f6601c.o(.text) referenced from startup_f6601c.o(RESET)
 <LI><a href="#[27]">INT40_Handler</a> from etm.o(i.ETM4_IRQHandler) referenced from startup_f6601c.o(RESET)
 <LI><a href="#[28]">INT41_Handler</a> from etm.o(i.ETM5_IRQHandler) referenced from startup_f6601c.o(RESET)
 <LI><a href="#[29]">INT42_Handler</a> from startup_f6601c.o(.text) referenced from startup_f6601c.o(RESET)
 <LI><a href="#[2a]">INT43_Handler</a> from startup_f6601c.o(.text) referenced from startup_f6601c.o(RESET)
 <LI><a href="#[2b]">INT44_Handler</a> from startup_f6601c.o(.text) referenced from startup_f6601c.o(RESET)
 <LI><a href="#[2c]">INT45_Handler</a> from startup_f6601c.o(.text) referenced from startup_f6601c.o(RESET)
 <LI><a href="#[2d]">INT46_Handler</a> from startup_f6601c.o(.text) referenced from startup_f6601c.o(RESET)
 <LI><a href="#[2e]">INT47_Handler</a> from startup_f6601c.o(.text) referenced from startup_f6601c.o(RESET)
 <LI><a href="#[0]">Reset_Handler</a> from startup_f6601c.o(.text) referenced from startup_f6601c.o(RESET)
 <LI><a href="#[30]">SystemInit</a> from sysinit.o(i.SystemInit) referenced from startup_f6601c.o(.text)
 <LI><a href="#[32]">UART_InterruptHandler</a> from uart.o(i.UART_InterruptHandler) referenced from uart.o(i.UART_Init)
 <LI><a href="#[31]">__main</a> from entry.o(.ARM.Collect$$$$00000000) referenced from startup_f6601c.o(.text)
 <LI><a href="#[2f]">main</a> from gpio_example.o(i.main) referenced from entry9a.o(.ARM.Collect$$$$0000000B)
</UL>
<P>
<H3>
Global Symbols
</H3>
<P><STRONG><a name="[31]"></a>__main</STRONG> (Thumb, 0 bytes, Stack size unknown bytes, entry.o(.ARM.Collect$$$$00000000))
<BR>[Address Reference Count : 1]<UL><LI> startup_f6601c.o(.text)
</UL>
<P><STRONG><a name="[63]"></a>_main_stk</STRONG> (Thumb, 0 bytes, Stack size unknown bytes, entry2.o(.ARM.Collect$$$$00000001))

<P><STRONG><a name="[34]"></a>_main_scatterload</STRONG> (Thumb, 0 bytes, Stack size unknown bytes, entry5.o(.ARM.Collect$$$$00000004))
<BR><BR>[Calls]<UL><LI><a href="#[35]">&gt;&gt;</a>&nbsp;&nbsp;&nbsp;__scatterload
</UL>

<P><STRONG><a name="[39]"></a>__main_after_scatterload</STRONG> (Thumb, 0 bytes, Stack size unknown bytes, entry5.o(.ARM.Collect$$$$00000004))
<BR><BR>[Called By]<UL><LI><a href="#[35]">&gt;&gt;</a>&nbsp;&nbsp;&nbsp;__scatterload
</UL>

<P><STRONG><a name="[64]"></a>_main_clock</STRONG> (Thumb, 0 bytes, Stack size unknown bytes, entry7b.o(.ARM.Collect$$$$00000008))

<P><STRONG><a name="[65]"></a>_main_cpp_init</STRONG> (Thumb, 0 bytes, Stack size unknown bytes, entry8b.o(.ARM.Collect$$$$0000000A))

<P><STRONG><a name="[66]"></a>_main_init</STRONG> (Thumb, 0 bytes, Stack size unknown bytes, entry9a.o(.ARM.Collect$$$$0000000B))

<P><STRONG><a name="[67]"></a>__rt_final_cpp</STRONG> (Thumb, 0 bytes, Stack size unknown bytes, entry10a.o(.ARM.Collect$$$$0000000D))

<P><STRONG><a name="[68]"></a>__rt_final_exit</STRONG> (Thumb, 0 bytes, Stack size unknown bytes, entry11a.o(.ARM.Collect$$$$0000000F))

<P><STRONG><a name="[0]"></a>Reset_Handler</STRONG> (Thumb, 46 bytes, Stack size 0 bytes, startup_f6601c.o(.text))
<BR>[Address Reference Count : 1]<UL><LI> startup_f6601c.o(RESET)
</UL>
<P><STRONG><a name="[1]"></a>INT02_Handler</STRONG> (Thumb, 0 bytes, Stack size 0 bytes, startup_f6601c.o(.text))
<BR><BR>[Calls]<UL><LI><a href="#[1]">&gt;&gt;</a>&nbsp;&nbsp;&nbsp;INT02_Handler
</UL>
<BR>[Called By]<UL><LI><a href="#[1]">&gt;&gt;</a>&nbsp;&nbsp;&nbsp;INT02_Handler
</UL>
<BR>[Address Reference Count : 1]<UL><LI> startup_f6601c.o(RESET)
</UL>
<P><STRONG><a name="[2]"></a>INT03_Handler</STRONG> (Thumb, 0 bytes, Stack size 0 bytes, startup_f6601c.o(.text))
<BR>[Address Reference Count : 1]<UL><LI> startup_f6601c.o(RESET)
</UL>
<P><STRONG><a name="[3]"></a>INT04_Handler</STRONG> (Thumb, 0 bytes, Stack size 0 bytes, startup_f6601c.o(.text))
<BR>[Address Reference Count : 1]<UL><LI> startup_f6601c.o(RESET)
</UL>
<P><STRONG><a name="[4]"></a>INT05_Handler</STRONG> (Thumb, 0 bytes, Stack size 0 bytes, startup_f6601c.o(.text))
<BR>[Address Reference Count : 1]<UL><LI> startup_f6601c.o(RESET)
</UL>
<P><STRONG><a name="[5]"></a>INT06_Handler</STRONG> (Thumb, 0 bytes, Stack size 0 bytes, startup_f6601c.o(.text))
<BR>[Address Reference Count : 1]<UL><LI> startup_f6601c.o(RESET)
</UL>
<P><STRONG><a name="[6]"></a>INT07_Handler</STRONG> (Thumb, 0 bytes, Stack size 0 bytes, startup_f6601c.o(.text))
<BR>[Address Reference Count : 1]<UL><LI> startup_f6601c.o(RESET)
</UL>
<P><STRONG><a name="[7]"></a>INT08_Handler</STRONG> (Thumb, 0 bytes, Stack size 0 bytes, startup_f6601c.o(.text))
<BR>[Address Reference Count : 1]<UL><LI> startup_f6601c.o(RESET)
</UL>
<P><STRONG><a name="[8]"></a>INT09_Handler</STRONG> (Thumb, 0 bytes, Stack size 0 bytes, startup_f6601c.o(.text))
<BR>[Address Reference Count : 1]<UL><LI> startup_f6601c.o(RESET)
</UL>
<P><STRONG><a name="[9]"></a>INT10_Handler</STRONG> (Thumb, 0 bytes, Stack size 0 bytes, startup_f6601c.o(.text))
<BR>[Address Reference Count : 1]<UL><LI> startup_f6601c.o(RESET)
</UL>
<P><STRONG><a name="[a]"></a>INT11_Handler</STRONG> (Thumb, 0 bytes, Stack size 0 bytes, startup_f6601c.o(.text))
<BR>[Address Reference Count : 1]<UL><LI> startup_f6601c.o(RESET)
</UL>
<P><STRONG><a name="[b]"></a>INT12_Handler</STRONG> (Thumb, 0 bytes, Stack size 0 bytes, startup_f6601c.o(.text))
<BR>[Address Reference Count : 1]<UL><LI> startup_f6601c.o(RESET)
</UL>
<P><STRONG><a name="[c]"></a>INT13_Handler</STRONG> (Thumb, 0 bytes, Stack size 0 bytes, startup_f6601c.o(.text))
<BR>[Address Reference Count : 1]<UL><LI> startup_f6601c.o(RESET)
</UL>
<P><STRONG><a name="[d]"></a>INT14_Handler</STRONG> (Thumb, 0 bytes, Stack size 0 bytes, startup_f6601c.o(.text))
<BR>[Address Reference Count : 1]<UL><LI> startup_f6601c.o(RESET)
</UL>
<P><STRONG><a name="[f]"></a>INT16_Handler</STRONG> (Thumb, 0 bytes, Stack size 0 bytes, startup_f6601c.o(.text))
<BR>[Address Reference Count : 1]<UL><LI> startup_f6601c.o(RESET)
</UL>
<P><STRONG><a name="[10]"></a>INT17_Handler</STRONG> (Thumb, 0 bytes, Stack size 0 bytes, startup_f6601c.o(.text))
<BR>[Address Reference Count : 1]<UL><LI> startup_f6601c.o(RESET)
</UL>
<P><STRONG><a name="[11]"></a>INT18_Handler</STRONG> (Thumb, 0 bytes, Stack size 0 bytes, startup_f6601c.o(.text))
<BR>[Address Reference Count : 1]<UL><LI> startup_f6601c.o(RESET)
</UL>
<P><STRONG><a name="[12]"></a>INT19_Handler</STRONG> (Thumb, 0 bytes, Stack size 0 bytes, startup_f6601c.o(.text))
<BR>[Address Reference Count : 1]<UL><LI> startup_f6601c.o(RESET)
</UL>
<P><STRONG><a name="[14]"></a>INT21_Handler</STRONG> (Thumb, 0 bytes, Stack size 0 bytes, startup_f6601c.o(.text))
<BR>[Address Reference Count : 1]<UL><LI> startup_f6601c.o(RESET)
</UL>
<P><STRONG><a name="[15]"></a>INT22_Handler</STRONG> (Thumb, 0 bytes, Stack size 0 bytes, startup_f6601c.o(.text))
<BR>[Address Reference Count : 1]<UL><LI> startup_f6601c.o(RESET)
</UL>
<P><STRONG><a name="[16]"></a>INT23_Handler</STRONG> (Thumb, 0 bytes, Stack size 0 bytes, startup_f6601c.o(.text))
<BR>[Address Reference Count : 1]<UL><LI> startup_f6601c.o(RESET)
</UL>
<P><STRONG><a name="[17]"></a>INT24_Handler</STRONG> (Thumb, 0 bytes, Stack size 0 bytes, startup_f6601c.o(.text))
<BR>[Address Reference Count : 1]<UL><LI> startup_f6601c.o(RESET)
</UL>
<P><STRONG><a name="[18]"></a>INT25_Handler</STRONG> (Thumb, 0 bytes, Stack size 0 bytes, startup_f6601c.o(.text))
<BR>[Address Reference Count : 1]<UL><LI> startup_f6601c.o(RESET)
</UL>
<P><STRONG><a name="[19]"></a>INT26_Handler</STRONG> (Thumb, 0 bytes, Stack size 0 bytes, startup_f6601c.o(.text))
<BR>[Address Reference Count : 1]<UL><LI> startup_f6601c.o(RESET)
</UL>
<P><STRONG><a name="[1e]"></a>INT31_Handler</STRONG> (Thumb, 0 bytes, Stack size 0 bytes, startup_f6601c.o(.text))
<BR>[Address Reference Count : 1]<UL><LI> startup_f6601c.o(RESET)
</UL>
<P><STRONG><a name="[1f]"></a>INT32_Handler</STRONG> (Thumb, 0 bytes, Stack size 0 bytes, startup_f6601c.o(.text))
<BR>[Address Reference Count : 1]<UL><LI> startup_f6601c.o(RESET)
</UL>
<P><STRONG><a name="[20]"></a>INT33_Handler</STRONG> (Thumb, 0 bytes, Stack size 0 bytes, startup_f6601c.o(.text))
<BR>[Address Reference Count : 1]<UL><LI> startup_f6601c.o(RESET)
</UL>
<P><STRONG><a name="[24]"></a>INT37_Handler</STRONG> (Thumb, 0 bytes, Stack size 0 bytes, startup_f6601c.o(.text))
<BR>[Address Reference Count : 1]<UL><LI> startup_f6601c.o(RESET)
</UL>
<P><STRONG><a name="[25]"></a>INT38_Handler</STRONG> (Thumb, 0 bytes, Stack size 0 bytes, startup_f6601c.o(.text))
<BR>[Address Reference Count : 1]<UL><LI> startup_f6601c.o(RESET)
</UL>
<P><STRONG><a name="[26]"></a>INT39_Handler</STRONG> (Thumb, 0 bytes, Stack size 0 bytes, startup_f6601c.o(.text))
<BR>[Address Reference Count : 1]<UL><LI> startup_f6601c.o(RESET)
</UL>
<P><STRONG><a name="[29]"></a>INT42_Handler</STRONG> (Thumb, 0 bytes, Stack size 0 bytes, startup_f6601c.o(.text))
<BR>[Address Reference Count : 1]<UL><LI> startup_f6601c.o(RESET)
</UL>
<P><STRONG><a name="[2a]"></a>INT43_Handler</STRONG> (Thumb, 0 bytes, Stack size 0 bytes, startup_f6601c.o(.text))
<BR>[Address Reference Count : 1]<UL><LI> startup_f6601c.o(RESET)
</UL>
<P><STRONG><a name="[2b]"></a>INT44_Handler</STRONG> (Thumb, 0 bytes, Stack size 0 bytes, startup_f6601c.o(.text))
<BR>[Address Reference Count : 1]<UL><LI> startup_f6601c.o(RESET)
</UL>
<P><STRONG><a name="[2c]"></a>INT45_Handler</STRONG> (Thumb, 0 bytes, Stack size 0 bytes, startup_f6601c.o(.text))
<BR>[Address Reference Count : 1]<UL><LI> startup_f6601c.o(RESET)
</UL>
<P><STRONG><a name="[2d]"></a>INT46_Handler</STRONG> (Thumb, 0 bytes, Stack size 0 bytes, startup_f6601c.o(.text))
<BR>[Address Reference Count : 1]<UL><LI> startup_f6601c.o(RESET)
</UL>
<P><STRONG><a name="[2e]"></a>INT47_Handler</STRONG> (Thumb, 0 bytes, Stack size 0 bytes, startup_f6601c.o(.text))
<BR>[Address Reference Count : 1]<UL><LI> startup_f6601c.o(RESET)
</UL>
<P><STRONG><a name="[69]"></a>__aeabi_uidiv</STRONG> (Thumb, 0 bytes, Stack size 12 bytes, uidiv.o(.text), UNUSED)

<P><STRONG><a name="[57]"></a>__aeabi_uidivmod</STRONG> (Thumb, 44 bytes, Stack size 12 bytes, uidiv.o(.text))
<BR><BR>[Stack]<UL><LI>Max Depth = 12<LI>Call Chain = __aeabi_uidivmod
</UL>
<BR>[Called By]<UL><LI><a href="#[3e]">&gt;&gt;</a>&nbsp;&nbsp;&nbsp;UART_Init
</UL>

<P><STRONG><a name="[37]"></a>__aeabi_memset</STRONG> (Thumb, 14 bytes, Stack size 0 bytes, memseta.o(.text), UNUSED)
<BR><BR>[Called By]<UL><LI><a href="#[38]">&gt;&gt;</a>&nbsp;&nbsp;&nbsp;_memset$wrapper
<LI><a href="#[36]">&gt;&gt;</a>&nbsp;&nbsp;&nbsp;__aeabi_memclr
</UL>

<P><STRONG><a name="[6a]"></a>__aeabi_memset4</STRONG> (Thumb, 0 bytes, Stack size 0 bytes, memseta.o(.text), UNUSED)

<P><STRONG><a name="[6b]"></a>__aeabi_memset8</STRONG> (Thumb, 0 bytes, Stack size 0 bytes, memseta.o(.text), UNUSED)

<P><STRONG><a name="[36]"></a>__aeabi_memclr</STRONG> (Thumb, 4 bytes, Stack size 0 bytes, memseta.o(.text), UNUSED)
<BR><BR>[Calls]<UL><LI><a href="#[37]">&gt;&gt;</a>&nbsp;&nbsp;&nbsp;__aeabi_memset
</UL>

<P><STRONG><a name="[5f]"></a>__aeabi_memclr4</STRONG> (Thumb, 0 bytes, Stack size 0 bytes, memseta.o(.text))
<BR><BR>[Called By]<UL><LI><a href="#[5e]">&gt;&gt;</a>&nbsp;&nbsp;&nbsp;etm_timerinit
</UL>

<P><STRONG><a name="[6c]"></a>__aeabi_memclr8</STRONG> (Thumb, 0 bytes, Stack size 0 bytes, memseta.o(.text), UNUSED)

<P><STRONG><a name="[38]"></a>_memset$wrapper</STRONG> (Thumb, 18 bytes, Stack size 8 bytes, memseta.o(.text), UNUSED)
<BR><BR>[Calls]<UL><LI><a href="#[37]">&gt;&gt;</a>&nbsp;&nbsp;&nbsp;__aeabi_memset
</UL>

<P><STRONG><a name="[35]"></a>__scatterload</STRONG> (Thumb, 28 bytes, Stack size 0 bytes, init.o(.text))
<BR><BR>[Calls]<UL><LI><a href="#[39]">&gt;&gt;</a>&nbsp;&nbsp;&nbsp;__main_after_scatterload
</UL>
<BR>[Called By]<UL><LI><a href="#[34]">&gt;&gt;</a>&nbsp;&nbsp;&nbsp;_main_scatterload
</UL>

<P><STRONG><a name="[6d]"></a>__scatterload_rt2</STRONG> (Thumb, 0 bytes, Stack size 0 bytes, init.o(.text), UNUSED)

<P><STRONG><a name="[3a]"></a>CLOCK_SetConfig</STRONG> (Thumb, 202 bytes, Stack size 24 bytes, clock.o(i.CLOCK_SetConfig))
<BR><BR>[Stack]<UL><LI>Max Depth = 24<LI>Call Chain = CLOCK_SetConfig
</UL>
<BR>[Calls]<UL><LI><a href="#[3b]">&gt;&gt;</a>&nbsp;&nbsp;&nbsp;Clock_IsNowStable
</UL>
<BR>[Called By]<UL><LI><a href="#[30]">&gt;&gt;</a>&nbsp;&nbsp;&nbsp;SystemInit
</UL>

<P><STRONG><a name="[5c]"></a>DMA_Start</STRONG> (Thumb, 202 bytes, Stack size 20 bytes, dma.o(i.DMA_Start))
<BR><BR>[Stack]<UL><LI>Max Depth = 20<LI>Call Chain = DMA_Start
</UL>
<BR>[Called By]<UL><LI><a href="#[5d]">&gt;&gt;</a>&nbsp;&nbsp;&nbsp;UART_TxProcessData
<LI><a href="#[5b]">&gt;&gt;</a>&nbsp;&nbsp;&nbsp;UART_RxProcessData
</UL>

<P><STRONG><a name="[3c]"></a>DebugConsoleInit</STRONG> (Thumb, 40 bytes, Stack size 32 bytes, printf.o(i.DebugConsoleInit))
<BR><BR>[Stack]<UL><LI>Max Depth = 104<LI>Call Chain = DebugConsoleInit &rArr; UartPinMuxConfig &rArr; GPIO_Init &rArr; GPIO_SetPullUp
</UL>
<BR>[Calls]<UL><LI><a href="#[3e]">&gt;&gt;</a>&nbsp;&nbsp;&nbsp;UART_Init
<LI><a href="#[3d]">&gt;&gt;</a>&nbsp;&nbsp;&nbsp;UartPinMuxConfig
</UL>
<BR>[Called By]<UL><LI><a href="#[2f]">&gt;&gt;</a>&nbsp;&nbsp;&nbsp;main
</UL>

<P><STRONG><a name="[60]"></a>ETM_EnableInterrupts</STRONG> (Thumb, 8 bytes, Stack size 0 bytes, etm.o(i.ETM_EnableInterrupts))
<BR><BR>[Called By]<UL><LI><a href="#[5e]">&gt;&gt;</a>&nbsp;&nbsp;&nbsp;etm_timerinit
</UL>

<P><STRONG><a name="[56]"></a>Systick_Callback</STRONG> (Thumb, 2 bytes, Stack size 0 bytes, systick.o(i.Systick_Callback), UNUSED)
<BR><BR>[Called By]<UL><LI><a href="#[55]">&gt;&gt;</a>&nbsp;&nbsp;&nbsp;Systick_InterruptHandler
</UL>

<P><STRONG><a name="[6e]"></a>__scatterload_null</STRONG> (Thumb, 2 bytes, Stack size unknown bytes, handlers.o(i.__scatterload_null), UNUSED)

<P><STRONG><a name="[3f]"></a>ETM0_IRQHandler</STRONG> (Thumb, 14 bytes, Stack size 8 bytes, etm.o(i.ETM0_IRQHandler), UNUSED)
<BR><BR>[Calls]<UL><LI><a href="#[40]">&gt;&gt;</a>&nbsp;&nbsp;&nbsp;ETM_CommonIRQHandler
</UL>

<P><STRONG><a name="[1a]"></a>INT27_Handler</STRONG> (Thumb, 0 bytes, Stack size 8 bytes, etm.o(i.ETM0_IRQHandler))
<BR><BR>[Stack]<UL><LI>Max Depth = 8<LI>Call Chain = INT27_Handler
</UL>
<BR>[Address Reference Count : 1]<UL><LI> startup_f6601c.o(RESET)
</UL>
<P><STRONG><a name="[41]"></a>ETM1_IRQHandler</STRONG> (Thumb, 14 bytes, Stack size 8 bytes, etm.o(i.ETM1_IRQHandler), UNUSED)
<BR><BR>[Calls]<UL><LI><a href="#[40]">&gt;&gt;</a>&nbsp;&nbsp;&nbsp;ETM_CommonIRQHandler
</UL>

<P><STRONG><a name="[1b]"></a>INT28_Handler</STRONG> (Thumb, 0 bytes, Stack size 8 bytes, etm.o(i.ETM1_IRQHandler))
<BR><BR>[Stack]<UL><LI>Max Depth = 8<LI>Call Chain = INT28_Handler
</UL>
<BR>[Address Reference Count : 1]<UL><LI> startup_f6601c.o(RESET)
</UL>
<P><STRONG><a name="[33]"></a>ETM2Callback</STRONG> (Thumb, 32 bytes, Stack size 8 bytes, sif_module.o(i.ETM2Callback))
<BR><BR>[Stack]<UL><LI>Max Depth = 8<LI>Call Chain = ETM2Callback
</UL>
<BR>[Calls]<UL><LI><a href="#[42]">&gt;&gt;</a>&nbsp;&nbsp;&nbsp;GPIO_PinToggle
</UL>
<BR>[Address Reference Count : 1]<UL><LI> etm_module.o(i.etm_timerinit)
</UL>
<P><STRONG><a name="[43]"></a>ETM2_IRQHandler</STRONG> (Thumb, 14 bytes, Stack size 8 bytes, etm.o(i.ETM2_IRQHandler), UNUSED)
<BR><BR>[Calls]<UL><LI><a href="#[40]">&gt;&gt;</a>&nbsp;&nbsp;&nbsp;ETM_CommonIRQHandler
</UL>

<P><STRONG><a name="[1c]"></a>INT29_Handler</STRONG> (Thumb, 0 bytes, Stack size 8 bytes, etm.o(i.ETM2_IRQHandler))
<BR><BR>[Stack]<UL><LI>Max Depth = 8<LI>Call Chain = INT29_Handler
</UL>
<BR>[Address Reference Count : 1]<UL><LI> startup_f6601c.o(RESET)
</UL>
<P><STRONG><a name="[44]"></a>ETM3_IRQHandler</STRONG> (Thumb, 14 bytes, Stack size 8 bytes, etm.o(i.ETM3_IRQHandler), UNUSED)
<BR><BR>[Calls]<UL><LI><a href="#[40]">&gt;&gt;</a>&nbsp;&nbsp;&nbsp;ETM_CommonIRQHandler
</UL>

<P><STRONG><a name="[1d]"></a>INT30_Handler</STRONG> (Thumb, 0 bytes, Stack size 8 bytes, etm.o(i.ETM3_IRQHandler))
<BR><BR>[Stack]<UL><LI>Max Depth = 8<LI>Call Chain = INT30_Handler
</UL>
<BR>[Address Reference Count : 1]<UL><LI> startup_f6601c.o(RESET)
</UL>
<P><STRONG><a name="[45]"></a>ETM4_IRQHandler</STRONG> (Thumb, 14 bytes, Stack size 8 bytes, etm.o(i.ETM4_IRQHandler), UNUSED)
<BR><BR>[Calls]<UL><LI><a href="#[40]">&gt;&gt;</a>&nbsp;&nbsp;&nbsp;ETM_CommonIRQHandler
</UL>

<P><STRONG><a name="[27]"></a>INT40_Handler</STRONG> (Thumb, 0 bytes, Stack size 8 bytes, etm.o(i.ETM4_IRQHandler))
<BR><BR>[Stack]<UL><LI>Max Depth = 8<LI>Call Chain = INT40_Handler
</UL>
<BR>[Address Reference Count : 1]<UL><LI> startup_f6601c.o(RESET)
</UL>
<P><STRONG><a name="[46]"></a>ETM5_IRQHandler</STRONG> (Thumb, 14 bytes, Stack size 8 bytes, etm.o(i.ETM5_IRQHandler), UNUSED)
<BR><BR>[Calls]<UL><LI><a href="#[40]">&gt;&gt;</a>&nbsp;&nbsp;&nbsp;ETM_CommonIRQHandler
</UL>

<P><STRONG><a name="[28]"></a>INT41_Handler</STRONG> (Thumb, 0 bytes, Stack size 8 bytes, etm.o(i.ETM5_IRQHandler))
<BR><BR>[Stack]<UL><LI>Max Depth = 8<LI>Call Chain = INT41_Handler
</UL>
<BR>[Address Reference Count : 1]<UL><LI> startup_f6601c.o(RESET)
</UL>
<P><STRONG><a name="[47]"></a>ETM_InitTimeBase</STRONG> (Thumb, 164 bytes, Stack size 24 bytes, etm.o(i.ETM_InitTimeBase))
<BR><BR>[Stack]<UL><LI>Max Depth = 68<LI>Call Chain = ETM_InitTimeBase &rArr; ETM_StopTimeBase &rArr; ETM_WaitTbStop &rArr; SysTick_DelayUS
</UL>
<BR>[Calls]<UL><LI><a href="#[49]">&gt;&gt;</a>&nbsp;&nbsp;&nbsp;ETM_StopTimeBase
<LI><a href="#[48]">&gt;&gt;</a>&nbsp;&nbsp;&nbsp;ETM_GetInstance
</UL>
<BR>[Called By]<UL><LI><a href="#[5e]">&gt;&gt;</a>&nbsp;&nbsp;&nbsp;etm_timerinit
</UL>

<P><STRONG><a name="[4a]"></a>ETM_StartTimeBase</STRONG> (Thumb, 32 bytes, Stack size 8 bytes, etm.o(i.ETM_StartTimeBase))
<BR><BR>[Stack]<UL><LI>Max Depth = 44<LI>Call Chain = ETM_StartTimeBase &rArr; ETM_WaitTbStop &rArr; SysTick_DelayUS
</UL>
<BR>[Calls]<UL><LI><a href="#[4b]">&gt;&gt;</a>&nbsp;&nbsp;&nbsp;ETM_WaitTbStop
</UL>
<BR>[Called By]<UL><LI><a href="#[5e]">&gt;&gt;</a>&nbsp;&nbsp;&nbsp;etm_timerinit
</UL>

<P><STRONG><a name="[49]"></a>ETM_StopTimeBase</STRONG> (Thumb, 30 bytes, Stack size 8 bytes, etm.o(i.ETM_StopTimeBase))
<BR><BR>[Stack]<UL><LI>Max Depth = 44<LI>Call Chain = ETM_StopTimeBase &rArr; ETM_WaitTbStop &rArr; SysTick_DelayUS
</UL>
<BR>[Calls]<UL><LI><a href="#[4b]">&gt;&gt;</a>&nbsp;&nbsp;&nbsp;ETM_WaitTbStop
</UL>
<BR>[Called By]<UL><LI><a href="#[47]">&gt;&gt;</a>&nbsp;&nbsp;&nbsp;ETM_InitTimeBase
</UL>

<P><STRONG><a name="[4d]"></a>GPIO_Init</STRONG> (Thumb, 322 bytes, Stack size 24 bytes, gpio.o(i.GPIO_Init))
<BR><BR>[Stack]<UL><LI>Max Depth = 32<LI>Call Chain = GPIO_Init &rArr; GPIO_SetPullUp
</UL>
<BR>[Calls]<UL><LI><a href="#[4f]">&gt;&gt;</a>&nbsp;&nbsp;&nbsp;GPIO_SetPullUp
<LI><a href="#[4e]">&gt;&gt;</a>&nbsp;&nbsp;&nbsp;GPIO_GetInstance
</UL>
<BR>[Called By]<UL><LI><a href="#[3d]">&gt;&gt;</a>&nbsp;&nbsp;&nbsp;UartPinMuxConfig
<LI><a href="#[61]">&gt;&gt;</a>&nbsp;&nbsp;&nbsp;gpio_output_init
</UL>

<P><STRONG><a name="[42]"></a>GPIO_PinToggle</STRONG> (Thumb, 30 bytes, Stack size 0 bytes, gpio.o(i.GPIO_PinToggle))
<BR><BR>[Called By]<UL><LI><a href="#[33]">&gt;&gt;</a>&nbsp;&nbsp;&nbsp;ETM2Callback
</UL>

<P><STRONG><a name="[13]"></a>INT20_Handler</STRONG> (Thumb, 12 bytes, Stack size 8 bytes, dma.o(i.INT20_Handler))
<BR><BR>[Stack]<UL><LI>Max Depth = 24<LI>Call Chain = INT20_Handler &rArr; DMA_CommonIRQHandler
</UL>
<BR>[Calls]<UL><LI><a href="#[50]">&gt;&gt;</a>&nbsp;&nbsp;&nbsp;DMA_CommonIRQHandler
</UL>
<BR>[Address Reference Count : 1]<UL><LI> startup_f6601c.o(RESET)
</UL>
<P><STRONG><a name="[54]"></a>OSC_SetConfig</STRONG> (Thumb, 194 bytes, Stack size 12 bytes, clock.o(i.OSC_SetConfig))
<BR><BR>[Stack]<UL><LI>Max Depth = 12<LI>Call Chain = OSC_SetConfig
</UL>
<BR>[Called By]<UL><LI><a href="#[30]">&gt;&gt;</a>&nbsp;&nbsp;&nbsp;SystemInit
</UL>

<P><STRONG><a name="[51]"></a>PeriphClk_SetConfig</STRONG> (Thumb, 556 bytes, Stack size 24 bytes, clock.o(i.PeriphClk_SetConfig))
<BR><BR>[Stack]<UL><LI>Max Depth = 24<LI>Call Chain = PeriphClk_SetConfig
</UL>
<BR>[Calls]<UL><LI><a href="#[3b]">&gt;&gt;</a>&nbsp;&nbsp;&nbsp;Clock_IsNowStable
<LI><a href="#[52]">&gt;&gt;</a>&nbsp;&nbsp;&nbsp;Clock_GetPllReferenceClock
</UL>
<BR>[Called By]<UL><LI><a href="#[5e]">&gt;&gt;</a>&nbsp;&nbsp;&nbsp;etm_timerinit
</UL>

<P><STRONG><a name="[53]"></a>SysTick_DelayMS</STRONG> (Thumb, 34 bytes, Stack size 12 bytes, systick.o(i.SysTick_DelayMS))
<BR><BR>[Stack]<UL><LI>Max Depth = 32<LI>Call Chain = SysTick_DelayMS &rArr; SysTick_DelayUS
</UL>
<BR>[Calls]<UL><LI><a href="#[4c]">&gt;&gt;</a>&nbsp;&nbsp;&nbsp;SysTick_DelayUS
</UL>
<BR>[Called By]<UL><LI><a href="#[2f]">&gt;&gt;</a>&nbsp;&nbsp;&nbsp;main
</UL>

<P><STRONG><a name="[4c]"></a>SysTick_DelayUS</STRONG> (Thumb, 124 bytes, Stack size 20 bytes, systick.o(i.SysTick_DelayUS))
<BR><BR>[Stack]<UL><LI>Max Depth = 20<LI>Call Chain = SysTick_DelayUS
</UL>
<BR>[Called By]<UL><LI><a href="#[4b]">&gt;&gt;</a>&nbsp;&nbsp;&nbsp;ETM_WaitTbStop
<LI><a href="#[53]">&gt;&gt;</a>&nbsp;&nbsp;&nbsp;SysTick_DelayMS
</UL>

<P><STRONG><a name="[62]"></a>SysTick_Init</STRONG> (Thumb, 46 bytes, Stack size 0 bytes, systick.o(i.SysTick_Init))
<BR><BR>[Called By]<UL><LI><a href="#[2f]">&gt;&gt;</a>&nbsp;&nbsp;&nbsp;main
</UL>

<P><STRONG><a name="[30]"></a>SystemInit</STRONG> (Thumb, 74 bytes, Stack size 40 bytes, sysinit.o(i.SystemInit))
<BR><BR>[Stack]<UL><LI>Max Depth = 64<LI>Call Chain = SystemInit &rArr; CLOCK_SetConfig
</UL>
<BR>[Calls]<UL><LI><a href="#[54]">&gt;&gt;</a>&nbsp;&nbsp;&nbsp;OSC_SetConfig
<LI><a href="#[3a]">&gt;&gt;</a>&nbsp;&nbsp;&nbsp;CLOCK_SetConfig
</UL>
<BR>[Address Reference Count : 1]<UL><LI> startup_f6601c.o(.text)
</UL>
<P><STRONG><a name="[e]"></a>INT15_Handler</STRONG> (Thumb, 0 bytes, Stack size 16 bytes, systick.o(i.Systick_InterruptHandler))
<BR><BR>[Stack]<UL><LI>Max Depth = 16<LI>Call Chain = INT15_Handler
</UL>
<BR>[Address Reference Count : 1]<UL><LI> startup_f6601c.o(RESET)
</UL>
<P><STRONG><a name="[55]"></a>Systick_InterruptHandler</STRONG> (Thumb, 54 bytes, Stack size 16 bytes, systick.o(i.Systick_InterruptHandler), UNUSED)
<BR><BR>[Calls]<UL><LI><a href="#[56]">&gt;&gt;</a>&nbsp;&nbsp;&nbsp;Systick_Callback
</UL>

<P><STRONG><a name="[21]"></a>INT34_Handler</STRONG> (Thumb, 0 bytes, Stack size 0 bytes, uart.o(i.UART0_InterruptHandler))
<BR>[Address Reference Count : 1]<UL><LI> startup_f6601c.o(RESET)
</UL>
<P><STRONG><a name="[6f]"></a>UART0_InterruptHandler</STRONG> (Thumb, 16 bytes, Stack size 0 bytes, uart.o(i.UART0_InterruptHandler), UNUSED)

<P><STRONG><a name="[22]"></a>INT35_Handler</STRONG> (Thumb, 0 bytes, Stack size 0 bytes, uart.o(i.UART1_InterruptHandler))
<BR>[Address Reference Count : 1]<UL><LI> startup_f6601c.o(RESET)
</UL>
<P><STRONG><a name="[70]"></a>UART1_InterruptHandler</STRONG> (Thumb, 16 bytes, Stack size 0 bytes, uart.o(i.UART1_InterruptHandler), UNUSED)

<P><STRONG><a name="[23]"></a>INT36_Handler</STRONG> (Thumb, 0 bytes, Stack size 0 bytes, uart.o(i.UART2_InterruptHandler))
<BR>[Address Reference Count : 1]<UL><LI> startup_f6601c.o(RESET)
</UL>
<P><STRONG><a name="[71]"></a>UART2_InterruptHandler</STRONG> (Thumb, 16 bytes, Stack size 0 bytes, uart.o(i.UART2_InterruptHandler), UNUSED)

<P><STRONG><a name="[3e]"></a>UART_Init</STRONG> (Thumb, 332 bytes, Stack size 24 bytes, uart.o(i.UART_Init))
<BR><BR>[Stack]<UL><LI>Max Depth = 36<LI>Call Chain = UART_Init &rArr; __aeabi_uidivmod
</UL>
<BR>[Calls]<UL><LI><a href="#[58]">&gt;&gt;</a>&nbsp;&nbsp;&nbsp;NVIC_EnableIRQ
<LI><a href="#[57]">&gt;&gt;</a>&nbsp;&nbsp;&nbsp;__aeabi_uidivmod
</UL>
<BR>[Called By]<UL><LI><a href="#[3c]">&gt;&gt;</a>&nbsp;&nbsp;&nbsp;DebugConsoleInit
</UL>

<P><STRONG><a name="[59]"></a>UART_RxInterruptHandler</STRONG> (Thumb, 78 bytes, Stack size 16 bytes, uart.o(i.UART_RxInterruptHandler))
<BR><BR>[Stack]<UL><LI>Max Depth = 52<LI>Call Chain = UART_RxInterruptHandler &rArr; UART_RxProcessData &rArr; DMA_Start
</UL>
<BR>[Calls]<UL><LI><a href="#[5b]">&gt;&gt;</a>&nbsp;&nbsp;&nbsp;UART_RxProcessData
</UL>
<BR>[Called By]<UL><LI><a href="#[32]">&gt;&gt;</a>&nbsp;&nbsp;&nbsp;UART_InterruptHandler
</UL>

<P><STRONG><a name="[5a]"></a>UART_TxInterruptHandler</STRONG> (Thumb, 64 bytes, Stack size 16 bytes, uart.o(i.UART_TxInterruptHandler))
<BR><BR>[Stack]<UL><LI>Max Depth = 52<LI>Call Chain = UART_TxInterruptHandler &rArr; UART_TxProcessData &rArr; DMA_Start
</UL>
<BR>[Calls]<UL><LI><a href="#[5d]">&gt;&gt;</a>&nbsp;&nbsp;&nbsp;UART_TxProcessData
</UL>
<BR>[Called By]<UL><LI><a href="#[32]">&gt;&gt;</a>&nbsp;&nbsp;&nbsp;UART_InterruptHandler
</UL>

<P><STRONG><a name="[3d]"></a>UartPinMuxConfig</STRONG> (Thumb, 112 bytes, Stack size 40 bytes, printf.o(i.UartPinMuxConfig))
<BR><BR>[Stack]<UL><LI>Max Depth = 72<LI>Call Chain = UartPinMuxConfig &rArr; GPIO_Init &rArr; GPIO_SetPullUp
</UL>
<BR>[Calls]<UL><LI><a href="#[4d]">&gt;&gt;</a>&nbsp;&nbsp;&nbsp;GPIO_Init
</UL>
<BR>[Called By]<UL><LI><a href="#[3c]">&gt;&gt;</a>&nbsp;&nbsp;&nbsp;DebugConsoleInit
</UL>

<P><STRONG><a name="[72]"></a>__scatterload_copy</STRONG> (Thumb, 14 bytes, Stack size unknown bytes, handlers.o(i.__scatterload_copy), UNUSED)

<P><STRONG><a name="[73]"></a>__scatterload_zeroinit</STRONG> (Thumb, 14 bytes, Stack size unknown bytes, handlers.o(i.__scatterload_zeroinit), UNUSED)

<P><STRONG><a name="[5e]"></a>etm_timerinit</STRONG> (Thumb, 84 bytes, Stack size 72 bytes, etm_module.o(i.etm_timerinit))
<BR><BR>[Stack]<UL><LI>Max Depth = 140<LI>Call Chain = etm_timerinit &rArr; ETM_InitTimeBase &rArr; ETM_StopTimeBase &rArr; ETM_WaitTbStop &rArr; SysTick_DelayUS
</UL>
<BR>[Calls]<UL><LI><a href="#[4a]">&gt;&gt;</a>&nbsp;&nbsp;&nbsp;ETM_StartTimeBase
<LI><a href="#[47]">&gt;&gt;</a>&nbsp;&nbsp;&nbsp;ETM_InitTimeBase
<LI><a href="#[60]">&gt;&gt;</a>&nbsp;&nbsp;&nbsp;ETM_EnableInterrupts
<LI><a href="#[51]">&gt;&gt;</a>&nbsp;&nbsp;&nbsp;PeriphClk_SetConfig
<LI><a href="#[5f]">&gt;&gt;</a>&nbsp;&nbsp;&nbsp;__aeabi_memclr4
</UL>
<BR>[Called By]<UL><LI><a href="#[2f]">&gt;&gt;</a>&nbsp;&nbsp;&nbsp;main
</UL>

<P><STRONG><a name="[61]"></a>gpio_output_init</STRONG> (Thumb, 28 bytes, Stack size 24 bytes, gpio_module.o(i.gpio_output_init))
<BR><BR>[Stack]<UL><LI>Max Depth = 56<LI>Call Chain = gpio_output_init &rArr; GPIO_Init &rArr; GPIO_SetPullUp
</UL>
<BR>[Calls]<UL><LI><a href="#[4d]">&gt;&gt;</a>&nbsp;&nbsp;&nbsp;GPIO_Init
</UL>
<BR>[Called By]<UL><LI><a href="#[2f]">&gt;&gt;</a>&nbsp;&nbsp;&nbsp;main
</UL>

<P><STRONG><a name="[2f]"></a>main</STRONG> (Thumb, 30 bytes, Stack size 0 bytes, gpio_example.o(i.main))
<BR><BR>[Stack]<UL><LI>Max Depth = 140<LI>Call Chain = main &rArr; etm_timerinit &rArr; ETM_InitTimeBase &rArr; ETM_StopTimeBase &rArr; ETM_WaitTbStop &rArr; SysTick_DelayUS
</UL>
<BR>[Calls]<UL><LI><a href="#[61]">&gt;&gt;</a>&nbsp;&nbsp;&nbsp;gpio_output_init
<LI><a href="#[5e]">&gt;&gt;</a>&nbsp;&nbsp;&nbsp;etm_timerinit
<LI><a href="#[62]">&gt;&gt;</a>&nbsp;&nbsp;&nbsp;SysTick_Init
<LI><a href="#[53]">&gt;&gt;</a>&nbsp;&nbsp;&nbsp;SysTick_DelayMS
<LI><a href="#[3c]">&gt;&gt;</a>&nbsp;&nbsp;&nbsp;DebugConsoleInit
</UL>
<BR>[Address Reference Count : 1]<UL><LI> entry9a.o(.ARM.Collect$$$$0000000B)
</UL><P>
<H3>
Local Symbols
</H3>
<P><STRONG><a name="[52]"></a>Clock_GetPllReferenceClock</STRONG> (Thumb, 10 bytes, Stack size 0 bytes, clock.o(i.Clock_GetPllReferenceClock))
<BR><BR>[Called By]<UL><LI><a href="#[51]">&gt;&gt;</a>&nbsp;&nbsp;&nbsp;PeriphClk_SetConfig
</UL>

<P><STRONG><a name="[3b]"></a>Clock_IsNowStable</STRONG> (Thumb, 10 bytes, Stack size 0 bytes, clock.o(i.Clock_IsNowStable))
<BR><BR>[Called By]<UL><LI><a href="#[51]">&gt;&gt;</a>&nbsp;&nbsp;&nbsp;PeriphClk_SetConfig
<LI><a href="#[3a]">&gt;&gt;</a>&nbsp;&nbsp;&nbsp;CLOCK_SetConfig
</UL>

<P><STRONG><a name="[4e]"></a>GPIO_GetInstance</STRONG> (Thumb, 22 bytes, Stack size 0 bytes, gpio.o(i.GPIO_GetInstance))
<BR><BR>[Called By]<UL><LI><a href="#[4d]">&gt;&gt;</a>&nbsp;&nbsp;&nbsp;GPIO_Init
</UL>

<P><STRONG><a name="[4f]"></a>GPIO_SetPullUp</STRONG> (Thumb, 68 bytes, Stack size 8 bytes, gpio.o(i.GPIO_SetPullUp))
<BR><BR>[Stack]<UL><LI>Max Depth = 8<LI>Call Chain = GPIO_SetPullUp
</UL>
<BR>[Called By]<UL><LI><a href="#[4d]">&gt;&gt;</a>&nbsp;&nbsp;&nbsp;GPIO_Init
</UL>

<P><STRONG><a name="[40]"></a>ETM_CommonIRQHandler</STRONG> (Thumb, 168 bytes, Stack size 8 bytes, etm.o(i.ETM_CommonIRQHandler), UNUSED)
<BR><BR>[Called By]<UL><LI><a href="#[46]">&gt;&gt;</a>&nbsp;&nbsp;&nbsp;ETM5_IRQHandler
<LI><a href="#[45]">&gt;&gt;</a>&nbsp;&nbsp;&nbsp;ETM4_IRQHandler
<LI><a href="#[44]">&gt;&gt;</a>&nbsp;&nbsp;&nbsp;ETM3_IRQHandler
<LI><a href="#[43]">&gt;&gt;</a>&nbsp;&nbsp;&nbsp;ETM2_IRQHandler
<LI><a href="#[41]">&gt;&gt;</a>&nbsp;&nbsp;&nbsp;ETM1_IRQHandler
<LI><a href="#[3f]">&gt;&gt;</a>&nbsp;&nbsp;&nbsp;ETM0_IRQHandler
</UL>

<P><STRONG><a name="[48]"></a>ETM_GetInstance</STRONG> (Thumb, 22 bytes, Stack size 0 bytes, etm.o(i.ETM_GetInstance))
<BR><BR>[Called By]<UL><LI><a href="#[47]">&gt;&gt;</a>&nbsp;&nbsp;&nbsp;ETM_InitTimeBase
</UL>

<P><STRONG><a name="[4b]"></a>ETM_WaitTbStop</STRONG> (Thumb, 38 bytes, Stack size 16 bytes, etm.o(i.ETM_WaitTbStop))
<BR><BR>[Stack]<UL><LI>Max Depth = 36<LI>Call Chain = ETM_WaitTbStop &rArr; SysTick_DelayUS
</UL>
<BR>[Calls]<UL><LI><a href="#[4c]">&gt;&gt;</a>&nbsp;&nbsp;&nbsp;SysTick_DelayUS
</UL>
<BR>[Called By]<UL><LI><a href="#[49]">&gt;&gt;</a>&nbsp;&nbsp;&nbsp;ETM_StopTimeBase
<LI><a href="#[4a]">&gt;&gt;</a>&nbsp;&nbsp;&nbsp;ETM_StartTimeBase
</UL>

<P><STRONG><a name="[50]"></a>DMA_CommonIRQHandler</STRONG> (Thumb, 128 bytes, Stack size 16 bytes, dma.o(i.DMA_CommonIRQHandler))
<BR><BR>[Stack]<UL><LI>Max Depth = 16<LI>Call Chain = DMA_CommonIRQHandler
</UL>
<BR>[Called By]<UL><LI><a href="#[13]">&gt;&gt;</a>&nbsp;&nbsp;&nbsp;INT20_Handler
</UL>

<P><STRONG><a name="[58]"></a>NVIC_EnableIRQ</STRONG> (Thumb, 14 bytes, Stack size 0 bytes, uart.o(i.NVIC_EnableIRQ))
<BR><BR>[Called By]<UL><LI><a href="#[3e]">&gt;&gt;</a>&nbsp;&nbsp;&nbsp;UART_Init
</UL>

<P><STRONG><a name="[32]"></a>UART_InterruptHandler</STRONG> (Thumb, 288 bytes, Stack size 24 bytes, uart.o(i.UART_InterruptHandler))
<BR><BR>[Stack]<UL><LI>Max Depth = 76<LI>Call Chain = UART_InterruptHandler &rArr; UART_TxInterruptHandler &rArr; UART_TxProcessData &rArr; DMA_Start
</UL>
<BR>[Calls]<UL><LI><a href="#[5a]">&gt;&gt;</a>&nbsp;&nbsp;&nbsp;UART_TxInterruptHandler
<LI><a href="#[59]">&gt;&gt;</a>&nbsp;&nbsp;&nbsp;UART_RxInterruptHandler
</UL>
<BR>[Address Reference Count : 1]<UL><LI> uart.o(i.UART_Init)
</UL>
<P><STRONG><a name="[5b]"></a>UART_RxProcessData</STRONG> (Thumb, 194 bytes, Stack size 16 bytes, uart.o(i.UART_RxProcessData))
<BR><BR>[Stack]<UL><LI>Max Depth = 36<LI>Call Chain = UART_RxProcessData &rArr; DMA_Start
</UL>
<BR>[Calls]<UL><LI><a href="#[5c]">&gt;&gt;</a>&nbsp;&nbsp;&nbsp;DMA_Start
</UL>
<BR>[Called By]<UL><LI><a href="#[59]">&gt;&gt;</a>&nbsp;&nbsp;&nbsp;UART_RxInterruptHandler
</UL>

<P><STRONG><a name="[5d]"></a>UART_TxProcessData</STRONG> (Thumb, 238 bytes, Stack size 16 bytes, uart.o(i.UART_TxProcessData))
<BR><BR>[Stack]<UL><LI>Max Depth = 36<LI>Call Chain = UART_TxProcessData &rArr; DMA_Start
</UL>
<BR>[Calls]<UL><LI><a href="#[5c]">&gt;&gt;</a>&nbsp;&nbsp;&nbsp;DMA_Start
</UL>
<BR>[Called By]<UL><LI><a href="#[5a]">&gt;&gt;</a>&nbsp;&nbsp;&nbsp;UART_TxInterruptHandler
</UL>
<P>
<H3>
Undefined Global Symbols
</H3><HR></body></html>
