Component: ARM Compiler 5.06 update 6 (build 750) Tool: armlink [4d35ed]

==============================================================================

Section Cross References

    gpio_example.o(i.main) refers to systick.o(i.SysTick_Init) for SysTick_Init
    gpio_example.o(i.main) refers to systick.o(i.SysTick_DelayMS) for SysTick_DelayMS
    gpio_example.o(i.main) refers to printf_1.o(i.DebugConsoleInit) for DebugConsoleInit
    gpio_example.o(i.main) refers to gpio_module.o(i.gpio_output_init) for gpio_output_init
    gpio_example.o(i.main) refers to gpio_module.o(i.gpio_input_init) for gpio_input_init
    gpio_example.o(i.main) refers to etm_module.o(i.etm1_timerinit) for etm1_timerinit
    gpio_example.o(i.main) refers to etm_module.o(i.etm2_timerinit) for etm2_timerinit
    gpio_example.o(i.main) refers to adc_module.o(i.adc_init) for adc_init
    gpio_example.o(i.main) refers to tm1640.o(i.aip1640_Init) for aip1640_Init
    gpio_example.o(i.main) refers to printf8.o(i.__0printf$8) for __2printf
    gpio_example.o(i.main) refers to sif_module.o(i.sif_process) for sif_process
    sysinit.o(i.SystemInit) refers to clock.o(i.OSC_SetConfig) for OSC_SetConfig
    sysinit.o(i.SystemInit) refers to clock.o(i.CLOCK_SetConfig) for CLOCK_SetConfig
    systick.o(i.SysTick_DelayAfterTick) refers to systick.o(.data) for .data
    systick.o(i.SysTick_DelayMS) refers to systick.o(i.SysTick_DelayUS) for SysTick_DelayUS
    systick.o(i.SysTick_DelayTicks) refers to systick.o(.data) for .data
    systick.o(i.SysTick_DelayUS) refers to systick.o(.data) for .data
    systick.o(i.SysTick_GetSysTime) refers to systick.o(.data) for .data
    systick.o(i.SysTick_Init) refers to systick.o(.data) for .data
    systick.o(i.SysTick_Init_Ex) refers to uidiv.o(.text) for __aeabi_uidivmod
    systick.o(i.SysTick_Init_Ex) refers to systick.o(.data) for .data
    systick.o(i.SysTick_Interval) refers to systick.o(.data) for .data
    systick.o(i.Systick_InterruptHandler) refers to systick.o(i.Systick_Callback) for Systick_Callback
    systick.o(i.Systick_InterruptHandler) refers to systick.o(.data) for .data
    systick.o(i.WaitTillTimeout) refers to systick.o(.data) for .data
    systick.o(i.WaitTimerInit) refers to systick.o(.data) for .data
    clock.o(i.CLOCK_SetConfig) refers to clock.o(i.Clock_IsNowStable) for Clock_IsNowStable
    clock.o(i.OSC_GetConfig) refers to clock.o(i.Clock_GetPllReferenceClock) for Clock_GetPllReferenceClock
    clock.o(i.PeriphClk_SetConfig) refers to clock.o(i.Clock_IsNowStable) for Clock_IsNowStable
    clock.o(i.PeriphClk_SetConfig) refers to clock.o(i.Clock_GetPllReferenceClock) for Clock_GetPllReferenceClock
    gpio.o(i.GPIO_DeInit) refers to gpio.o(i.GPIO_GetInstance) for GPIO_GetInstance
    gpio.o(i.GPIO_DeInit) refers to gpio.o(i.GPIO_SetPullUp) for GPIO_SetPullUp
    gpio.o(i.GPIO_DeInit) refers to gpio.o(.data) for .data
    gpio.o(i.GPIO_GetInstance) refers to gpio.o(.constdata) for .constdata
    gpio.o(i.GPIO_Init) refers to gpio.o(i.GPIO_GetInstance) for GPIO_GetInstance
    gpio.o(i.GPIO_Init) refers to gpio.o(i.GPIO_SetPullUp) for GPIO_SetPullUp
    gpio.o(i.GPIO_Init) refers to gpio.o(.data) for .data
    gpio.o(i.GPIO_Init) refers to gpio.o(.constdata) for .constdata
    gpio.o(i.GPIO_SetPinFilter) refers to gpio.o(i.GPIO_GetInstance) for GPIO_GetInstance
    etm.o(i.ETM0_IRQHandler) refers to etm.o(i.ETM_CommonIRQHandler) for ETM_CommonIRQHandler
    etm.o(i.ETM0_IRQHandler) refers to etm.o(.bss) for .bss
    etm.o(i.ETM1_IRQHandler) refers to etm.o(i.ETM_CommonIRQHandler) for ETM_CommonIRQHandler
    etm.o(i.ETM1_IRQHandler) refers to etm.o(.bss) for .bss
    etm.o(i.ETM2_IRQHandler) refers to etm.o(i.ETM_CommonIRQHandler) for ETM_CommonIRQHandler
    etm.o(i.ETM2_IRQHandler) refers to etm.o(.bss) for .bss
    etm.o(i.ETM3_IRQHandler) refers to etm.o(i.ETM_CommonIRQHandler) for ETM_CommonIRQHandler
    etm.o(i.ETM3_IRQHandler) refers to etm.o(.bss) for .bss
    etm.o(i.ETM4_IRQHandler) refers to etm.o(i.ETM_CommonIRQHandler) for ETM_CommonIRQHandler
    etm.o(i.ETM4_IRQHandler) refers to etm.o(.bss) for .bss
    etm.o(i.ETM5_IRQHandler) refers to etm.o(i.ETM_CommonIRQHandler) for ETM_CommonIRQHandler
    etm.o(i.ETM5_IRQHandler) refers to etm.o(.bss) for .bss
    etm.o(i.ETM_ConfigSync) refers to uread4.o(.text) for __aeabi_uread4
    etm.o(i.ETM_GetInstance) refers to etm.o(.constdata) for .constdata
    etm.o(i.ETM_InitCapture) refers to etm.o(i.ETM_GetInstance) for ETM_GetInstance
    etm.o(i.ETM_InitCapture) refers to etm.o(i.ETM_StopTimeBase) for ETM_StopTimeBase
    etm.o(i.ETM_InitCapture) refers to etm.o(.bss) for .bss
    etm.o(i.ETM_InitCapture) refers to etm.o(.constdata) for .constdata
    etm.o(i.ETM_InitTimeBase) refers to etm.o(i.ETM_GetInstance) for ETM_GetInstance
    etm.o(i.ETM_InitTimeBase) refers to etm.o(i.ETM_StopTimeBase) for ETM_StopTimeBase
    etm.o(i.ETM_InitTimeBase) refers to etm.o(.bss) for .bss
[...]
    startup_f6601c.o(RESET) refers to systick.o(i.Systick_InterruptHandler) for INT15_Handler
    startup_f6601c.o(RESET) refers to dma.o(i.INT20_Handler) for INT20_Handler
    startup_f6601c.o(RESET) refers to gpio_module.o(i.INT21_Handler) for INT21_Handler
    startup_f6601c.o(RESET) refers to adc.o(i.INT26_Handler) for INT26_Handler
    startup_f6601c.o(RESET) refers to etm.o(i.ETM0_IRQHandler) for INT27_Handler
    startup_f6601c.o(RESET) refers to etm.o(i.ETM1_IRQHandler) for INT28_Handler
    startup_f6601c.o(RESET) refers to etm.o(i.ETM2_IRQHandler) for INT29_Handler
    startup_f6601c.o(RESET) refers to etm.o(i.ETM3_IRQHandler) for INT30_Handler
    startup_f6601c.o(RESET) refers to uart.o(i.UART0_InterruptHandler) for INT34_Handler
    startup_f6601c.o(RESET) refers to uart.o(i.UART1_InterruptHandler) for INT35_Handler
    startup_f6601c.o(RESET) refers to uart.o(i.UART2_InterruptHandler) for INT36_Handler
    startup_f6601c.o(RESET) refers to etm.o(i.ETM4_IRQHandler) for INT40_Handler
    startup_f6601c.o(RESET) refers to etm.o(i.ETM5_IRQHandler) for INT41_Handler
    startup_f6601c.o(.text) refers to sysinit.o(i.SystemInit) for SystemInit
    startup_f6601c.o(.text) refers to entry.o(.ARM.Collect$$$$00000000) for __main
    entry.o(.ARM.Collect$$$$00000000) refers (Special) to entry10a.o(.ARM.Collect$$$$0000000D) for __rt_final_cpp
    entry.o(.ARM.Collect$$$$00000000) refers (Special) to entry11a.o(.ARM.Collect$$$$0000000F) for __rt_final_exit
    entry.o(.ARM.Collect$$$$00000000) refers (Special) to entry7b.o(.ARM.Collect$$$$00000008) for _main_clock
    entry.o(.ARM.Collect$$$$00000000) refers (Special) to entry8b.o(.ARM.Collect$$$$0000000A) for _main_cpp_init
    entry.o(.ARM.Collect$$$$00000000) refers (Special) to entry9a.o(.ARM.Collect$$$$0000000B) for _main_init
    entry.o(.ARM.Collect$$$$00000000) refers (Special) to entry5.o(.ARM.Collect$$$$00000004) for _main_scatterload
    entry.o(.ARM.Collect$$$$00000000) refers (Special) to entry2.o(.ARM.Collect$$$$00000001) for _main_stk
    printfb.o(i.__0fprintf$bare) refers to printfb.o(i._printf_core) for _printf_core
    printfb.o(i.__0fprintf$bare) refers to printf_1.o(i.fputc) for fputc
    printfb.o(i.__0printf$bare) refers to printfb.o(i._printf_core) for _printf_core
    printfb.o(i.__0printf$bare) refers to printf_1.o(i.fputc) for fputc
    printfb.o(i.__0printf$bare) refers to stdout.o(.data) for __stdout
    printfb.o(i.__0snprintf$bare) refers to printfb.o(i._printf_core) for _printf_core
    printfb.o(i.__0snprintf$bare) refers to printfb.o(i._snputc) for _snputc
    printfb.o(i.__0sprintf$bare) refers to printfb.o(i._printf_core) for _printf_core
    printfb.o(i.__0sprintf$bare) refers to printfb.o(i._sputc) for _sputc
    printfb.o(i.__0vfprintf$bare) refers to printfb.o(i._printf_core) for _printf_core
    printfb.o(i.__0vfprintf$bare) refers to printf_1.o(i.fputc) for fputc
    printfb.o(i.__0vprintf$bare) refers to printfb.o(i._printf_core) for _printf_core
    printfb.o(i.__0vprintf$bare) refers to printf_1.o(i.fputc) for fputc
    printfb.o(i.__0vprintf$bare) refers to stdout.o(.data) for __stdout
    printfb.o(i.__0vsnprintf$bare) refers to printfb.o(i._printf_core) for _printf_core
    printfb.o(i.__0vsnprintf$bare) refers to printfb.o(i._snputc) for _snputc
    printfb.o(i.__0vsprintf$bare) refers to printfb.o(i._printf_core) for _printf_core
    printfb.o(i.__0vsprintf$bare) refers to printfb.o(i._sputc) for _sputc
    printf0.o(i.__0fprintf$0) refers to printf0.o(i._printf_core) for _printf_core
    printf0.o(i.__0fprintf$0) refers to printf_1.o(i.fputc) for fputc
    printf0.o(i.__0printf$0) refers to printf0.o(i._printf_core) for _printf_core
    printf0.o(i.__0printf$0) refers to printf_1.o(i.fputc) for fputc
    printf0.o(i.__0printf$0) refers to stdout.o(.data) for __stdout
    printf0.o(i.__0snprintf$0) refers to printf0.o(i._printf_core) for _printf_core
    printf0.o(i.__0snprintf$0) refers to printf0.o(i._snputc) for _snputc
    printf0.o(i.__0sprintf$0) refers to printf0.o(i._printf_core) for _printf_core
    printf0.o(i.__0sprintf$0) refers to printf0.o(i._sputc) for _sputc
    printf0.o(i.__0vfprintf$0) refers to printf0.o(i._printf_core) for _printf_core
    printf0.o(i.__0vfprintf$0) refers to printf_1.o(i.fputc) for fputc
    printf0.o(i.__0vprintf$0) refers to printf0.o(i._printf_core) for _printf_core
    printf0.o(i.__0vprintf$0) refers to printf_1.o(i.fputc) for fputc
    printf0.o(i.__0vprintf$0) refers to stdout.o(.data) for __stdout
    printf0.o(i.__0vsnprintf$0) refers to printf0.o(i._printf_core) for _printf_core
    printf0.o(i.__0vsnprintf$0) refers to printf0.o(i._snputc) for _snputc
    printf0.o(i.__0vsprintf$0) refers to printf0.o(i._printf_core) for _printf_core
    printf0.o(i.__0vsprintf$0) refers to printf0.o(i._sputc) for _sputc
    printf1.o(i.__0fprintf$1) refers to printf1.o(i._printf_core) for _printf_core
    printf1.o(i.__0fprintf$1) refers to printf_1.o(i.fputc) for fputc
    printf1.o(i.__0printf$1) refers to printf1.o(i._printf_core) for _printf_core
    printf1.o(i.__0printf$1) refers to printf_1.o(i.fputc) for fputc
    printf1.o(i.__0printf$1) refers to stdout.o(.data) for __stdout
    printf1.o(i.__0snprintf$1) refers to printf1.o(i._printf_core) for _printf_core
    printf1.o(i.__0snprintf$1) refers to printf1.o(i._snputc) for _snputc
    printf1.o(i.__0sprintf$1) refers to printf1.o(i._printf_core) for _printf_core
    printf1.o(i.__0sprintf$1) refers to printf1.o(i._sputc) for _sputc
    printf1.o(i.__0vfprintf$1) refers to printf1.o(i._printf_core) for _printf_core
    printf1.o(i.__0vfprintf$1) refers to printf_1.o(i.fputc) for fputc
    printf1.o(i.__0vprintf$1) refers to printf1.o(i._printf_core) for _printf_core
    printf1.o(i.__0vprintf$1) refers to printf_1.o(i.fputc) for fputc
    printf1.o(i.__0vprintf$1) refers to stdout.o(.data) for __stdout
    printf1.o(i.__0vsnprintf$1) refers to printf1.o(i._printf_core) for _printf_core
    printf1.o(i.__0vsnprintf$1) refers to printf1.o(i._snputc) for _snputc
    printf1.o(i.__0vsprintf$1) refers to printf1.o(i._printf_core) for _printf_core
    printf1.o(i.__0vsprintf$1) refers to printf1.o(i._sputc) for _sputc
    printf1.o(i._printf_core) refers to uidiv.o(.text) for __aeabi_uidivmod
    printf2.o(i.__0fprintf$2) refers to printf2.o(i._printf_core) for _printf_core
    printf2.o(i.__0fprintf$2) refers to printf_1.o(i.fputc) for fputc
    printf2.o(i.__0printf$2) refers to printf2.o(i._printf_core) for _printf_core
    printf2.o(i.__0printf$2) refers to printf_1.o(i.fputc) for fputc
    printf2.o(i.__0printf$2) refers to stdout.o(.data) for __stdout
    printf2.o(i.__0snprintf$2) refers to printf2.o(i._printf_core) for _printf_core
    printf2.o(i.__0snprintf$2) refers to printf2.o(i._snputc) for _snputc
    printf2.o(i.__0sprintf$2) refers to printf2.o(i._printf_core) for _printf_core
    printf2.o(i.__0sprintf$2) refers to printf2.o(i._sputc) for _sputc
    printf2.o(i.__0vfprintf$2) refers to printf2.o(i._printf_core) for _printf_core
    printf2.o(i.__0vfprintf$2) refers to printf_1.o(i.fputc) for fputc
    printf2.o(i.__0vprintf$2) refers to printf2.o(i._printf_core) for _printf_core
    printf2.o(i.__0vprintf$2) refers to printf_1.o(i.fputc) for fputc
    printf2.o(i.__0vprintf$2) refers to stdout.o(.data) for __stdout
    printf2.o(i.__0vsnprintf$2) refers to printf2.o(i._printf_core) for _printf_core
    printf2.o(i.__0vsnprintf$2) refers to printf2.o(i._snputc) for _snputc
    printf2.o(i.__0vsprintf$2) refers to printf2.o(i._printf_core) for _printf_core
    printf2.o(i.__0vsprintf$2) refers to printf2.o(i._sputc) for _sputc
    printf3.o(i.__0fprintf$3) refers to printf3.o(i._printf_core) for _printf_core
    printf3.o(i.__0fprintf$3) refers to printf_1.o(i.fputc) for fputc
    printf3.o(i.__0printf$3) refers to printf3.o(i._printf_core) for _printf_core
    printf3.o(i.__0printf$3) refers to printf_1.o(i.fputc) for fputc
    printf3.o(i.__0printf$3) refers to stdout.o(.data) for __stdout
    printf3.o(i.__0snprintf$3) refers to printf3.o(i._printf_core) for _printf_core
    printf3.o(i.__0snprintf$3) refers to printf3.o(i._snputc) for _snputc
    printf3.o(i.__0sprintf$3) refers to printf3.o(i._printf_core) for _printf_core
    printf3.o(i.__0sprintf$3) refers to printf3.o(i._sputc) for _sputc
    printf3.o(i.__0vfprintf$3) refers to printf3.o(i._printf_core) for _printf_core
    printf3.o(i.__0vfprintf$3) refers to printf_1.o(i.fputc) for fputc
    printf3.o(i.__0vprintf$3) refers to printf3.o(i._printf_core) for _printf_core
    printf3.o(i.__0vprintf$3) refers to printf_1.o(i.fputc) for fputc
    printf3.o(i.__0vprintf$3) refers to stdout.o(.data) for __stdout
    printf3.o(i.__0vsnprintf$3) refers to printf3.o(i._printf_core) for _printf_core
    printf3.o(i.__0vsnprintf$3) refers to printf3.o(i._snputc) for _snputc
    printf3.o(i.__0vsprintf$3) refers to printf3.o(i._printf_core) for _printf_core
    printf3.o(i.__0vsprintf$3) refers to printf3.o(i._sputc) for _sputc
    printf3.o(i._printf_core) refers to uidiv.o(.text) for __aeabi_uidivmod
    printf4.o(i.__0fprintf$4) refers to printf4.o(i._printf_core) for _printf_core
    printf4.o(i.__0fprintf$4) refers to printf_1.o(i.fputc) for fputc
    printf4.o(i.__0printf$4) refers to printf4.o(i._printf_core) for _printf_core
    printf4.o(i.__0printf$4) refers to printf_1.o(i.fputc) for fputc
    printf4.o(i.__0printf$4) refers to stdout.o(.data) for __stdout
    printf4.o(i.__0snprintf$4) refers to printf4.o(i._printf_core) for _printf_core
    printf4.o(i.__0snprintf$4) refers to printf4.o(i._snputc) for _snputc
    printf4.o(i.__0sprintf$4) refers to printf4.o(i._printf_core) for _printf_core
    printf4.o(i.__0sprintf$4) refers to printf4.o(i._sputc) for _sputc
    printf4.o(i.__0vfprintf$4) refers to printf4.o(i._printf_core) for _printf_core
    printf4.o(i.__0vfprintf$4) refers to printf_1.o(i.fputc) for fputc
    printf4.o(i.__0vprintf$4) refers to printf4.o(i._printf_core) for _printf_core
    printf4.o(i.__0vprintf$4) refers to printf_1.o(i.fputc) for fputc
    printf4.o(i.__0vprintf$4) refers to stdout.o(.data) for __stdout
    printf4.o(i.__0vsnprintf$4) refers to printf4.o(i._printf_core) for _printf_core
    printf4.o(i.__0vsnprintf$4) refers to printf4.o(i._snputc) for _snputc
    printf4.o(i.__0vsprintf$4) refers to printf4.o(i._printf_core) for _printf_core
    printf4.o(i.__0vsprintf$4) refers to printf4.o(i._sputc) for _sputc
    printf4.o(i._printf_core) refers to uldiv.o(.text) for __aeabi_uldivmod
    printf5.o(i.__0fprintf$5) refers to printf5.o(i._printf_core) for _printf_core
    printf5.o(i.__0fprintf$5) refers to printf_1.o(i.fputc) for fputc
    printf5.o(i.__0printf$5) refers to printf5.o(i._printf_core) for _printf_core
    printf5.o(i.__0printf$5) refers to printf_1.o(i.fputc) for fputc
    printf5.o(i.__0printf$5) refers to stdout.o(.data) for __stdout
    printf5.o(i.__0snprintf$5) refers to printf5.o(i._printf_core) for _printf_core
    printf5.o(i.__0snprintf$5) refers to printf5.o(i._snputc) for _snputc
    printf5.o(i.__0sprintf$5) refers to printf5.o(i._printf_core) for _printf_core
    printf5.o(i.__0sprintf$5) refers to printf5.o(i._sputc) for _sputc
    printf5.o(i.__0vfprintf$5) refers to printf5.o(i._printf_core) for _printf_core
    printf5.o(i.__0vfprintf$5) refers to printf_1.o(i.fputc) for fputc
    printf5.o(i.__0vprintf$5) refers to printf5.o(i._printf_core) for _printf_core
    printf5.o(i.__0vprintf$5) refers to printf_1.o(i.fputc) for fputc
    printf5.o(i.__0vprintf$5) refers to stdout.o(.data) for __stdout
    printf5.o(i.__0vsnprintf$5) refers to printf5.o(i._printf_core) for _printf_core
    printf5.o(i.__0vsnprintf$5) refers to printf5.o(i._snputc) for _snputc
    printf5.o(i.__0vsprintf$5) refers to printf5.o(i._printf_core) for _printf_core
    printf5.o(i.__0vsprintf$5) refers to printf5.o(i._sputc) for _sputc
    printf5.o(i._printf_core) refers to uldiv.o(.text) for __aeabi_uldivmod
    printf6.o(i.__0fprintf$6) refers to printf6.o(i._printf_core) for _printf_core
    printf6.o(i.__0fprintf$6) refers to printf_1.o(i.fputc) for fputc
    printf6.o(i.__0printf$6) refers to printf6.o(i._printf_core) for _printf_core
    printf6.o(i.__0printf$6) refers to printf_1.o(i.fputc) for fputc
    printf6.o(i.__0printf$6) refers to stdout.o(.data) for __stdout
    printf6.o(i.__0snprintf$6) refers to printf6.o(i._printf_core) for _printf_core
    printf6.o(i.__0snprintf$6) refers to printf6.o(i._snputc) for _snputc
    printf6.o(i.__0sprintf$6) refers to printf6.o(i._printf_core) for _printf_core
    printf6.o(i.__0sprintf$6) refers to printf6.o(i._sputc) for _sputc
    printf6.o(i.__0vfprintf$6) refers to printf6.o(i._printf_core) for _printf_core
    printf6.o(i.__0vfprintf$6) refers to printf_1.o(i.fputc) for fputc
    printf6.o(i.__0vprintf$6) refers to printf6.o(i._printf_core) for _printf_core
    printf6.o(i.__0vprintf$6) refers to printf_1.o(i.fputc) for fputc
    printf6.o(i.__0vprintf$6) refers to stdout.o(.data) for __stdout
    printf6.o(i.__0vsnprintf$6) refers to printf6.o(i._printf_core) for _printf_core
    printf6.o(i.__0vsnprintf$6) refers to printf6.o(i._snputc) for _snputc
    printf6.o(i.__0vsprintf$6) refers to printf6.o(i._printf_core) for _printf_core
    printf6.o(i.__0vsprintf$6) refers to printf6.o(i._sputc) for _sputc
    printf6.o(i._printf_core) refers to printf6.o(i._printf_pre_padding) for _printf_pre_padding
    printf6.o(i._printf_core) refers to printf6.o(i._printf_post_padding) for _printf_post_padding
    printf6.o(i._printf_core) refers to uidiv.o(.text) for __aeabi_uidivmod
    printf7.o(i.__0fprintf$7) refers to printf7.o(i._printf_core) for _printf_core
    printf7.o(i.__0fprintf$7) refers to printf_1.o(i.fputc) for fputc
    printf7.o(i.__0printf$7) refers to printf7.o(i._printf_core) for _printf_core
    printf7.o(i.__0printf$7) refers to printf_1.o(i.fputc) for fputc
    printf7.o(i.__0printf$7) refers to stdout.o(.data) for __stdout
    printf7.o(i.__0snprintf$7) refers to printf7.o(i._printf_core) for _printf_core
    printf7.o(i.__0snprintf$7) refers to printf7.o(i._snputc) for _snputc
    printf7.o(i.__0sprintf$7) refers to printf7.o(i._printf_core) for _printf_core
    printf7.o(i.__0sprintf$7) refers to printf7.o(i._sputc) for _sputc
    printf7.o(i.__0vfprintf$7) refers to printf7.o(i._printf_core) for _printf_core
    printf7.o(i.__0vfprintf$7) refers to printf_1.o(i.fputc) for fputc
    printf7.o(i.__0vprintf$7) refers to printf7.o(i._printf_core) for _printf_core
    printf7.o(i.__0vprintf$7) refers to printf_1.o(i.fputc) for fputc
    printf7.o(i.__0vprintf$7) refers to stdout.o(.data) for __stdout
    printf7.o(i.__0vsnprintf$7) refers to printf7.o(i._printf_core) for _printf_core
    printf7.o(i.__0vsnprintf$7) refers to printf7.o(i._snputc) for _snputc
    printf7.o(i.__0vsprintf$7) refers to printf7.o(i._printf_core) for _printf_core
    printf7.o(i.__0vsprintf$7) refers to printf7.o(i._sputc) for _sputc
    printf7.o(i._printf_core) refers to printf7.o(i._printf_pre_padding) for _printf_pre_padding
    printf7.o(i._printf_core) refers to printf7.o(i._printf_post_padding) for _printf_post_padding
    printf7.o(i._printf_core) refers to uldiv.o(.text) for __aeabi_uldivmod
    printf8.o(i.__0fprintf$8) refers to printf8.o(i._printf_core) for _printf_core
    printf8.o(i.__0fprintf$8) refers to printf_1.o(i.fputc) for fputc
    printf8.o(i.__0printf$8) refers to printf8.o(i._printf_core) for _printf_core
    printf8.o(i.__0printf$8) refers to printf_1.o(i.fputc) for fputc
    printf8.o(i.__0printf$8) refers to stdout.o(.data) for __stdout
    printf8.o(i.__0snprintf$8) refers to printf8.o(i._printf_core) for _printf_core
    printf8.o(i.__0snprintf$8) refers to printf8.o(i._snputc) for _snputc
    printf8.o(i.__0sprintf$8) refers to printf8.o(i._printf_core) for _printf_core
    printf8.o(i.__0sprintf$8) refers to printf8.o(i._sputc) for _sputc
    printf8.o(i.__0vfprintf$8) refers to printf8.o(i._printf_core) for _printf_core
    printf8.o(i.__0vfprintf$8) refers to printf_1.o(i.fputc) for fputc
    printf8.o(i.__0vprintf$8) refers to printf8.o(i._printf_core) for _printf_core
    printf8.o(i.__0vprintf$8) refers to printf_1.o(i.fputc) for fputc
    printf8.o(i.__0vprintf$8) refers to stdout.o(.data) for __stdout
    printf8.o(i.__0vsnprintf$8) refers to printf8.o(i._printf_core) for _printf_core
    printf8.o(i.__0vsnprintf$8) refers to printf8.o(i._snputc) for _snputc
    printf8.o(i.__0vsprintf$8) refers to printf8.o(i._printf_core) for _printf_core
    printf8.o(i.__0vsprintf$8) refers to printf8.o(i._sputc) for _sputc
    printf8.o(i._printf_core) refers to printf8.o(i._printf_pre_padding) for _printf_pre_padding
    printf8.o(i._printf_core) refers to printf8.o(i._printf_post_padding) for _printf_post_padding
    printf8.o(i._printf_core) refers to uldiv.o(.text) for __aeabi_uldivmod
    printfa.o(i.__0fprintf) refers (Special) to iusefp.o(.text) for __I$use$fp
    printfa.o(i.__0fprintf) refers to printfa.o(i._printf_core) for _printf_core
    printfa.o(i.__0fprintf) refers to printf_1.o(i.fputc) for fputc
    printfa.o(i.__0printf) refers (Special) to iusefp.o(.text) for __I$use$fp
    printfa.o(i.__0printf) refers to printfa.o(i._printf_core) for _printf_core
    printfa.o(i.__0printf) refers to printf_1.o(i.fputc) for fputc
    printfa.o(i.__0printf) refers to stdout.o(.data) for __stdout
    printfa.o(i.__0snprintf) refers (Special) to iusefp.o(.text) for __I$use$fp
    printfa.o(i.__0snprintf) refers to printfa.o(i._printf_core) for _printf_core
    printfa.o(i.__0snprintf) refers to printfa.o(i._snputc) for _snputc
    printfa.o(i.__0sprintf) refers (Special) to iusefp.o(.text) for __I$use$fp
    printfa.o(i.__0sprintf) refers to printfa.o(i._printf_core) for _printf_core
    printfa.o(i.__0sprintf) refers to printfa.o(i._sputc) for _sputc
    printfa.o(i.__0vfprintf) refers (Special) to iusefp.o(.text) for __I$use$fp
    printfa.o(i.__0vfprintf) refers to printfa.o(i._printf_core) for _printf_core
    printfa.o(i.__0vfprintf) refers to printf_1.o(i.fputc) for fputc
    printfa.o(i.__0vprintf) refers (Special) to iusefp.o(.text) for __I$use$fp
    printfa.o(i.__0vprintf) refers to printfa.o(i._printf_core) for _printf_core
    printfa.o(i.__0vprintf) refers to printf_1.o(i.fputc) for fputc
    printfa.o(i.__0vprintf) refers to stdout.o(.data) for __stdout
    printfa.o(i.__0vsnprintf) refers (Special) to iusefp.o(.text) for __I$use$fp
    printfa.o(i.__0vsnprintf) refers to printfa.o(i._printf_core) for _printf_core
    printfa.o(i.__0vsnprintf) refers to printfa.o(i._snputc) for _snputc
    printfa.o(i.__0vsprintf) refers (Special) to iusefp.o(.text) for __I$use$fp
    printfa.o(i.__0vsprintf) refers to printfa.o(i._printf_core) for _printf_core
    printfa.o(i.__0vsprintf) refers to printfa.o(i._sputc) for _sputc
    printfa.o(i._fp_digits) refers (Special) to iusefp.o(.text) for __I$use$fp
    printfa.o(i._fp_digits) refers to dmul.o(.text) for __aeabi_dmul
    printfa.o(i._fp_digits) refers to ddiv.o(.text) for __aeabi_ddiv
    printfa.o(i._fp_digits) refers to cdrcmple.o(.text) for __aeabi_cdrcmple
    printfa.o(i._fp_digits) refers to dadd.o(.text) for __aeabi_dadd
    printfa.o(i._fp_digits) refers to dfixul.o(.text) for __aeabi_d2ulz
    printfa.o(i._fp_digits) refers to uldiv.o(.text) for __aeabi_uldivmod
    printfa.o(i._printf_core) refers (Special) to iusefp.o(.text) for __I$use$fp
    printfa.o(i._printf_core) refers to printfa.o(i._printf_pre_padding) for _printf_pre_padding
    printfa.o(i._printf_core) refers to uldiv.o(.text) for __aeabi_uldivmod
    printfa.o(i._printf_core) refers to printfa.o(i._printf_post_padding) for _printf_post_padding
    printfa.o(i._printf_core) refers to printfa.o(i._fp_digits) for _fp_digits
    printfa.o(i._printf_core) refers to uidiv.o(.text) for __aeabi_uidivmod
    printfa.o(i._printf_post_padding) refers (Special) to iusefp.o(.text) for __I$use$fp
    printfa.o(i._printf_pre_padding) refers (Special) to iusefp.o(.text) for __I$use$fp
    printfa.o(i._snputc) refers (Special) to iusefp.o(.text) for __I$use$fp
    printfa.o(i._sputc) refers (Special) to iusefp.o(.text) for __I$use$fp
    entry2.o(.ARM.Collect$$$$00000001) refers to entry2.o(.ARM.Collect$$$$00002712) for __lit__00000000
    entry2.o(.ARM.Collect$$$$00002712) refers to startup_f6601c.o(STACK) for __initial_sp
    entry2.o(__vectab_stack_and_reset_area) refers to startup_f6601c.o(STACK) for __initial_sp
    entry2.o(__vectab_stack_and_reset_area) refers to entry.o(.ARM.Collect$$$$00000000) for __main
    entry5.o(.ARM.Collect$$$$00000004) refers to init.o(.text) for __scatterload
    entry9a.o(.ARM.Collect$$$$0000000B) refers to gpio_example.o(i.main) for main
    entry9b.o(.ARM.Collect$$$$0000000C) refers to gpio_example.o(i.main) for main
    uldiv.o(.text) refers to llushr.o(.text) for __aeabi_llsr
    uldiv.o(.text) refers to llshl.o(.text) for __aeabi_llsl
    dadd.o(.text) refers to llshl.o(.text) for __aeabi_llsl
    dadd.o(.text) refers to llsshr.o(.text) for __aeabi_lasr
    dadd.o(.text) refers to depilogue.o(.text) for _double_epilogue
    dmul.o(.text) refers to depilogue.o(.text) for _double_epilogue
    ddiv.o(.text) refers to depilogue.o(.text) for _double_round
    dfixul.o(.text) refers to llushr.o(.text) for __aeabi_llsr
    dfixul.o(.text) refers to llshl.o(.text) for __aeabi_llsl
    init.o(.text) refers to entry5.o(.ARM.Collect$$$$00000004) for __main_after_scatterload
    depilogue.o(.text) refers to depilogue.o(i.__ARM_clz) for __ARM_clz
    depilogue.o(.text) refers to llshl.o(.text) for __aeabi_llsl
    depilogue.o(.text) refers to llushr.o(.text) for __aeabi_llsr


==============================================================================

Removing Unused input sections from the image.

    Removing gpio_example.o(.rev16_text), (4 bytes).
    Removing gpio_example.o(.revsh_text), (4 bytes).
    Removing sysinit.o(.rev16_text), (4 bytes).
    Removing sysinit.o(.revsh_text), (4 bytes).
    Removing systick.o(.rev16_text), (4 bytes).
    Removing systick.o(.revsh_text), (4 bytes).
    Removing systick.o(i.SysTick_DelayAfterTick), (48 bytes).
    Removing systick.o(i.SysTick_DelayTicks), (48 bytes).
    Removing systick.o(i.SysTick_Disable), (16 bytes).
    Removing systick.o(i.SysTick_Get), (12 bytes).
    Removing systick.o(i.SysTick_GetSysTime), (12 bytes).
    Removing systick.o(i.SysTick_Init_Ex), (112 bytes).
    Removing systick.o(i.SysTick_Interval), (24 bytes).
    Removing common.o(.rev16_text), (4 bytes).
    Removing common.o(.revsh_text), (4 bytes).
    Removing clock.o(.rev16_text), (4 bytes).
    Removing clock.o(.revsh_text), (4 bytes).
    Removing clock.o(i.CLOCK_GetConfig), (44 bytes).
    Removing clock.o(i.OSC_GetConfig), (92 bytes).
    Removing clock.o(i.PeriphClk_GetConfig), (92 bytes).
    Removing gpio.o(.rev16_text), (4 bytes).
    Removing gpio.o(.revsh_text), (4 bytes).
    Removing gpio.o(i.GPIO_DeInit), (168 bytes).
    Removing gpio.o(i.GPIO_PinRead), (14 bytes).
    Removing gpio.o(i.GPIO_PinToggle), (30 bytes).
    Removing gpio.o(i.GPIO_SetPinDirection), (34 bytes).
    Removing gpio.o(i.GPIO_SetPinFilter), (384 bytes).
    Removing gpio.o(i.GPIO_TriggerADC), (16 bytes).
    Removing etm.o(.rev16_text), (4 bytes).
    Removing etm.o(.revsh_text), (4 bytes).
    Removing etm.o(i.ETM_ConfigSync), (84 bytes).
    Removing etm.o(i.ETM_DisableInterrupts), (8 bytes).
    Removing etm.o(i.ETM_GetCaptureValue), (24 bytes).
    Removing etm.o(i.ETM_InitCapture), (144 bytes).
    Removing etm.o(i.ETM_SetPWMChannel), (132 bytes).
    Removing etm.o(i.ETM_SetPWMDuty), (28 bytes).
    Removing etm.o(i.ETM_SetSoftwareForceOutput), (42 bytes).
    Removing etm.o(i.ETM_SetSyncSource), (64 bytes).
    Removing etm.o(i.ETM_SetTriggerMode), (82 bytes).
    Removing etm.o(i.ETM_StartCapture), (24 bytes).
    Removing etm.o(i.ETM_StartPWM), (24 bytes).
    Removing etm.o(i.ETM_StopCapture), (30 bytes).
    Removing etm.o(i.ETM_StopPWM), (14 bytes).
    Removing etm.o(i.ETM_TriggerADC), (30 bytes).
    Removing etm.o(.data), (4 bytes).
    Removing dma.o(.rev16_text), (4 bytes).
    Removing dma.o(.revsh_text), (4 bytes).
    Removing dma.o(i.DMA_GetDefaultConfig), (12 bytes).
    Removing uart.o(.rev16_text), (4 bytes).
    Removing uart.o(.revsh_text), (4 bytes).
    Removing uart.o(i.NVIC_DisableIRQ), (20 bytes).
    Removing uart.o(i.UART_ClearRx), (46 bytes).
    Removing uart.o(i.UART_DMAConfig), (232 bytes).
    Removing uart.o(i.UART_DeInit), (52 bytes).
    Removing uart.o(i.UART_DisableInterrupts), (68 bytes).
    Removing uart.o(i.UART_EnableInterrupts), (140 bytes).
    Removing uart.o(i.UART_GetChar), (6 bytes).
    Removing uart.o(i.UART_GetFifoData), (38 bytes).
    Removing uart.o(i.UART_GetTransferStatus), (192 bytes).
    Removing uart.o(i.UART_Receive), (256 bytes).
    Removing uart.o(i.UART_RxDMACallback), (62 bytes).
    Removing uart.o(i.UART_SetMode), (74 bytes).
    Removing uart.o(i.UART_TransferConfig), (180 bytes).
    Removing uart.o(i.UART_Transmit), (216 bytes).
    Removing uart.o(i.UART_TxDMACallback), (62 bytes).
    Removing adc.o(.rev16_text), (4 bytes).
    Removing adc.o(.revsh_text), (4 bytes).
    Removing adc.o(i.ACMP_TRIGER_ADC), (4 bytes).
    Removing adc.o(i.ADC_CompareConfig), (78 bytes).
    Removing adc.o(i.ADC_CompareModeDisable), (38 bytes).
    Removing adc.o(i.ADC_CompareModeEnable), (38 bytes).
    Removing adc.o(i.ADC_DeInit), (68 bytes).
    Removing adc.o(i.ADC_SequenceConfig), (112 bytes).
    Removing adc.o(i.GPIO_TRIGER_ADC), (4 bytes).
    Removing adc.o(i.RTC_TRIGER_ADC), (4 bytes).
    Removing gpio_module.o(.rev16_text), (4 bytes).
    Removing gpio_module.o(.revsh_text), (4 bytes).
    Removing gpio_module.o(i.gpio_interrupt_falling_init), (36 bytes).
    Removing etm_module.o(.rev16_text), (4 bytes).
    Removing etm_module.o(.revsh_text), (4 bytes).
    Removing sif_module.o(.rev16_text), (4 bytes).
    Removing sif_module.o(.revsh_text), (4 bytes).
    Removing sif_module.o(i.Receive_Data_Baud_Adjust_Bit_Handle), (264 bytes).
    Removing sif_module.o(.data), (4 bytes).
    Removing tm1640.o(.rev16_text), (4 bytes).
    Removing tm1640.o(.revsh_text), (4 bytes).
    Removing tm1640.o(i.aip1640_WriteEightSegmentCode), (20 bytes).
    Removing adc_module.o(.rev16_text), (4 bytes).
    Removing adc_module.o(.revsh_text), (4 bytes).
    Removing printf_1.o(.rev16_text), (4 bytes).
    Removing printf_1.o(.revsh_text), (4 bytes).
    Removing startup_f6601c.o(HEAP), (0 bytes).
    Removing dadd.o(.text), (356 bytes).
    Removing dmul.o(.text), (208 bytes).
    Removing ddiv.o(.text), (240 bytes).
    Removing dfixul.o(.text), (64 bytes).
    Removing cdrcmple.o(.text), (40 bytes).
    Removing depilogue.o(.text), (190 bytes).
    Removing sif_module.o(i.__ARM_common_switch8), (26 bytes).
    Removing depilogue.o(i.__ARM_clz), (46 bytes).

100 unused section(s) (total 5504 bytes) removed from the image.

==============================================================================

Image Symbol Table

    Local Symbols

    Symbol Name                              Value     Ov Type        Size  Object(Section)

    RESET                                    0x00000000   Section      192  startup_f6601c.o(RESET)
    ../clib/../cmprslib/zerorunl2.c          0x00000000   Number         0  __dczerorl2.o ABSOLUTE
    ../clib/microlib/division.c              0x00000000   Number         0  uldiv.o ABSOLUTE
    ../clib/microlib/division.c              0x00000000   Number         0  uidiv.o ABSOLUTE
    ../clib/microlib/init/entry.s            0x00000000   Number         0  entry10a.o ABSOLUTE
    ../clib/microlib/init/entry.s            0x00000000   Number         0  entry10b.o ABSOLUTE
    ../clib/microlib/init/entry.s            0x00000000   Number         0  entry11a.o ABSOLUTE
    ../clib/microlib/init/entry.s            0x00000000   Number         0  entry11b.o ABSOLUTE
    ../clib/microlib/init/entry.s            0x00000000   Number         0  entry2.o ABSOLUTE
    ../clib/microlib/init/entry.s            0x00000000   Number         0  entry5.o ABSOLUTE
    ../clib/microlib/init/entry.s            0x00000000   Number         0  entry7a.o ABSOLUTE
    ../clib/microlib/init/entry.s            0x00000000   Number         0  entry7b.o ABSOLUTE
    ../clib/microlib/init/entry.s            0x00000000   Number         0  entry8a.o ABSOLUTE
    ../clib/microlib/init/entry.s            0x00000000   Number         0  entry8b.o ABSOLUTE
    ../clib/microlib/init/entry.s            0x00000000   Number         0  entry9a.o ABSOLUTE
    ../clib/microlib/init/entry.s            0x00000000   Number         0  entry.o ABSOLUTE
    ../clib/microlib/init/entry.s            0x00000000   Number         0  entry9b.o ABSOLUTE
    ../clib/microlib/longlong.c              0x00000000   Number         0  llushr.o ABSOLUTE
    ../clib/microlib/longlong.c              0x00000000   Number         0  llsshr.o ABSOLUTE
    ../clib/microlib/longlong.c              0x00000000   Number         0  llshl.o ABSOLUTE
    ../clib/microlib/printf/printf.c         0x00000000   Number         0  printf3.o ABSOLUTE
    ../clib/microlib/printf/printf.c         0x00000000   Number         0  printf0.o ABSOLUTE
    ../clib/microlib/printf/printf.c         0x00000000   Number         0  printf8.o ABSOLUTE
    ../clib/microlib/printf/printf.c         0x00000000   Number         0  printf2.o ABSOLUTE
    ../clib/microlib/printf/printf.c         0x00000000   Number         0  printfb.o ABSOLUTE
    ../clib/microlib/printf/printf.c         0x00000000   Number         0  printf7.o ABSOLUTE
    ../clib/microlib/printf/printf.c         0x00000000   Number         0  printfa.o ABSOLUTE
    ../clib/microlib/printf/printf.c         0x00000000   Number         0  printf1.o ABSOLUTE
    ../clib/microlib/printf/printf.c         0x00000000   Number         0  printf6.o ABSOLUTE
    ../clib/microlib/printf/printf.c         0x00000000   Number         0  printf5.o ABSOLUTE
    ../clib/microlib/printf/printf.c         0x00000000   Number         0  printf4.o ABSOLUTE
    ../clib/microlib/printf/stubs.s          0x00000000   Number         0  stubs.o ABSOLUTE
    ../clib/microlib/stdio/streams.c         0x00000000   Number         0  stdout.o ABSOLUTE
    ../clib/microlib/string/memcmp.c         0x00000000   Number         0  memcmp.o ABSOLUTE
    ../clib/microlib/string/memcpy.c         0x00000000   Number         0  memcpyb.o ABSOLUTE
    ../clib/microlib/string/memcpy.c         0x00000000   Number         0  memcpya.o ABSOLUTE
    ../clib/microlib/string/memset.c         0x00000000   Number         0  memseta.o ABSOLUTE
    ../clib/microlib/stubs.s                 0x00000000   Number         0  iusefp.o ABSOLUTE
    ../clib/microlib/unhosted.c              0x00000000   Number         0  uread4.o ABSOLUTE
    ../fplib/microlib/fpadd.c                0x00000000   Number         0  dadd.o ABSOLUTE
    ../fplib/microlib/fpdiv.c                0x00000000   Number         0  ddiv.o ABSOLUTE
    ../fplib/microlib/fpepilogue.c           0x00000000   Number         0  depilogue.o ABSOLUTE
    ../fplib/microlib/fpfix.c                0x00000000   Number         0  dfixul.o ABSOLUTE
    ../fplib/microlib/fpmul.c                0x00000000   Number         0  dmul.o ABSOLUTE
    ..\..\..\..\..\drv\arch\arm\sysinit.c    0x00000000   Number         0  sysinit.o ABSOLUTE
    ..\..\..\..\..\drv\arch\arm\systick.c    0x00000000   Number         0  systick.o ABSOLUTE
    ..\..\..\..\..\drv\dev\adc\adc.c         0x00000000   Number         0  adc.o ABSOLUTE
    ..\..\..\..\..\drv\dev\clock\clock.c     0x00000000   Number         0  clock.o ABSOLUTE
    ..\..\..\..\..\drv\dev\dma\dma.c         0x00000000   Number         0  dma.o ABSOLUTE
    ..\..\..\..\..\drv\dev\etm\etm.c         0x00000000   Number         0  etm.o ABSOLUTE
    ..\..\..\..\..\drv\dev\gpio\gpio.c       0x00000000   Number         0  gpio.o ABSOLUTE
    ..\..\..\..\..\drv\dev\uart\uart.c       0x00000000   Number         0  uart.o ABSOLUTE
    ..\..\..\..\..\drv\module\TM1640.c       0x00000000   Number         0  tm1640.o ABSOLUTE
    ..\..\..\..\..\drv\module\adc_module.c   0x00000000   Number         0  adc_module.o ABSOLUTE
    ..\..\..\..\..\drv\module\etm_module.c   0x00000000   Number         0  etm_module.o ABSOLUTE
    ..\..\..\..\..\drv\module\gpio_module.c  0x00000000   Number         0  gpio_module.o ABSOLUTE
    ..\..\..\..\..\drv\module\sif_module.c   0x00000000   Number         0  sif_module.o ABSOLUTE
    ..\..\..\..\..\lib\common\common.c       0x00000000   Number         0  common.o ABSOLUTE
    ..\..\..\..\..\lib\common\printf.c       0x00000000   Number         0  printf_1.o ABSOLUTE
    ..\..\gpio_example.c                     0x00000000   Number         0  gpio_example.o ABSOLUTE
    ..\\..\\..\\..\\..\\drv\\arch\\arm\\sysinit.c 0x00000000   Number         0  sysinit.o ABSOLUTE
    ..\\..\\..\\..\\..\\drv\\arch\\arm\\systick.c 0x00000000   Number         0  systick.o ABSOLUTE
    ..\\..\\..\\..\\..\\drv\\dev\\adc\\adc.c 0x00000000   Number         0  adc.o ABSOLUTE
    ..\\..\\..\\..\\..\\drv\\dev\\clock\\clock.c 0x00000000   Number         0  clock.o ABSOLUTE
    ..\\..\\..\\..\\..\\drv\\dev\\dma\\dma.c 0x00000000   Number         0  dma.o ABSOLUTE
    ..\\..\\..\\..\\..\\drv\\dev\\etm\\etm.c 0x00000000   Number         0  etm.o ABSOLUTE
    ..\\..\\..\\..\\..\\drv\\dev\\gpio\\gpio.c 0x00000000   Number         0  gpio.o ABSOLUTE
    ..\\..\\..\\..\\..\\drv\\dev\\uart\\uart.c 0x00000000   Number         0  uart.o ABSOLUTE
    ..\\..\\..\\..\\..\\drv\\module\\TM1640.c 0x00000000   Number         0  tm1640.o ABSOLUTE
    ..\\..\\..\\..\\..\\drv\\module\\adc_module.c 0x00000000   Number         0  adc_module.o ABSOLUTE
    ..\\..\\..\\..\\..\\drv\\module\\etm_module.c 0x00000000   Number         0  etm_module.o ABSOLUTE
    ..\\..\\..\\..\\..\\drv\\module\\gpio_module.c 0x00000000   Number         0  gpio_module.o ABSOLUTE
    ..\\..\\..\\..\\..\\drv\\module\\sif_module.c 0x00000000   Number         0  sif_module.o ABSOLUTE
    ..\\..\\..\\..\\..\\lib\\common\\common.c 0x00000000   Number         0  common.o ABSOLUTE
    ..\\..\\..\\..\\..\\lib\\common\\printf.c 0x00000000   Number         0  printf_1.o ABSOLUTE
    ..\\..\\gpio_example.c                   0x00000000   Number         0  gpio_example.o ABSOLUTE
    RTE\Device\F6608HCPCC\startup_f6601c.s   0x00000000   Number         0  startup_f6601c.o ABSOLUTE
    cdrcmple.s                               0x00000000   Number         0  cdrcmple.o ABSOLUTE
    dc.s                                     0x00000000   Number         0  dc.o ABSOLUTE
    handlers.s                               0x00000000   Number         0  handlers.o ABSOLUTE
    init.s                                   0x00000000   Number         0  init.o ABSOLUTE
    .ARM.Collect$$$$00000000                 0x000000c0   Section        0  entry.o(.ARM.Collect$$$$00000000)
    .ARM.Collect$$$$00000001                 0x000000c0   Section        4  entry2.o(.ARM.Collect$$$$00000001)
    .ARM.Collect$$$$00000004                 0x000000c4   Section        4  entry5.o(.ARM.Collect$$$$00000004)
    .ARM.Collect$$$$00000008                 0x000000c8   Section        0  entry7b.o(.ARM.Collect$$$$00000008)
    .ARM.Collect$$$$0000000A                 0x000000c8   Section        0  entry8b.o(.ARM.Collect$$$$0000000A)
    .ARM.Collect$$$$0000000B                 0x000000c8   Section        8  entry9a.o(.ARM.Collect$$$$0000000B)
    .ARM.Collect$$$$0000000D                 0x000000d0   Section        0  entry10a.o(.ARM.Collect$$$$0000000D)
    .ARM.Collect$$$$0000000F                 0x000000d0   Section        0  entry11a.o(.ARM.Collect$$$$0000000F)
    .ARM.Collect$$$$00002712                 0x000000d0   Section        4  entry2.o(.ARM.Collect$$$$00002712)
    __lit__00000000                          0x000000d0   Data           4  entry2.o(.ARM.Collect$$$$00002712)
    .text                                    0x000000d4   Section       56  startup_f6601c.o(.text)
    .text                                    0x0000010c   Section        0  uidiv.o(.text)
    .text                                    0x00000138   Section        0  memcpya.o(.text)
    .text                                    0x0000015c   Section        0  memseta.o(.text)
    .text                                    0x00000180   Section        0  memcmp.o(.text)
    .text                                    0x0000019a   Section        0  uldiv.o(.text)
    .text                                    0x000001fc   Section       36  init.o(.text)
    .text                                    0x00000220   Section        0  llshl.o(.text)
    .text                                    0x00000240   Section        0  llushr.o(.text)
    .text                                    0x00000262   Section        0  __dczerorl2.o(.text)
    i.ADC_BufConvertValue                    0x000002b8   Section        0  adc.o(i.ADC_BufConvertValue)
    ADC_BufConvertValue                      0x000002b9   Thumb Code    14  adc.o(i.ADC_BufConvertValue)
    i.ADC_Callback                           0x000002c8   Section        0  adc_module.o(i.ADC_Callback)
    ADC_Callback                             0x000002c9   Thumb Code    22  adc_module.o(i.ADC_Callback)
    i.ADC_ChannelConfig                      0x00000310   Section        0  adc.o(i.ADC_ChannelConfig)
    i.ADC_DmaCallback                        0x0000037c   Section        0  adc.o(i.ADC_DmaCallback)
    ADC_DmaCallback                          0x0000037d   Thumb Code    92  adc.o(i.ADC_DmaCallback)
    i.ADC_FifoConvertValue                   0x000003dc   Section        0  adc.o(i.ADC_FifoConvertValue)
    ADC_FifoConvertValue                     0x000003dd   Thumb Code    26  adc.o(i.ADC_FifoConvertValue)
    i.Clock_IsNowStable                      0x000003f6   Section        0  clock.o(i.Clock_IsNowStable)
    Clock_IsNowStable                        0x000003f7   Thumb Code    10  clock.o(i.Clock_IsNowStable)
    .ARM.__at_0x400                          0x00000400   Section        8  startup_f6601c.o(.ARM.__at_0x400)
    i.ADC_DmaConfig                          0x00000408   Section        0  adc.o(i.ADC_DmaConfig)
    ADC_DmaConfig                            0x00000409   Thumb Code    86  adc.o(i.ADC_DmaConfig)
    i.ADC_Init                               0x00000470   Section        0  adc.o(i.ADC_Init)
    i.ADC_ReadConvertValue                   0x0000057c   Section        0  adc.o(i.ADC_ReadConvertValue)
    i.ADC_SelectChannel                      0x00000654   Section        0  adc.o(i.ADC_SelectChannel)
    ADC_SelectChannel                        0x00000655   Thumb Code    50  adc.o(i.ADC_SelectChannel)
    i.ADC_TryLock                            0x00000686   Section        0  adc.o(i.ADC_TryLock)
    ADC_TryLock                              0x00000687   Thumb Code    18  adc.o(i.ADC_TryLock)
    i.CLOCK_SetConfig                        0x00000698   Section        0  clock.o(i.CLOCK_SetConfig)
    i.Clock_GetPllReferenceClock             0x00000770   Section        0  clock.o(i.Clock_GetPllReferenceClock)
    Clock_GetPllReferenceClock               0x00000771   Thumb Code    10  clock.o(i.Clock_GetPllReferenceClock)
    i.DMA_CommonIRQHandler                   0x00000780   Section        0  dma.o(i.DMA_CommonIRQHandler)
    DMA_CommonIRQHandler                     0x00000781   Thumb Code   128  dma.o(i.DMA_CommonIRQHandler)
    i.DMA_DeInit                             0x00000800   Section        0  dma.o(i.DMA_DeInit)
    i.DMA_Init                               0x00000830   Section        0  dma.o(i.DMA_Init)
    i.DMA_Start                              0x000008d8   Section        0  dma.o(i.DMA_Start)
    i.DebugConsoleInit                       0x000009a8   Section        0  printf_1.o(i.DebugConsoleInit)
    i.ETM0_IRQHandler                        0x000009d4   Section        0  etm.o(i.ETM0_IRQHandler)
    i.ETM1Callback                           0x000009ec   Section        0  sif_module.o(i.ETM1Callback)
    i.ETM1_IRQHandler                        0x000009fc   Section        0  etm.o(i.ETM1_IRQHandler)
    i.ETM2Callback                           0x00000a14   Section        0  sif_module.o(i.ETM2Callback)
    i.ETM2_IRQHandler                        0x00000a50   Section        0  etm.o(i.ETM2_IRQHandler)
    i.ETM3_IRQHandler                        0x00000a68   Section        0  etm.o(i.ETM3_IRQHandler)
    i.ETM4_IRQHandler                        0x00000a80   Section        0  etm.o(i.ETM4_IRQHandler)
    i.ETM5_IRQHandler                        0x00000a98   Section        0  etm.o(i.ETM5_IRQHandler)
    i.ETM_CommonIRQHandler                   0x00000ab0   Section        0  etm.o(i.ETM_CommonIRQHandler)
    ETM_CommonIRQHandler                     0x00000ab1   Thumb Code   168  etm.o(i.ETM_CommonIRQHandler)
    i.ETM_EnableInterrupts                   0x00000b58   Section        0  etm.o(i.ETM_EnableInterrupts)
    i.ETM_GetInstance                        0x00000b60   Section        0  etm.o(i.ETM_GetInstance)
    ETM_GetInstance                          0x00000b61   Thumb Code    22  etm.o(i.ETM_GetInstance)
    i.ETM_InitTimeBase                       0x00000b7c   Section        0  etm.o(i.ETM_InitTimeBase)
    i.ETM_StartTimeBase                      0x00000c34   Section        0  etm.o(i.ETM_StartTimeBase)
    i.ETM_StopTimeBase                       0x00000c54   Section        0  etm.o(i.ETM_StopTimeBase)
    i.ETM_WaitTbStop                         0x00000c72   Section        0  etm.o(i.ETM_WaitTbStop)
    ETM_WaitTbStop                           0x00000c73   Thumb Code    38  etm.o(i.ETM_WaitTbStop)
    i.GPIO_GetInstance                       0x00000c98   Section        0  gpio.o(i.GPIO_GetInstance)
    GPIO_GetInstance                         0x00000c99   Thumb Code    22  gpio.o(i.GPIO_GetInstance)
    i.GPIO_Init                              0x00000cb4   Section        0  gpio.o(i.GPIO_Init)
    i.GPIO_PinWrite                          0x00000e14   Section        0  gpio.o(i.GPIO_PinWrite)
    i.GPIO_SetPullUp                         0x00000e30   Section        0  gpio.o(i.GPIO_SetPullUp)
    GPIO_SetPullUp                           0x00000e31   Thumb Code    68  gpio.o(i.GPIO_SetPullUp)
    i.Hold_ResetStatusTillStable             0x00000e78   Section        0  adc.o(i.Hold_ResetStatusTillStable)
    Hold_ResetStatusTillStable               0x00000e79   Thumb Code    12  adc.o(i.Hold_ResetStatusTillStable)
    i.INT20_Handler                          0x00000e84   Section        0  dma.o(i.INT20_Handler)
    DMA0_IRQHandler                          0x00000e85   Thumb Code     0  dma.o(i.INT20_Handler)
    i.INT21_Handler                          0x00000e94   Section        0  gpio_module.o(i.INT21_Handler)
    GPIOA_IRQHandler                         0x00000e95   Thumb Code     0  gpio_module.o(i.INT21_Handler)
    i.INT26_Handler                          0x00000ed4   Section        0  adc.o(i.INT26_Handler)
    ADC_IrqHandler                           0x00000ed5   Thumb Code     0  adc.o(i.INT26_Handler)
    i.NVIC_EnableIRQ                         0x00000f98   Section        0  uart.o(i.NVIC_EnableIRQ)
    NVIC_EnableIRQ                           0x00000f99   Thumb Code    14  uart.o(i.NVIC_EnableIRQ)
    i.OSC_SetConfig                          0x00000fac   Section        0  clock.o(i.OSC_SetConfig)
    i.PeriphClk_SetConfig                    0x00001078   Section        0  clock.o(i.PeriphClk_SetConfig)
    i.SysTick_DelayMS                        0x000012b4   Section        0  systick.o(i.SysTick_DelayMS)
    i.SysTick_DelayUS                        0x000012dc   Section        0  systick.o(i.SysTick_DelayUS)
    i.SysTick_Init                           0x00001364   Section        0  systick.o(i.SysTick_Init)
    i.SystemInit                             0x000013a0   Section        0  sysinit.o(i.SystemInit)
    i.Systick_Callback                       0x000013f8   Section        0  systick.o(i.Systick_Callback)
    i.Systick_InterruptHandler               0x000013fc   Section        0  systick.o(i.Systick_InterruptHandler)
    i.UART0_InterruptHandler                 0x00001438   Section        0  uart.o(i.UART0_InterruptHandler)
    i.UART1_InterruptHandler                 0x00001454   Section        0  uart.o(i.UART1_InterruptHandler)
    i.UART2_InterruptHandler                 0x00001470   Section        0  uart.o(i.UART2_InterruptHandler)
    i.UART_Init                              0x0000148c   Section        0  uart.o(i.UART_Init)
    i.UART_InterruptHandler                  0x000015fc   Section        0  uart.o(i.UART_InterruptHandler)
    UART_InterruptHandler                    0x000015fd   Thumb Code   288  uart.o(i.UART_InterruptHandler)
    i.UART_PutChar                           0x0000171c   Section        0  uart.o(i.UART_PutChar)
    i.UART_RxInterruptHandler                0x00001726   Section        0  uart.o(i.UART_RxInterruptHandler)
    i.UART_RxProcessData                     0x00001774   Section        0  uart.o(i.UART_RxProcessData)
    UART_RxProcessData                       0x00001775   Thumb Code   194  uart.o(i.UART_RxProcessData)
    i.UART_TxInterruptHandler                0x00001836   Section        0  uart.o(i.UART_TxInterruptHandler)
    i.UART_TxProcessData                     0x00001876   Section        0  uart.o(i.UART_TxProcessData)
    UART_TxProcessData                       0x00001877   Thumb Code   238  uart.o(i.UART_TxProcessData)
    i.UartPinMuxConfig                       0x00001964   Section        0  printf_1.o(i.UartPinMuxConfig)
    i.WaitTillTimeout                        0x000019f4   Section        0  systick.o(i.WaitTillTimeout)
    i.WaitTimerInit                          0x00001a28   Section        0  systick.o(i.WaitTimerInit)
    i.__0printf$8                            0x00001a3c   Section        0  printf8.o(i.__0printf$8)
    i.__scatterload_copy                     0x00001a5c   Section       14  handlers.o(i.__scatterload_copy)
    i.__scatterload_null                     0x00001a6a   Section        2  handlers.o(i.__scatterload_null)
    i.__scatterload_zeroinit                 0x00001a6c   Section       14  handlers.o(i.__scatterload_zeroinit)
    i._printf_core                           0x00001a7c   Section        0  printf8.o(i._printf_core)
    _printf_core                             0x00001a7d   Thumb Code  1020  printf8.o(i._printf_core)
    i._printf_post_padding                   0x00001ea4   Section        0  printf8.o(i._printf_post_padding)
    _printf_post_padding                     0x00001ea5   Thumb Code    32  printf8.o(i._printf_post_padding)
    i._printf_pre_padding                    0x00001ec4   Section        0  printf8.o(i._printf_pre_padding)
    _printf_pre_padding                      0x00001ec5   Thumb Code    44  printf8.o(i._printf_pre_padding)
    i.adc_get_voltage                        0x00001ef0   Section        0  adc_module.o(i.adc_get_voltage)
    i.adc_init                               0x00001f98   Section        0  adc_module.o(i.adc_init)
    i.aip1640_Init                           0x00002050   Section        0  tm1640.o(i.aip1640_Init)
    i.aip1640_WriteArrayData                 0x00002080   Section        0  tm1640.o(i.aip1640_WriteArrayData)
    i.aip1640_WriteData                      0x000020e0   Section        0  tm1640.o(i.aip1640_WriteData)
    i.aip1640_write                          0x00002134   Section        0  tm1640.o(i.aip1640_write)
    i.etm1_timerinit                         0x00002148   Section        0  etm_module.o(i.etm1_timerinit)
    i.etm2_timerinit                         0x000021ac   Section        0  etm_module.o(i.etm2_timerinit)
    i.fputc                                  0x00002210   Section        0  printf_1.o(i.fputc)
    i.gpio_aip16400_init                     0x00002234   Section        0  gpio_module.o(i.gpio_aip16400_init)
    i.gpio_input_init                        0x0000226c   Section        0  gpio_module.o(i.gpio_input_init)
    i.gpio_output_init                       0x00002280   Section        0  gpio_module.o(i.gpio_output_init)
    i.lcd_display_process                    0x00002298   Section        0  tm1640.o(i.lcd_display_process)
    i.led_start_check                        0x000023ac   Section        0  tm1640.o(i.led_start_check)
    i.main                                   0x00002430   Section        0  gpio_example.o(i.main)
    i.set_always_on_light                    0x00002494   Section        0  tm1640.o(i.set_always_on_light)
    i.sif_process                            0x000024a8   Section        0  sif_module.o(i.sif_process)
    i.start                                  0x00002564   Section        0  tm1640.o(i.start)
    i.stop                                   0x00002594   Section        0  tm1640.o(i.stop)
    i.verifyFrame                            0x000025bc   Section        0  sif_module.o(i.verifyFrame)
    .constdata                               0x000025e8   Section       20  gpio.o(.constdata)
    s_GPIOBases                              0x000025ec   Data          16  gpio.o(.constdata)
    .constdata                               0x000025fc   Section       32  etm.o(.constdata)
    s_ETMBases                               0x00002604   Data          24  etm.o(.constdata)
    .constdata                               0x0000261c   Section        4  dma.o(.constdata)
    s_dmaBases                               0x0000261c   Data           4  dma.o(.constdata)
    .constdata                               0x00002620   Section       25  adc_module.o(.constdata)
    __FUNCTION__                             0x00002620   Data           9  adc_module.o(.constdata)
    __FUNCTION__                             0x00002629   Data          16  adc_module.o(.constdata)
    .data                                    0x20000000   Section       32  systick.o(.data)
    s_MSIntNum                               0x20000000   Data           4  systick.o(.data)
    s_CallbackIntNum                         0x20000004   Data           4  systick.o(.data)
    s_TimerIntCnt                            0x20000008   Data           4  systick.o(.data)
    s_CallbackIntCnt                         0x2000000c   Data           4  systick.o(.data)
    reload_ticks                             0x20000010   Data           4  systick.o(.data)
    s_sysTime                                0x20000018   Data           8  systick.o(.data)
    .data                                    0x20000020   Section       64  gpio.o(.data)
    s_AnalogFuncSel                          0x20000020   Data          64  gpio.o(.data)
    .data                                    0x20000060   Section        4  dma.o(.data)
    s_dmaHandle                              0x20000060   Data           4  dma.o(.data)
    .data                                    0x20000064   Section        8  uart.o(.data)
    s_uartIrq                                0x20000064   Data           3  uart.o(.data)
    s_uartIsr                                0x20000068   Data           4  uart.o(.data)
    .data                                    0x2000006c   Section        8  adc.o(.data)
    s_pHandle                                0x2000006c   Data           4  adc.o(.data)
    .data                                    0x20000074   Section       16  etm_module.o(.data)
    .data                                    0x20000084   Section       32  sif_module.o(.data)
    .data                                    0x200000a4   Section       13  tm1640.o(.data)
    status                                   0x200000a4   Data           1  tm1640.o(.data)
    i                                        0x200000a5   Data           1  tm1640.o(.data)
    status                                   0x200000a6   Data           1  tm1640.o(.data)
    .data                                    0x200000b4   Section      268  adc_module.o(.data)
    s_convertValue                           0x200000b4   Data           4  adc_module.o(.data)
    channleConfig                            0x200000b8   Data           5  adc_module.o(.data)
    s_pinmux                                 0x200000c0   Data         256  adc_module.o(.data)
    .data                                    0x200001c0   Section        4  stdout.o(.data)
    .bss                                     0x200001c4   Section       24  etm.o(.bss)
    s_ETMHandle                              0x200001c4   Data          24  etm.o(.bss)
    .bss                                     0x200001dc   Section       24  uart.o(.bss)
    s_uartHandle                             0x200001dc   Data          12  uart.o(.bss)
    s_uartCallback                           0x200001e8   Data          12  uart.o(.bss)
    .bss                                     0x200001f4   Section       20  adc.o(.bss)
    s_DMAHandle                              0x200001f4   Data          20  adc.o(.bss)
    .bss                                     0x20000208   Section       12  sif_module.o(.bss)
    .bss                                     0x20000214   Section       48  tm1640.o(.bss)
    lastInputData                            0x20000224   Data          16  tm1640.o(.bss)
    lastInputData                            0x20000234   Data          16  tm1640.o(.bss)
    .bss                                     0x20000244   Section       36  adc_module.o(.bss)
    s_Handle                                 0x20000244   Data          36  adc_module.o(.bss)
    STACK                                    0x20000268   Section      768  startup_f6601c.o(STACK)

    Global Symbols

    Symbol Name                              Value     Ov Type        Size  Object(Section)

    BuildAttributes$$THM_ISAv3M$S$PE$A:L22$X:L11$S22$IEEE1$IW$USESV6$~STKCKD$USESV7$~SHL$OSPACE$ROPI$EBA8$MICROLIB$REQ8$PRES8$EABIv2 0x00000000   Number         0  anon$$obj.o ABSOLUTE
    __ARM_use_no_argv                        0x00000000   Number         0  gpio_example.o ABSOLUTE
    __Vectors                                0x00000000   Data           4  startup_f6601c.o(RESET)
    _printf_a                                0x00000000   Number         0  stubs.o ABSOLUTE
    _printf_c                                0x00000000   Number         0  stubs.o ABSOLUTE
    _printf_charcount                        0x00000000   Number         0  stubs.o ABSOLUTE
    _printf_d                                0x00000000   Number         0  stubs.o ABSOLUTE
    _printf_e                                0x00000000   Number         0  stubs.o ABSOLUTE
    _printf_f                                0x00000000   Number         0  stubs.o ABSOLUTE
    _printf_flags                            0x00000000   Number         0  stubs.o ABSOLUTE
    _printf_fp_dec                           0x00000000   Number         0  stubs.o ABSOLUTE
    _printf_fp_hex                           0x00000000   Number         0  stubs.o ABSOLUTE
    _printf_g                                0x00000000   Number         0  stubs.o ABSOLUTE
    _printf_i                                0x00000000   Number         0  stubs.o ABSOLUTE
    _printf_int_dec                          0x00000000   Number         0  stubs.o ABSOLUTE
    _printf_l                                0x00000000   Number         0  stubs.o ABSOLUTE
    _printf_lc                               0x00000000   Number         0  stubs.o ABSOLUTE
    _printf_ll                               0x00000000   Number         0  stubs.o ABSOLUTE
    _printf_lld                              0x00000000   Number         0  stubs.o ABSOLUTE
    _printf_lli                              0x00000000   Number         0  stubs.o ABSOLUTE
    _printf_llo                              0x00000000   Number         0  stubs.o ABSOLUTE
    _printf_llu                              0x00000000   Number         0  stubs.o ABSOLUTE
    _printf_llx                              0x00000000   Number         0  stubs.o ABSOLUTE
    _printf_longlong_dec                     0x00000000   Number         0  stubs.o ABSOLUTE
    _printf_longlong_hex                     0x00000000   Number         0  stubs.o ABSOLUTE
    _printf_longlong_oct                     0x00000000   Number         0  stubs.o ABSOLUTE
    _printf_ls                               0x00000000   Number         0  stubs.o ABSOLUTE
    _printf_mbtowc                           0x00000000   Number         0  stubs.o ABSOLUTE
    _printf_n                                0x00000000   Number         0  stubs.o ABSOLUTE
    _printf_o                                0x00000000   Number         0  stubs.o ABSOLUTE
    _printf_p                                0x00000000   Number         0  stubs.o ABSOLUTE
    _printf_percent                          0x00000000   Number         0  stubs.o ABSOLUTE
    _printf_pre_padding                      0x00000000   Number         0  stubs.o ABSOLUTE
    _printf_return_value                     0x00000000   Number         0  stubs.o ABSOLUTE
    _printf_s                                0x00000000   Number         0  stubs.o ABSOLUTE
    _printf_sizespec                         0x00000000   Number         0  stubs.o ABSOLUTE
    _printf_str                              0x00000000   Number         0  stubs.o ABSOLUTE
    _printf_truncate_signed                  0x00000000   Number         0  stubs.o ABSOLUTE
    _printf_truncate_unsigned                0x00000000   Number         0  stubs.o ABSOLUTE
    _printf_u                                0x00000000   Number         0  stubs.o ABSOLUTE
    _printf_wc                               0x00000000   Number         0  stubs.o ABSOLUTE
    _printf_wctomb                           0x00000000   Number         0  stubs.o ABSOLUTE
    _printf_widthprec                        0x00000000   Number         0  stubs.o ABSOLUTE
    _printf_x                                0x00000000   Number         0  stubs.o ABSOLUTE
    __cpp_initialize__aeabi_                  - Undefined Weak Reference
    __cxa_finalize                            - Undefined Weak Reference
    _clock_init                               - Undefined Weak Reference
    _microlib_exit                            - Undefined Weak Reference
    __Vectors_End                            0x000000c0   Data           0  startup_f6601c.o(RESET)
    __Vectors_Size                           0x000000c0   Number         0  startup_f6601c.o ABSOLUTE
    __main                                   0x000000c1   Thumb Code     0  entry.o(.ARM.Collect$$$$00000000)
    _main_stk                                0x000000c1   Thumb Code     0  entry2.o(.ARM.Collect$$$$00000001)
    _main_scatterload                        0x000000c5   Thumb Code     0  entry5.o(.ARM.Collect$$$$00000004)
    __main_after_scatterload                 0x000000c9   Thumb Code     0  entry5.o(.ARM.Collect$$$$00000004)
    _main_clock                              0x000000c9   Thumb Code     0  entry7b.o(.ARM.Collect$$$$00000008)
    _main_cpp_init                           0x000000c9   Thumb Code     0  entry8b.o(.ARM.Collect$$$$0000000A)
    _main_init                               0x000000c9   Thumb Code     0  entry9a.o(.ARM.Collect$$$$0000000B)
    __rt_final_cpp                           0x000000d1   Thumb Code     0  entry10a.o(.ARM.Collect$$$$0000000D)
    __rt_final_exit                          0x000000d1   Thumb Code     0  entry11a.o(.ARM.Collect$$$$0000000F)
    Reset_Handler                            0x000000d5   Thumb Code    46  startup_f6601c.o(.text)
    INT02_Handler                            0x00000103   Thumb Code     0  startup_f6601c.o(.text)
    INT03_Handler                            0x00000103   Thumb Code     0  startup_f6601c.o(.text)
    INT04_Handler                            0x00000103   Thumb Code     0  startup_f6601c.o(.text)
    INT05_Handler                            0x00000103   Thumb Code     0  startup_f6601c.o(.text)
    INT06_Handler                            0x00000103   Thumb Code     0  startup_f6601c.o(.text)
    INT07_Handler                            0x00000103   Thumb Code     0  startup_f6601c.o(.text)
    INT08_Handler                            0x00000103   Thumb Code     0  startup_f6601c.o(.text)
    INT09_Handler                            0x00000103   Thumb Code     0  startup_f6601c.o(.text)
    INT10_Handler                            0x00000103   Thumb Code     0  startup_f6601c.o(.text)
    INT11_Handler                            0x00000103   Thumb Code     0  startup_f6601c.o(.text)
    INT12_Handler                            0x00000103   Thumb Code     0  startup_f6601c.o(.text)
    INT13_Handler                            0x00000103   Thumb Code     0  startup_f6601c.o(.text)
    INT14_Handler                            0x00000103   Thumb Code     0  startup_f6601c.o(.text)
    INT16_Handler                            0x00000103   Thumb Code     0  startup_f6601c.o(.text)
    INT17_Handler                            0x00000103   Thumb Code     0  startup_f6601c.o(.text)
    INT18_Handler                            0x00000103   Thumb Code     0  startup_f6601c.o(.text)
    INT19_Handler                            0x00000103   Thumb Code     0  startup_f6601c.o(.text)
    INT22_Handler                            0x00000103   Thumb Code     0  startup_f6601c.o(.text)
    INT23_Handler                            0x00000103   Thumb Code     0  startup_f6601c.o(.text)
    INT24_Handler                            0x00000103   Thumb Code     0  startup_f6601c.o(.text)
    INT25_Handler                            0x00000103   Thumb Code     0  startup_f6601c.o(.text)
    INT31_Handler                            0x00000103   Thumb Code     0  startup_f6601c.o(.text)
    INT32_Handler                            0x00000103   Thumb Code     0  startup_f6601c.o(.text)
    INT33_Handler                            0x00000103   Thumb Code     0  startup_f6601c.o(.text)
    INT37_Handler                            0x00000103   Thumb Code     0  startup_f6601c.o(.text)
    INT38_Handler                            0x00000103   Thumb Code     0  startup_f6601c.o(.text)
    INT39_Handler                            0x00000103   Thumb Code     0  startup_f6601c.o(.text)
    INT42_Handler                            0x00000103   Thumb Code     0  startup_f6601c.o(.text)
    INT43_Handler                            0x00000103   Thumb Code     0  startup_f6601c.o(.text)
    INT44_Handler                            0x00000103   Thumb Code     0  startup_f6601c.o(.text)
    INT45_Handler                            0x00000103   Thumb Code     0  startup_f6601c.o(.text)
    INT46_Handler                            0x00000103   Thumb Code     0  startup_f6601c.o(.text)
    INT47_Handler                            0x00000103   Thumb Code     0  startup_f6601c.o(.text)
    __aeabi_uidiv                            0x0000010d   Thumb Code     0  uidiv.o(.text)
    __aeabi_uidivmod                         0x0000010d   Thumb Code    44  uidiv.o(.text)
    __aeabi_memcpy                           0x00000139   Thumb Code    36  memcpya.o(.text)
    __aeabi_memcpy4                          0x00000139   Thumb Code     0  memcpya.o(.text)
    __aeabi_memcpy8                          0x00000139   Thumb Code     0  memcpya.o(.text)
    __aeabi_memset                           0x0000015d   Thumb Code    14  memseta.o(.text)
    __aeabi_memset4                          0x0000015d   Thumb Code     0  memseta.o(.text)
    __aeabi_memset8                          0x0000015d   Thumb Code     0  memseta.o(.text)
    __aeabi_memclr                           0x0000016b   Thumb Code     4  memseta.o(.text)
    __aeabi_memclr4                          0x0000016b   Thumb Code     0  memseta.o(.text)
    __aeabi_memclr8                          0x0000016b   Thumb Code     0  memseta.o(.text)
    _memset$wrapper                          0x0000016f   Thumb Code    18  memseta.o(.text)
    memcmp                                   0x00000181   Thumb Code    26  memcmp.o(.text)
    __aeabi_uldivmod                         0x0000019b   Thumb Code    96  uldiv.o(.text)
    __scatterload                            0x000001fd   Thumb Code    28  init.o(.text)
    __scatterload_rt2                        0x000001fd   Thumb Code     0  init.o(.text)
    __aeabi_llsl                             0x00000221   Thumb Code    32  llshl.o(.text)
    _ll_shift_l                              0x00000221   Thumb Code     0  llshl.o(.text)
    __aeabi_llsr                             0x00000241   Thumb Code    34  llushr.o(.text)
    _ll_ushift_r                             0x00000241   Thumb Code     0  llushr.o(.text)
    __decompress                             0x00000263   Thumb Code     0  __dczerorl2.o(.text)
    __decompress1                            0x00000263   Thumb Code    86  __dczerorl2.o(.text)
    ADC_ChannelConfig                        0x00000311   Thumb Code   108  adc.o(i.ADC_ChannelConfig)
    ADC_Init                                 0x00000471   Thumb Code   248  adc.o(i.ADC_Init)
    ADC_ReadConvertValue                     0x0000057d   Thumb Code   216  adc.o(i.ADC_ReadConvertValue)
    CLOCK_SetConfig                          0x00000699   Thumb Code   202  clock.o(i.CLOCK_SetConfig)
    DMA_DeInit                               0x00000801   Thumb Code    48  dma.o(i.DMA_DeInit)
    DMA_Init                                 0x00000831   Thumb Code   156  dma.o(i.DMA_Init)
    DMA_Start                                0x000008d9   Thumb Code   202  dma.o(i.DMA_Start)
    DebugConsoleInit                         0x000009a9   Thumb Code    40  printf_1.o(i.DebugConsoleInit)
    ETM0_IRQHandler                          0x000009d5   Thumb Code    14  etm.o(i.ETM0_IRQHandler)
    INT27_Handler                            0x000009d5   Thumb Code     0  etm.o(i.ETM0_IRQHandler)
    ETM1Callback                             0x000009ed   Thumb Code    12  sif_module.o(i.ETM1Callback)
    ETM1_IRQHandler                          0x000009fd   Thumb Code    14  etm.o(i.ETM1_IRQHandler)
    INT28_Handler                            0x000009fd   Thumb Code     0  etm.o(i.ETM1_IRQHandler)
    ETM2Callback                             0x00000a15   Thumb Code    46  sif_module.o(i.ETM2Callback)
    ETM2_IRQHandler                          0x00000a51   Thumb Code    14  etm.o(i.ETM2_IRQHandler)
    INT29_Handler                            0x00000a51   Thumb Code     0  etm.o(i.ETM2_IRQHandler)
    ETM3_IRQHandler                          0x00000a69   Thumb Code    14  etm.o(i.ETM3_IRQHandler)
    INT30_Handler                            0x00000a69   Thumb Code     0  etm.o(i.ETM3_IRQHandler)
    ETM4_IRQHandler                          0x00000a81   Thumb Code    14  etm.o(i.ETM4_IRQHandler)
    INT40_Handler                            0x00000a81   Thumb Code     0  etm.o(i.ETM4_IRQHandler)
    ETM5_IRQHandler                          0x00000a99   Thumb Code    14  etm.o(i.ETM5_IRQHandler)
    INT41_Handler                            0x00000a99   Thumb Code     0  etm.o(i.ETM5_IRQHandler)
    ETM_EnableInterrupts                     0x00000b59   Thumb Code     8  etm.o(i.ETM_EnableInterrupts)
    ETM_InitTimeBase                         0x00000b7d   Thumb Code   164  etm.o(i.ETM_InitTimeBase)
    ETM_StartTimeBase                        0x00000c35   Thumb Code    32  etm.o(i.ETM_StartTimeBase)
    ETM_StopTimeBase                         0x00000c55   Thumb Code    30  etm.o(i.ETM_StopTimeBase)
    GPIO_Init                                0x00000cb5   Thumb Code   322  gpio.o(i.GPIO_Init)
    GPIO_PinWrite                            0x00000e15   Thumb Code    28  gpio.o(i.GPIO_PinWrite)
    INT20_Handler                            0x00000e85   Thumb Code    12  dma.o(i.INT20_Handler)
    INT21_Handler                            0x00000e95   Thumb Code    22  gpio_module.o(i.INT21_Handler)
    INT26_Handler                            0x00000ed5   Thumb Code   162  adc.o(i.INT26_Handler)
    OSC_SetConfig                            0x00000fad   Thumb Code   194  clock.o(i.OSC_SetConfig)
    PeriphClk_SetConfig                      0x00001079   Thumb Code   556  clock.o(i.PeriphClk_SetConfig)
    SysTick_DelayMS                          0x000012b5   Thumb Code    34  systick.o(i.SysTick_DelayMS)
    SysTick_DelayUS                          0x000012dd   Thumb Code   124  systick.o(i.SysTick_DelayUS)
    SysTick_Init                             0x00001365   Thumb Code    46  systick.o(i.SysTick_Init)
    SystemInit                               0x000013a1   Thumb Code    74  sysinit.o(i.SystemInit)
    Systick_Callback                         0x000013f9   Thumb Code     2  systick.o(i.Systick_Callback)
    INT15_Handler                            0x000013fd   Thumb Code     0  systick.o(i.Systick_InterruptHandler)
    Systick_InterruptHandler                 0x000013fd   Thumb Code    54  systick.o(i.Systick_InterruptHandler)
    INT34_Handler                            0x00001439   Thumb Code     0  uart.o(i.UART0_InterruptHandler)
    UART0_InterruptHandler                   0x00001439   Thumb Code    16  uart.o(i.UART0_InterruptHandler)
    INT35_Handler                            0x00001455   Thumb Code     0  uart.o(i.UART1_InterruptHandler)
    UART1_InterruptHandler                   0x00001455   Thumb Code    16  uart.o(i.UART1_InterruptHandler)
    INT36_Handler                            0x00001471   Thumb Code     0  uart.o(i.UART2_InterruptHandler)
    UART2_InterruptHandler                   0x00001471   Thumb Code    16  uart.o(i.UART2_InterruptHandler)
    UART_Init                                0x0000148d   Thumb Code   332  uart.o(i.UART_Init)
    UART_PutChar                             0x0000171d   Thumb Code    10  uart.o(i.UART_PutChar)
    UART_RxInterruptHandler                  0x00001727   Thumb Code    78  uart.o(i.UART_RxInterruptHandler)
    UART_TxInterruptHandler                  0x00001837   Thumb Code    64  uart.o(i.UART_TxInterruptHandler)
    UartPinMuxConfig                         0x00001965   Thumb Code   116  printf_1.o(i.UartPinMuxConfig)
    WaitTillTimeout                          0x000019f5   Thumb Code    44  systick.o(i.WaitTillTimeout)
    WaitTimerInit                            0x00001a29   Thumb Code    16  systick.o(i.WaitTimerInit)
    __0printf$8                              0x00001a3d   Thumb Code    24  printf8.o(i.__0printf$8)
    __1printf$8                              0x00001a3d   Thumb Code     0  printf8.o(i.__0printf$8)
    __2printf                                0x00001a3d   Thumb Code     0  printf8.o(i.__0printf$8)
    __scatterload_copy                       0x00001a5d   Thumb Code    14  handlers.o(i.__scatterload_copy)
    __scatterload_null                       0x00001a6b   Thumb Code     2  handlers.o(i.__scatterload_null)
    __scatterload_zeroinit                   0x00001a6d   Thumb Code    14  handlers.o(i.__scatterload_zeroinit)
    adc_get_voltage                          0x00001ef1   Thumb Code    68  adc_module.o(i.adc_get_voltage)
    adc_init                                 0x00001f99   Thumb Code   112  adc_module.o(i.adc_init)
    aip1640_Init                             0x00002051   Thumb Code    42  tm1640.o(i.aip1640_Init)
    aip1640_WriteArrayData                   0x00002081   Thumb Code    86  tm1640.o(i.aip1640_WriteArrayData)
    aip1640_WriteData                        0x000020e1   Thumb Code    76  tm1640.o(i.aip1640_WriteData)
    aip1640_write                            0x00002135   Thumb Code    20  tm1640.o(i.aip1640_write)
    etm1_timerinit                           0x00002149   Thumb Code    82  etm_module.o(i.etm1_timerinit)
    etm2_timerinit                           0x000021ad   Thumb Code    82  etm_module.o(i.etm2_timerinit)
    fputc                                    0x00002211   Thumb Code    30  printf_1.o(i.fputc)
    gpio_aip16400_init                       0x00002235   Thumb Code    44  gpio_module.o(i.gpio_aip16400_init)
    gpio_input_init                          0x0000226d   Thumb Code    20  gpio_module.o(i.gpio_input_init)
    gpio_output_init                         0x00002281   Thumb Code    22  gpio_module.o(i.gpio_output_init)
    lcd_display_process                      0x00002299   Thumb Code   230  tm1640.o(i.lcd_display_process)
    led_start_check                          0x000023ad   Thumb Code   124  tm1640.o(i.led_start_check)
    main                                     0x00002431   Thumb Code    66  gpio_example.o(i.main)
    set_always_on_light                      0x00002495   Thumb Code    16  tm1640.o(i.set_always_on_light)
    sif_process                              0x000024a9   Thumb Code    92  sif_module.o(i.sif_process)
    start                                    0x00002565   Thumb Code    40  tm1640.o(i.start)
    stop                                     0x00002595   Thumb Code    32  tm1640.o(i.stop)
    verifyFrame                              0x000025bd   Thumb Code    42  sif_module.o(i.verifyFrame)
    s_GPIOIrqs                               0x000025e8   Data           4  gpio.o(.constdata)
    s_ETMIrqs                                0x000025fc   Data           6  etm.o(.constdata)
    Region$$Table$$Base                      0x0000263c   Number         0  anon$$obj.o(Region$$Table)
    Region$$Table$$Limit                     0x0000265c   Number         0  anon$$obj.o(Region$$Table)
    s_adcCallback                            0x20000070   Data           4  adc.o(.data)
    g_PWMHandle                              0x20000074   Data           8  etm_module.o(.data)
    g_PWMHandle1                             0x2000007c   Data           8  etm_module.o(.data)
    receive_state                            0x20000084   Data           1  sif_module.o(.data)
    receive_bit_num                          0x20000085   Data           1  sif_module.o(.data)
    receive_data_num                         0x20000086   Data           1  sif_module.o(.data)
    time_1ms_cnt                             0x20000088   Data           4  sif_module.o(.data)
    start_500us_count_flag                   0x2000008c   Data           4  sif_module.o(.data)
    start_3ms_count_flag                     0x20000090   Data           4  sif_module.o(.data)
    countdown_3ms_flag                       0x20000094   Data           4  sif_module.o(.data)
    has_read_bit                             0x20000098   Data           4  sif_module.o(.data)
    read_success                             0x2000009c   Data           4  sif_module.o(.data)
    is_read                                  0x200000a0   Data           4  sif_module.o(.data)
    table                                    0x200000a7   Data          10  tm1640.o(.data)
    __stdout                                 0x200001c0   Data           4  stdout.o(.data)
    receive_data_buf                         0x20000208   Data          12  sif_module.o(.bss)
    eightSegmentCode                         0x20000214   Data          16  tm1640.o(.bss)
    __initial_sp                             0x20000568   Data           0  startup_f6601c.o(STACK)



==============================================================================

Memory Map of the image

  Image Entry point : 0x000000c1

  Load Region LR_IROM1 (Base: 0x00000000, Size: 0x00002820, Max: 0x00020000, ABSOLUTE, COMPRESSED[0x000026d8])

    Execution Region ER_IROM1 (Exec base: 0x00000000, Load base: 0x00000000, Size: 0x0000265c, Max: 0x00020000, ABSOLUTE)

    Exec Addr    Load Addr    Size         Type   Attr      Idx    E Section Name        Object

    0x00000000   0x00000000   0x000000c0   Data   RO         1225    RESET               startup_f6601c.o
    0x000000c0   0x000000c0   0x00000000   Code   RO         1233  * .ARM.Collect$$$$00000000  mc_p.l(entry.o)
    0x000000c0   0x000000c0   0x00000004   Code   RO         1509    .ARM.Collect$$$$00000001  mc_p.l(entry2.o)
    0x000000c4   0x000000c4   0x00000004   Code   RO         1512    .ARM.Collect$$$$00000004  mc_p.l(entry5.o)
    0x000000c8   0x000000c8   0x00000000   Code   RO         1514    .ARM.Collect$$$$00000008  mc_p.l(entry7b.o)
    0x000000c8   0x000000c8   0x00000000   Code   RO         1516    .ARM.Collect$$$$0000000A  mc_p.l(entry8b.o)
    0x000000c8   0x000000c8   0x00000008   Code   RO         1517    .ARM.Collect$$$$0000000B  mc_p.l(entry9a.o)
    0x000000d0   0x000000d0   0x00000000   Code   RO         1519    .ARM.Collect$$$$0000000D  mc_p.l(entry10a.o)
    0x000000d0   0x000000d0   0x00000000   Code   RO         1521    .ARM.Collect$$$$0000000F  mc_p.l(entry11a.o)
    0x000000d0   0x000000d0   0x00000004   Code   RO         1510    .ARM.Collect$$$$00002712  mc_p.l(entry2.o)
    0x000000d4   0x000000d4   0x00000038   Code   RO         1227    .text               startup_f6601c.o
    0x0000010c   0x0000010c   0x0000002c   Code   RO         1236    .text               mc_p.l(uidiv.o)
    0x00000138   0x00000138   0x00000024   Code   RO         1238    .text               mc_p.l(memcpya.o)
    0x0000015c   0x0000015c   0x00000024   Code   RO         1240    .text               mc_p.l(memseta.o)
    0x00000180   0x00000180   0x0000001a   Code   RO         1242    .text               mc_p.l(memcmp.o)
    0x0000019a   0x0000019a   0x00000060   Code   RO         1524    .text               mc_p.l(uldiv.o)
    0x000001fa   0x000001fa   0x00000002   PAD
    0x000001fc   0x000001fc   0x00000024   Code   RO         1537    .text               mc_p.l(init.o)
    0x00000220   0x00000220   0x00000020   Code   RO         1539    .text               mc_p.l(llshl.o)
    0x00000240   0x00000240   0x00000022   Code   RO         1541    .text               mc_p.l(llushr.o)
    0x00000262   0x00000262   0x00000056   Code   RO         1557    .text               mc_p.l(__dczerorl2.o)
    0x000002b8   0x000002b8   0x0000000e   Code   RO          823    i.ADC_BufConvertValue  adc.o
    0x000002c6   0x000002c6   0x00000002   PAD
    0x000002c8   0x000002c8   0x00000048   Code   RO         1158    i.ADC_Callback      adc_module.o
    0x00000310   0x00000310   0x0000006c   Code   RO          824    i.ADC_ChannelConfig  adc.o
    0x0000037c   0x0000037c   0x00000060   Code   RO          829    i.ADC_DmaCallback   adc.o
    0x000003dc   0x000003dc   0x0000001a   Code   RO          831    i.ADC_FifoConvertValue  adc.o
    0x000003f6   0x000003f6   0x0000000a   Code   RO          283    i.Clock_IsNowStable  clock.o
    0x00000400   0x00000400   0x00000008   Code   RO         1226    .ARM.__at_0x400     startup_f6601c.o
    0x00000408   0x00000408   0x00000068   Code   RO          830    i.ADC_DmaConfig     adc.o
    0x00000470   0x00000470   0x0000010c   Code   RO          832    i.ADC_Init          adc.o
    0x0000057c   0x0000057c   0x000000d8   Code   RO          833    i.ADC_ReadConvertValue  adc.o
    0x00000654   0x00000654   0x00000032   Code   RO          834    i.ADC_SelectChannel  adc.o
    0x00000686   0x00000686   0x00000012   Code   RO          836    i.ADC_TryLock       adc.o
    0x00000698   0x00000698   0x000000d8   Code   RO          281    i.CLOCK_SetConfig   clock.o
    0x00000770   0x00000770   0x00000010   Code   RO          282    i.Clock_GetPllReferenceClock  clock.o
    0x00000780   0x00000780   0x00000080   Code   RO          599    i.DMA_CommonIRQHandler  dma.o
    0x00000800   0x00000800   0x00000030   Code   RO          600    i.DMA_DeInit        dma.o
    0x00000830   0x00000830   0x000000a8   Code   RO          602    i.DMA_Init          dma.o
    0x000008d8   0x000008d8   0x000000d0   Code   RO          603    i.DMA_Start         dma.o
    0x000009a8   0x000009a8   0x0000002c   Code   RO         1193    i.DebugConsoleInit  printf_1.o
    0x000009d4   0x000009d4   0x00000018   Code   RO          422    i.ETM0_IRQHandler   etm.o
    0x000009ec   0x000009ec   0x00000010   Code   RO         1023    i.ETM1Callback      sif_module.o
    0x000009fc   0x000009fc   0x00000018   Code   RO          423    i.ETM1_IRQHandler   etm.o
    0x00000a14   0x00000a14   0x0000003c   Code   RO         1024    i.ETM2Callback      sif_module.o
    0x00000a50   0x00000a50   0x00000018   Code   RO          424    i.ETM2_IRQHandler   etm.o
    0x00000a68   0x00000a68   0x00000018   Code   RO          425    i.ETM3_IRQHandler   etm.o
    0x00000a80   0x00000a80   0x00000018   Code   RO          426    i.ETM4_IRQHandler   etm.o
    0x00000a98   0x00000a98   0x00000018   Code   RO          427    i.ETM5_IRQHandler   etm.o
    0x00000ab0   0x00000ab0   0x000000a8   Code   RO          428    i.ETM_CommonIRQHandler  etm.o
    0x00000b58   0x00000b58   0x00000008   Code   RO          431    i.ETM_EnableInterrupts  etm.o
    0x00000b60   0x00000b60   0x0000001c   Code   RO          433    i.ETM_GetInstance   etm.o
    0x00000b7c   0x00000b7c   0x000000b8   Code   RO          435    i.ETM_InitTimeBase  etm.o
    0x00000c34   0x00000c34   0x00000020   Code   RO          443    i.ETM_StartTimeBase  etm.o
    0x00000c54   0x00000c54   0x0000001e   Code   RO          446    i.ETM_StopTimeBase  etm.o
    0x00000c72   0x00000c72   0x00000026   Code   RO          448    i.ETM_WaitTbStop    etm.o
    0x00000c98   0x00000c98   0x0000001c   Code   RO          344    i.GPIO_GetInstance  gpio.o
    0x00000cb4   0x00000cb4   0x00000160   Code   RO          345    i.GPIO_Init         gpio.o
    0x00000e14   0x00000e14   0x0000001c   Code   RO          348    i.GPIO_PinWrite     gpio.o
    0x00000e30   0x00000e30   0x00000048   Code   RO          351    i.GPIO_SetPullUp    gpio.o
    0x00000e78   0x00000e78   0x0000000c   Code   RO          838    i.Hold_ResetStatusTillStable  adc.o
    0x00000e84   0x00000e84   0x00000010   Code   RO          604    i.INT20_Handler     dma.o
    0x00000e94   0x00000e94   0x00000040   Code   RO          950    i.INT21_Handler     gpio_module.o
    0x00000ed4   0x00000ed4   0x000000c4   Code   RO          839    i.INT26_Handler     adc.o
    0x00000f98   0x00000f98   0x00000014   Code   RO          652    i.NVIC_EnableIRQ    uart.o
    0x00000fac   0x00000fac   0x000000cc   Code   RO          285    i.OSC_SetConfig     clock.o
    0x00001078   0x00001078   0x0000023c   Code   RO          287    i.PeriphClk_SetConfig  clock.o
    0x000012b4   0x000012b4   0x00000028   Code   RO          164    i.SysTick_DelayMS   systick.o
    0x000012dc   0x000012dc   0x00000088   Code   RO          166    i.SysTick_DelayUS   systick.o
    0x00001364   0x00001364   0x0000003c   Code   RO          170    i.SysTick_Init      systick.o
    0x000013a0   0x000013a0   0x00000058   Code   RO          133    i.SystemInit        sysinit.o
    0x000013f8   0x000013f8   0x00000002   Code   RO          173    i.Systick_Callback  systick.o
    0x000013fa   0x000013fa   0x00000002   PAD
    0x000013fc   0x000013fc   0x0000003c   Code   RO          174    i.Systick_InterruptHandler  systick.o
    0x00001438   0x00001438   0x0000001c   Code   RO          653    i.UART0_InterruptHandler  uart.o
    0x00001454   0x00001454   0x0000001c   Code   RO          654    i.UART1_InterruptHandler  uart.o
    0x00001470   0x00001470   0x0000001c   Code   RO          655    i.UART2_InterruptHandler  uart.o
    0x0000148c   0x0000148c   0x00000170   Code   RO          664    i.UART_Init         uart.o
    0x000015fc   0x000015fc   0x00000120   Code   RO          665    i.UART_InterruptHandler  uart.o
    0x0000171c   0x0000171c   0x0000000a   Code   RO          666    i.UART_PutChar      uart.o
    0x00001726   0x00001726   0x0000004e   Code   RO          669    i.UART_RxInterruptHandler  uart.o
    0x00001774   0x00001774   0x000000c2   Code   RO          670    i.UART_RxProcessData  uart.o
    0x00001836   0x00001836   0x00000040   Code   RO          675    i.UART_TxInterruptHandler  uart.o
    0x00001876   0x00001876   0x000000ee   Code   RO          676    i.UART_TxProcessData  uart.o
    0x00001964   0x00001964   0x00000090   Code   RO         1194    i.UartPinMuxConfig  printf_1.o
    0x000019f4   0x000019f4   0x00000034   Code   RO          175    i.WaitTillTimeout   systick.o
    0x00001a28   0x00001a28   0x00000014   Code   RO          176    i.WaitTimerInit     systick.o
    0x00001a3c   0x00001a3c   0x00000020   Code   RO         1453    i.__0printf$8       mc_p.l(printf8.o)
    0x00001a5c   0x00001a5c   0x0000000e   Code   RO         1551    i.__scatterload_copy  mc_p.l(handlers.o)
    0x00001a6a   0x00001a6a   0x00000002   Code   RO         1552    i.__scatterload_null  mc_p.l(handlers.o)
    0x00001a6c   0x00001a6c   0x0000000e   Code   RO         1553    i.__scatterload_zeroinit  mc_p.l(handlers.o)
    0x00001a7a   0x00001a7a   0x00000002   PAD
    0x00001a7c   0x00001a7c   0x00000428   Code   RO         1460    i._printf_core      mc_p.l(printf8.o)
    0x00001ea4   0x00001ea4   0x00000020   Code   RO         1461    i._printf_post_padding  mc_p.l(printf8.o)
    0x00001ec4   0x00001ec4   0x0000002c   Code   RO         1462    i._printf_pre_padding  mc_p.l(printf8.o)
    0x00001ef0   0x00001ef0   0x000000a8   Code   RO         1159    i.adc_get_voltage   adc_module.o
    0x00001f98   0x00001f98   0x000000b8   Code   RO         1160    i.adc_init          adc_module.o
    0x00002050   0x00002050   0x00000030   Code   RO         1078    i.aip1640_Init      tm1640.o
    0x00002080   0x00002080   0x00000060   Code   RO         1079    i.aip1640_WriteArrayData  tm1640.o
    0x000020e0   0x000020e0   0x00000054   Code   RO         1080    i.aip1640_WriteData  tm1640.o
    0x00002134   0x00002134   0x00000014   Code   RO         1082    i.aip1640_write     tm1640.o
    0x00002148   0x00002148   0x00000064   Code   RO          994    i.etm1_timerinit    etm_module.o
    0x000021ac   0x000021ac   0x00000064   Code   RO          995    i.etm2_timerinit    etm_module.o
    0x00002210   0x00002210   0x00000024   Code   RO         1195    i.fputc             printf_1.o
    0x00002234   0x00002234   0x00000038   Code   RO          951    i.gpio_aip16400_init  gpio_module.o
    0x0000226c   0x0000226c   0x00000014   Code   RO          952    i.gpio_input_init   gpio_module.o
    0x00002280   0x00002280   0x00000016   Code   RO          954    i.gpio_output_init  gpio_module.o
    0x00002296   0x00002296   0x00000002   PAD
    0x00002298   0x00002298   0x00000114   Code   RO         1083    i.lcd_display_process  tm1640.o
    0x000023ac   0x000023ac   0x00000084   Code   RO         1084    i.led_start_check   tm1640.o
    0x00002430   0x00002430   0x00000064   Code   RO            3    i.main              gpio_example.o
    0x00002494   0x00002494   0x00000014   Code   RO         1085    i.set_always_on_light  tm1640.o
    0x000024a8   0x000024a8   0x000000bc   Code   RO         1026    i.sif_process       sif_module.o
    0x00002564   0x00002564   0x00000030   Code   RO         1086    i.start             tm1640.o
    0x00002594   0x00002594   0x00000028   Code   RO         1087    i.stop              tm1640.o
    0x000025bc   0x000025bc   0x0000002a   Code   RO         1027    i.verifyFrame       sif_module.o
    0x000025e6   0x000025e6   0x00000002   PAD
    0x000025e8   0x000025e8   0x00000014   Data   RO          353    .constdata          gpio.o
    0x000025fc   0x000025fc   0x00000020   Data   RO          450    .constdata          etm.o
    0x0000261c   0x0000261c   0x00000004   Data   RO          605    .constdata          dma.o
    0x00002620   0x00002620   0x00000019   Data   RO         1162    .constdata          adc_module.o
    0x00002639   0x00002639   0x00000003   PAD
    0x0000263c   0x0000263c   0x00000020   Data   RO         1549    Region$$Table       anon$$obj.o


    Execution Region RW_IRAM1 (Exec base: 0x20000000, Load base: 0x0000265c, Size: 0x00000568, Max: 0x00001800, ABSOLUTE, COMPRESSED[0x0000007c])

    Exec Addr    Load Addr    Size         Type   Attr      Idx    E Section Name        Object

    0x20000000   COMPRESSED   0x00000020   Data   RW          177    .data               systick.o
    0x20000020   COMPRESSED   0x00000040   Data   RW          354    .data               gpio.o
    0x20000060   COMPRESSED   0x00000004   Data   RW          606    .data               dma.o
    0x20000064   COMPRESSED   0x00000008   Data   RW          678    .data               uart.o
    0x2000006c   COMPRESSED   0x00000008   Data   RW          842    .data               adc.o
    0x20000074   COMPRESSED   0x00000010   Data   RW          996    .data               etm_module.o
    0x20000084   COMPRESSED   0x00000020   Data   RW         1029    .data               sif_module.o
    0x200000a4   COMPRESSED   0x0000000d   Data   RW         1089    .data               tm1640.o
    0x200000b1   COMPRESSED   0x00000003   PAD
    0x200000b4   COMPRESSED   0x0000010c   Data   RW         1163    .data               adc_module.o
    0x200001c0   COMPRESSED   0x00000004   Data   RW         1523    .data               mc_p.l(stdout.o)
    0x200001c4        -       0x00000018   Zero   RW          449    .bss                etm.o
    0x200001dc        -       0x00000018   Zero   RW          677    .bss                uart.o
    0x200001f4        -       0x00000014   Zero   RW          841    .bss                adc.o
    0x20000208        -       0x0000000c   Zero   RW         1028    .bss                sif_module.o
    0x20000214        -       0x00000030   Zero   RW         1088    .bss                tm1640.o
    0x20000244        -       0x00000024   Zero   RW         1161    .bss                adc_module.o
    0x20000268        -       0x00000300   Zero   RW         1223    STACK               startup_f6601c.o


==============================================================================

Image component sizes


      Code (inc. data)   RO Data    RW Data    ZI Data      Debug   Object Name

      1108         76          0          8         20      16923   adc.o
       424        222         25        268         36       3257   adc_module.o
      1018         46          0          0          0      11184   clock.o
       568         22          4          4          0       5002   dma.o
       632         86         32          0         24       8748   etm.o
       200         36          0         16          0       1785   etm_module.o
       480         40         20         64          0      10145   gpio.o
       100         34          0          0          0      53311   gpio_example.o
       162         54          0          0          0       2689   gpio_module.o
       224         38          0          0          0       2514   printf_1.o
       306        114          0         32         12       4178   sif_module.o
        64         16        192          0        768        716   startup_f6601c.o
        88         14          0          0          0       2677   sysinit.o
       370         50          0         32          0       5155   systick.o
       764         98          0         13         48       7536   tm1640.o
      1344         78          0          8         24      17513   uart.o

    ----------------------------------------------------------------------
      7860       1024        308        448        932     153333   Object Totals
         0          0         32          0          0          0   (incl. Generated)
         8          0          3          3          0          0   (incl. Padding)

    ----------------------------------------------------------------------

      Code (inc. data)   RO Data    RW Data    ZI Data      Debug   Library Member Name

        86          0          0          0          0          0   __dczerorl2.o
         0          0          0          0          0          0   entry.o
         0          0          0          0          0          0   entry10a.o
         0          0          0          0          0          0   entry11a.o
         8          4          0          0          0          0   entry2.o
         4          0          0          0          0          0   entry5.o
         0          0          0          0          0          0   entry7b.o
         0          0          0          0          0          0   entry8b.o
         8          4          0          0          0          0   entry9a.o
        30          0          0          0          0          0   handlers.o
        36          8          0          0          0         68   init.o
        32          0          0          0          0         68   llshl.o
        34          0          0          0          0         68   llushr.o
        26          0          0          0          0         72   memcmp.o
        36          0          0          0          0         60   memcpya.o
        36          0          0          0          0        100   memseta.o
      1172         52          0          0          0        324   printf8.o
         0          0          0          4          0          0   stdout.o
        44          0          0          0          0         72   uidiv.o
        96          0          0          0          0         84   uldiv.o

    ----------------------------------------------------------------------
      1652         68          0          4          0        916   Library Totals
         4          0          0          0          0          0   (incl. Padding)

    ----------------------------------------------------------------------

      Code (inc. data)   RO Data    RW Data    ZI Data      Debug   Library Name

      1648         68          0          4          0        916   mc_p.l

    ----------------------------------------------------------------------
      1652         68          0          4          0        916   Library Totals

    ----------------------------------------------------------------------

==============================================================================


      Code (inc. data)   RO Data    RW Data    ZI Data      Debug   

      9512       1092        308        452        932     150469   Grand Totals
      9512       1092        308        124        932     150469   ELF Image Totals (compressed)
      9512       1092        308        124          0          0   ROM Totals

==============================================================================

    Total RO  Size (Code + RO Data)                 9820 (   9.59kB)
    Total RW  Size (RW Data + ZI Data)              1384 (   1.35kB)
    Total ROM Size (Code + RO Data + RW Data)       9944 (   9.71kB)

==============================================================================

