Component: ARM Compiler 5.06 update 6 (build 750) Tool: armlink [4d35ed]

==============================================================================

Section Cross References

    gpio_example.o(i.ETM2Callback) refers to gpio.o(i.GPIO_PinToggle) for GPIO_PinToggle
    gpio_example.o(i.ETM2Callback) refers to gpio_example.o(.data) for .data
    gpio_example.o(i.etm_timerinit) refers to clock.o(i.PeriphClk_SetConfig) for PeriphClk_SetConfig
    gpio_example.o(i.etm_timerinit) refers to memseta.o(.text) for __aeabi_memclr4
    gpio_example.o(i.etm_timerinit) refers to etm.o(i.ETM_InitTimeBase) for ETM_InitTimeBase
    gpio_example.o(i.etm_timerinit) refers to etm.o(i.ETM_StartTimeBase) for ETM_StartTimeBase
    gpio_example.o(i.etm_timerinit) refers to etm.o(i.ETM_EnableInterrupts) for ETM_EnableInterrupts
    gpio_example.o(i.etm_timerinit) refers to gpio_example.o(i.ETM2Callback) for ETM2Callback
    gpio_example.o(i.etm_timerinit) refers to gpio_example.o(.data) for .data
    gpio_example.o(i.gpio_output_init) refers to gpio.o(i.GPIO_Init) for GPIO_Init
    gpio_example.o(i.main) refers to systick.o(i.SysTick_Init) for SysTick_Init
    gpio_example.o(i.main) refers to systick.o(i.SysTick_DelayMS) for SysTick_DelayMS
    gpio_example.o(i.main) refers to gpio_example.o(i.gpio_output_init) for gpio_output_init
    gpio_example.o(i.main) refers to gpio_example.o(i.etm_timerinit) for etm_timerinit
    sysinit.o(i.SystemInit) refers to clock.o(i.OSC_SetConfig) for OSC_SetConfig
    sysinit.o(i.SystemInit) refers to clock.o(i.CLOCK_SetConfig) for CLOCK_SetConfig
    systick.o(i.SysTick_DelayAfterTick) refers to systick.o(.data) for .data
    systick.o(i.SysTick_DelayMS) refers to systick.o(i.SysTick_DelayUS) for SysTick_DelayUS
    systick.o(i.SysTick_DelayTicks) refers to systick.o(.data) for .data
    systick.o(i.SysTick_DelayUS) refers to systick.o(.data) for .data
    systick.o(i.SysTick_GetSysTime) refers to systick.o(.data) for .data
    systick.o(i.SysTick_Init) refers to systick.o(.data) for .data
    systick.o(i.SysTick_Init_Ex) refers to uidiv.o(.text) for __aeabi_uidivmod
    systick.o(i.SysTick_Init_Ex) refers to systick.o(.data) for .data
    systick.o(i.SysTick_Interval) refers to systick.o(.data) for .data
    systick.o(i.Systick_InterruptHandler) refers to systick.o(i.Systick_Callback) for Systick_Callback
    systick.o(i.Systick_InterruptHandler) refers to systick.o(.data) for .data
    systick.o(i.WaitTillTimeout) refers to systick.o(.data) for .data
    systick.o(i.WaitTimerInit) refers to systick.o(.data) for .data
    clock.o(i.CLOCK_SetConfig) refers to clock.o(i.Clock_IsNowStable) for Clock_IsNowStable
    clock.o(i.OSC_GetConfig) refers to clock.o(i.Clock_GetPllReferenceClock) for Clock_GetPllReferenceClock
    clock.o(i.PeriphClk_SetConfig) refers to clock.o(i.Clock_IsNowStable) for Clock_IsNowStable
    clock.o(i.PeriphClk_SetConfig) refers to clock.o(i.Clock_GetPllReferenceClock) for Clock_GetPllReferenceClock
    gpio.o(i.GPIO_DeInit) refers to gpio.o(i.GPIO_GetInstance) for GPIO_GetInstance
    gpio.o(i.GPIO_DeInit) refers to gpio.o(i.GPIO_SetPullUp) for GPIO_SetPullUp
    gpio.o(i.GPIO_DeInit) refers to gpio.o(.data) for .data
    gpio.o(i.GPIO_GetInstance) refers to gpio.o(.constdata) for .constdata
    gpio.o(i.GPIO_Init) refers to gpio.o(i.GPIO_GetInstance) for GPIO_GetInstance
    gpio.o(i.GPIO_Init) refers to gpio.o(i.GPIO_SetPullUp) for GPIO_SetPullUp
    gpio.o(i.GPIO_Init) refers to gpio.o(.data) for .data
    gpio.o(i.GPIO_Init) refers to gpio.o(.constdata) for .constdata
    gpio.o(i.GPIO_SetPinFilter) refers to gpio.o(i.GPIO_GetInstance) for GPIO_GetInstance
    etm.o(i.ETM0_IRQHandler) refers to etm.o(i.ETM_CommonIRQHandler) for ETM_CommonIRQHandler
    etm.o(i.ETM0_IRQHandler) refers to etm.o(.bss) for .bss
    etm.o(i.ETM1_IRQHandler) refers to etm.o(i.ETM_CommonIRQHandler) for ETM_CommonIRQHandler
    etm.o(i.ETM1_IRQHandler) refers to etm.o(.bss) for .bss
    etm.o(i.ETM2_IRQHandler) refers to etm.o(i.ETM_CommonIRQHandler) for ETM_CommonIRQHandler
    etm.o(i.ETM2_IRQHandler) refers to etm.o(.bss) for .bss
    etm.o(i.ETM3_IRQHandler) refers to etm.o(i.ETM_CommonIRQHandler) for ETM_CommonIRQHandler
    etm.o(i.ETM3_IRQHandler) refers to etm.o(.bss) for .bss
    etm.o(i.ETM4_IRQHandler) refers to etm.o(i.ETM_CommonIRQHandler) for ETM_CommonIRQHandler
    etm.o(i.ETM4_IRQHandler) refers to etm.o(.bss) for .bss
    etm.o(i.ETM5_IRQHandler) refers to etm.o(i.ETM_CommonIRQHandler) for ETM_CommonIRQHandler
    etm.o(i.ETM5_IRQHandler) refers to etm.o(.bss) for .bss
    etm.o(i.ETM_ConfigSync) refers to uread4.o(.text) for __aeabi_uread4
    etm.o(i.ETM_GetInstance) refers to etm.o(.constdata) for .constdata
    etm.o(i.ETM_InitCapture) refers to etm.o(i.ETM_GetInstance) for ETM_GetInstance
    etm.o(i.ETM_InitCapture) refers to etm.o(i.ETM_StopTimeBase) for ETM_StopTimeBase
    etm.o(i.ETM_InitCapture) refers to etm.o(.bss) for .bss
    etm.o(i.ETM_InitCapture) refers to etm.o(.constdata) for .constdata
    etm.o(i.ETM_InitTimeBase) refers to etm.o(i.ETM_GetInstance) for ETM_GetInstance
    etm.o(i.ETM_InitTimeBase) refers to etm.o(i.ETM_StopTimeBase) for ETM_StopTimeBase
    etm.o(i.ETM_InitTimeBase) refers to etm.o(.bss) for .bss
    etm.o(i.ETM_InitTimeBase) refers to etm.o(.constdata) for .constdata
    etm.o(i.ETM_SetSyncSource) refers to systick.o(i.SysTick_DelayUS) for SysTick_DelayUS
    etm.o(i.ETM_StartCapture) refers to etm.o(i.ETM_StartTimeBase) for ETM_StartTimeBase
    etm.o(i.ETM_StartPWM) refers to etm.o(i.ETM_StartTimeBase) for ETM_StartTimeBase
    etm.o(i.ETM_StartTimeBase) refers to etm.o(i.ETM_WaitTbStop) for ETM_WaitTbStop
    etm.o(i.ETM_StopCapture) refers to etm.o(i.ETM_StopTimeBase) for ETM_StopTimeBase
    etm.o(i.ETM_StopPWM) refers to etm.o(i.ETM_StopTimeBase) for ETM_StopTimeBase
    etm.o(i.ETM_StopTimeBase) refers to etm.o(i.ETM_WaitTbStop) for ETM_WaitTbStop
    etm.o(i.ETM_WaitTbStop) refers to systick.o(i.SysTick_DelayUS) for SysTick_DelayUS
    dma.o(i.DMA_Init) refers to dma.o(.constdata) for .constdata
    dma.o(i.DMA_Init) refers to dma.o(.data) for .data
    dma.o(i.INT20_Handler) refers to dma.o(i.DMA_CommonIRQHandler) for DMA_CommonIRQHandler
    dma.o(i.INT20_Handler) refers to dma.o(.data) for .data
    startup_f6601c.o(RESET) refers to startup_f6601c.o(STACK) for __initial_sp
    startup_f6601c.o(RESET) refers to startup_f6601c.o(.text) for Reset_Handler
    startup_f6601c.o(RESET) refers to systick.o(i.Systick_InterruptHandler) for INT15_Handler
    startup_f6601c.o(RESET) refers to dma.o(i.INT20_Handler) for INT20_Handler
    startup_f6601c.o(RESET) refers to etm.o(i.ETM0_IRQHandler) for INT27_Handler
    startup_f6601c.o(RESET) refers to etm.o(i.ETM1_IRQHandler) for INT28_Handler
    startup_f6601c.o(RESET) refers to etm.o(i.ETM2_IRQHandler) for INT29_Handler
    startup_f6601c.o(RESET) refers to etm.o(i.ETM3_IRQHandler) for INT30_Handler
    startup_f6601c.o(RESET) refers to etm.o(i.ETM4_IRQHandler) for INT40_Handler
    startup_f6601c.o(RESET) refers to etm.o(i.ETM5_IRQHandler) for INT41_Handler
    startup_f6601c.o(.text) refers to sysinit.o(i.SystemInit) for SystemInit
    startup_f6601c.o(.text) refers to entry.o(.ARM.Collect$$$$00000000) for __main
    entry.o(.ARM.Collect$$$$00000000) refers (Special) to entry10a.o(.ARM.Collect$$$$0000000D) for __rt_final_cpp
    entry.o(.ARM.Collect$$$$00000000) refers (Special) to entry11a.o(.ARM.Collect$$$$0000000F) for __rt_final_exit
    entry.o(.ARM.Collect$$$$00000000) refers (Special) to entry7b.o(.ARM.Collect$$$$00000008) for _main_clock
    entry.o(.ARM.Collect$$$$00000000) refers (Special) to entry8b.o(.ARM.Collect$$$$0000000A) for _main_cpp_init
    entry.o(.ARM.Collect$$$$00000000) refers (Special) to entry9a.o(.ARM.Collect$$$$0000000B) for _main_init
    entry.o(.ARM.Collect$$$$00000000) refers (Special) to entry5.o(.ARM.Collect$$$$00000004) for _main_scatterload
    entry.o(.ARM.Collect$$$$00000000) refers (Special) to entry2.o(.ARM.Collect$$$$00000001) for _main_stk
    entry2.o(.ARM.Collect$$$$00000001) refers to entry2.o(.ARM.Collect$$$$00002712) for __lit__00000000
    entry2.o(.ARM.Collect$$$$00002712) refers to startup_f6601c.o(STACK) for __initial_sp
    entry2.o(__vectab_stack_and_reset_area) refers to startup_f6601c.o(STACK) for __initial_sp
    entry2.o(__vectab_stack_and_reset_area) refers to entry.o(.ARM.Collect$$$$00000000) for __main
    entry5.o(.ARM.Collect$$$$00000004) refers to init.o(.text) for __scatterload
    entry9a.o(.ARM.Collect$$$$0000000B) refers to gpio_example.o(i.main) for main
    entry9b.o(.ARM.Collect$$$$0000000C) refers to gpio_example.o(i.main) for main
    init.o(.text) refers to entry5.o(.ARM.Collect$$$$00000004) for __main_after_scatterload


==============================================================================

Removing Unused input sections from the image.

    Removing gpio_example.o(.rev16_text), (4 bytes).
    Removing gpio_example.o(.revsh_text), (4 bytes).
    Removing gpio_example.o(.data), (4 bytes).
    Removing gpio_example.o(.data), (4 bytes).
    Removing sysinit.o(.rev16_text), (4 bytes).
    Removing sysinit.o(.revsh_text), (4 bytes).
    Removing systick.o(.rev16_text), (4 bytes).
    Removing systick.o(.revsh_text), (4 bytes).
    Removing systick.o(i.SysTick_DelayAfterTick), (48 bytes).
    Removing systick.o(i.SysTick_DelayTicks), (48 bytes).
    Removing systick.o(i.SysTick_Disable), (16 bytes).
    Removing systick.o(i.SysTick_Get), (12 bytes).
    Removing systick.o(i.SysTick_GetSysTime), (12 bytes).
    Removing systick.o(i.SysTick_Init_Ex), (112 bytes).
    Removing systick.o(i.SysTick_Interval), (24 bytes).
    Removing systick.o(i.WaitTillTimeout), (52 bytes).
    Removing systick.o(i.WaitTimerInit), (20 bytes).
    Removing common.o(.rev16_text), (4 bytes).
    Removing common.o(.revsh_text), (4 bytes).
    Removing clock.o(.rev16_text), (4 bytes).
    Removing clock.o(.revsh_text), (4 bytes).
    Removing clock.o(i.CLOCK_GetConfig), (44 bytes).
    Removing clock.o(i.OSC_GetConfig), (92 bytes).
    Removing clock.o(i.PeriphClk_GetConfig), (92 bytes).
    Removing gpio.o(.rev16_text), (4 bytes).
    Removing gpio.o(.revsh_text), (4 bytes).
    Removing gpio.o(i.GPIO_DeInit), (168 bytes).
    Removing gpio.o(i.GPIO_PinRead), (14 bytes).
    Removing gpio.o(i.GPIO_PinWrite), (28 bytes).
    Removing gpio.o(i.GPIO_SetPinDirection), (34 bytes).
    Removing gpio.o(i.GPIO_SetPinFilter), (384 bytes).
    Removing gpio.o(i.GPIO_TriggerADC), (16 bytes).
    Removing etm.o(.rev16_text), (4 bytes).
    Removing etm.o(.revsh_text), (4 bytes).
    Removing etm.o(i.ETM_ConfigSync), (84 bytes).
    Removing etm.o(i.ETM_DisableInterrupts), (8 bytes).
    Removing etm.o(i.ETM_GetCaptureValue), (24 bytes).
    Removing etm.o(i.ETM_InitCapture), (144 bytes).
    Removing etm.o(i.ETM_SetPWMChannel), (132 bytes).
    Removing etm.o(i.ETM_SetPWMDuty), (28 bytes).
    Removing etm.o(i.ETM_SetSoftwareForceOutput), (42 bytes).
    Removing etm.o(i.ETM_SetSyncSource), (64 bytes).
    Removing etm.o(i.ETM_SetTriggerMode), (82 bytes).
    Removing etm.o(i.ETM_StartCapture), (24 bytes).
    Removing etm.o(i.ETM_StartPWM), (24 bytes).
    Removing etm.o(i.ETM_StopCapture), (30 bytes).
    Removing etm.o(i.ETM_StopPWM), (14 bytes).
    Removing etm.o(i.ETM_TriggerADC), (30 bytes).
    Removing etm.o(.data), (4 bytes).
    Removing dma.o(.rev16_text), (4 bytes).
    Removing dma.o(.revsh_text), (4 bytes).
    Removing dma.o(i.DMA_DeInit), (48 bytes).
    Removing dma.o(i.DMA_GetDefaultConfig), (12 bytes).
    Removing dma.o(i.DMA_Init), (168 bytes).
    Removing dma.o(i.DMA_Start), (208 bytes).
    Removing dma.o(.constdata), (4 bytes).
    Removing startup_f6601c.o(HEAP), (0 bytes).

57 unused section(s) (total 2462 bytes) removed from the image.

==============================================================================

Image Symbol Table

    Local Symbols

    Symbol Name                              Value     Ov Type        Size  Object(Section)

    RESET                                    0x00000000   Section      192  startup_f6601c.o(RESET)
    ../clib/microlib/division.c              0x00000000   Number         0  uidiv.o ABSOLUTE
    ../clib/microlib/init/entry.s            0x00000000   Number         0  entry11a.o ABSOLUTE
    ../clib/microlib/init/entry.s            0x00000000   Number         0  entry10b.o ABSOLUTE
    ../clib/microlib/init/entry.s            0x00000000   Number         0  entry9b.o ABSOLUTE
    ../clib/microlib/init/entry.s            0x00000000   Number         0  entry.o ABSOLUTE
    ../clib/microlib/init/entry.s            0x00000000   Number         0  entry10a.o ABSOLUTE
    ../clib/microlib/init/entry.s            0x00000000   Number         0  entry7a.o ABSOLUTE
    ../clib/microlib/init/entry.s            0x00000000   Number         0  entry2.o ABSOLUTE
    ../clib/microlib/init/entry.s            0x00000000   Number         0  entry9a.o ABSOLUTE
    ../clib/microlib/init/entry.s            0x00000000   Number         0  entry5.o ABSOLUTE
    ../clib/microlib/init/entry.s            0x00000000   Number         0  entry7b.o ABSOLUTE
    ../clib/microlib/init/entry.s            0x00000000   Number         0  entry8a.o ABSOLUTE
    ../clib/microlib/init/entry.s            0x00000000   Number         0  entry11b.o ABSOLUTE
    ../clib/microlib/init/entry.s            0x00000000   Number         0  entry8b.o ABSOLUTE
    ../clib/microlib/string/memset.c         0x00000000   Number         0  memseta.o ABSOLUTE
    ../clib/microlib/unhosted.c              0x00000000   Number         0  uread4.o ABSOLUTE
    ..\..\..\..\..\drv\arch\arm\sysinit.c    0x00000000   Number         0  sysinit.o ABSOLUTE
    ..\..\..\..\..\drv\arch\arm\systick.c    0x00000000   Number         0  systick.o ABSOLUTE
    ..\..\..\..\..\drv\dev\clock\clock.c     0x00000000   Number         0  clock.o ABSOLUTE
    ..\..\..\..\..\drv\dev\dma\dma.c         0x00000000   Number         0  dma.o ABSOLUTE
    ..\..\..\..\..\drv\dev\etm\etm.c         0x00000000   Number         0  etm.o ABSOLUTE
    ..\..\..\..\..\drv\dev\gpio\gpio.c       0x00000000   Number         0  gpio.o ABSOLUTE
    ..\..\..\..\..\lib\common\common.c       0x00000000   Number         0  common.o ABSOLUTE
    ..\..\gpio_example.c                     0x00000000   Number         0  gpio_example.o ABSOLUTE
    ..\\..\\..\\..\\..\\drv\\arch\\arm\\sysinit.c 0x00000000   Number         0  sysinit.o ABSOLUTE
    ..\\..\\..\\..\\..\\drv\\arch\\arm\\systick.c 0x00000000   Number         0  systick.o ABSOLUTE
    ..\\..\\..\\..\\..\\drv\\dev\\clock\\clock.c 0x00000000   Number         0  clock.o ABSOLUTE
    ..\\..\\..\\..\\..\\drv\\dev\\dma\\dma.c 0x00000000   Number         0  dma.o ABSOLUTE
    ..\\..\\..\\..\\..\\drv\\dev\\etm\\etm.c 0x00000000   Number         0  etm.o ABSOLUTE
    ..\\..\\..\\..\\..\\drv\\dev\\gpio\\gpio.c 0x00000000   Number         0  gpio.o ABSOLUTE
    ..\\..\\..\\..\\..\\lib\\common\\common.c 0x00000000   Number         0  common.o ABSOLUTE
    ..\\..\\gpio_example.c                   0x00000000   Number         0  gpio_example.o ABSOLUTE
    RTE\Device\F6608HCPCC\startup_f6601c.s   0x00000000   Number         0  startup_f6601c.o ABSOLUTE
    dc.s                                     0x00000000   Number         0  dc.o ABSOLUTE
    handlers.s                               0x00000000   Number         0  handlers.o ABSOLUTE
    init.s                                   0x00000000   Number         0  init.o ABSOLUTE
    .ARM.Collect$$$$00000000                 0x000000c0   Section        0  entry.o(.ARM.Collect$$$$00000000)
    .ARM.Collect$$$$00000001                 0x000000c0   Section        4  entry2.o(.ARM.Collect$$$$00000001)
    .ARM.Collect$$$$00000004                 0x000000c4   Section        4  entry5.o(.ARM.Collect$$$$00000004)
    .ARM.Collect$$$$00000008                 0x000000c8   Section        0  entry7b.o(.ARM.Collect$$$$00000008)
    .ARM.Collect$$$$0000000A                 0x000000c8   Section        0  entry8b.o(.ARM.Collect$$$$0000000A)
    .ARM.Collect$$$$0000000B                 0x000000c8   Section        8  entry9a.o(.ARM.Collect$$$$0000000B)
    .ARM.Collect$$$$0000000D                 0x000000d0   Section        0  entry10a.o(.ARM.Collect$$$$0000000D)
    .ARM.Collect$$$$0000000F                 0x000000d0   Section        0  entry11a.o(.ARM.Collect$$$$0000000F)
    .ARM.Collect$$$$00002712                 0x000000d0   Section        4  entry2.o(.ARM.Collect$$$$00002712)
    __lit__00000000                          0x000000d0   Data           4  entry2.o(.ARM.Collect$$$$00002712)
    .text                                    0x000000d4   Section       56  startup_f6601c.o(.text)
    .text                                    0x0000010c   Section        0  memseta.o(.text)
    .text                                    0x00000130   Section       36  init.o(.text)
    i.CLOCK_SetConfig                        0x00000154   Section        0  clock.o(i.CLOCK_SetConfig)
    i.Clock_GetPllReferenceClock             0x0000022c   Section        0  clock.o(i.Clock_GetPllReferenceClock)
    Clock_GetPllReferenceClock               0x0000022d   Thumb Code    10  clock.o(i.Clock_GetPllReferenceClock)
    i.Clock_IsNowStable                      0x0000023c   Section        0  clock.o(i.Clock_IsNowStable)
    Clock_IsNowStable                        0x0000023d   Thumb Code    10  clock.o(i.Clock_IsNowStable)
    i.DMA_CommonIRQHandler                   0x00000246   Section        0  dma.o(i.DMA_CommonIRQHandler)
    DMA_CommonIRQHandler                     0x00000247   Thumb Code   128  dma.o(i.DMA_CommonIRQHandler)
    i.ETM0_IRQHandler                        0x000002c8   Section        0  etm.o(i.ETM0_IRQHandler)
    i.ETM1_IRQHandler                        0x000002e0   Section        0  etm.o(i.ETM1_IRQHandler)
    i.ETM2Callback                           0x000002f8   Section        0  gpio_example.o(i.ETM2Callback)
    i.ETM2_IRQHandler                        0x0000031c   Section        0  etm.o(i.ETM2_IRQHandler)
    i.ETM3_IRQHandler                        0x00000334   Section        0  etm.o(i.ETM3_IRQHandler)
    i.ETM4_IRQHandler                        0x0000034c   Section        0  etm.o(i.ETM4_IRQHandler)
    i.ETM5_IRQHandler                        0x00000364   Section        0  etm.o(i.ETM5_IRQHandler)
    i.ETM_EnableInterrupts                   0x0000037c   Section        0  etm.o(i.ETM_EnableInterrupts)
    i.ETM_GetInstance                        0x00000384   Section        0  etm.o(i.ETM_GetInstance)
    ETM_GetInstance                          0x00000385   Thumb Code    22  etm.o(i.ETM_GetInstance)
    i.ETM_StartTimeBase                      0x000003a0   Section        0  etm.o(i.ETM_StartTimeBase)
    i.ETM_StopTimeBase                       0x000003c0   Section        0  etm.o(i.ETM_StopTimeBase)
    i.GPIO_GetInstance                       0x000003e0   Section        0  gpio.o(i.GPIO_GetInstance)
    GPIO_GetInstance                         0x000003e1   Thumb Code    22  gpio.o(i.GPIO_GetInstance)
    i.Systick_Callback                       0x000003fc   Section        0  systick.o(i.Systick_Callback)
    i.__scatterload_null                     0x000003fe   Section        2  handlers.o(i.__scatterload_null)
    .ARM.__at_0x400                          0x00000400   Section        8  startup_f6601c.o(.ARM.__at_0x400)
    i.ETM_CommonIRQHandler                   0x00000408   Section        0  etm.o(i.ETM_CommonIRQHandler)
    ETM_CommonIRQHandler                     0x00000409   Thumb Code   168  etm.o(i.ETM_CommonIRQHandler)
    i.ETM_InitTimeBase                       0x000004b0   Section        0  etm.o(i.ETM_InitTimeBase)
    i.ETM_WaitTbStop                         0x00000568   Section        0  etm.o(i.ETM_WaitTbStop)
    ETM_WaitTbStop                           0x00000569   Thumb Code    38  etm.o(i.ETM_WaitTbStop)
    i.GPIO_Init                              0x00000590   Section        0  gpio.o(i.GPIO_Init)
    i.GPIO_PinToggle                         0x000006f0   Section        0  gpio.o(i.GPIO_PinToggle)
    i.GPIO_SetPullUp                         0x00000710   Section        0  gpio.o(i.GPIO_SetPullUp)
    GPIO_SetPullUp                           0x00000711   Thumb Code    68  gpio.o(i.GPIO_SetPullUp)
    i.INT20_Handler                          0x00000758   Section        0  dma.o(i.INT20_Handler)
    DMA0_IRQHandler                          0x00000759   Thumb Code     0  dma.o(i.INT20_Handler)
    i.OSC_SetConfig                          0x00000768   Section        0  clock.o(i.OSC_SetConfig)
    i.PeriphClk_SetConfig                    0x00000834   Section        0  clock.o(i.PeriphClk_SetConfig)
    i.SysTick_DelayMS                        0x00000a70   Section        0  systick.o(i.SysTick_DelayMS)
    i.SysTick_DelayUS                        0x00000a98   Section        0  systick.o(i.SysTick_DelayUS)
    i.SysTick_Init                           0x00000b20   Section        0  systick.o(i.SysTick_Init)
    i.SystemInit                             0x00000b5c   Section        0  sysinit.o(i.SystemInit)
    i.Systick_InterruptHandler               0x00000bb4   Section        0  systick.o(i.Systick_InterruptHandler)
    i.__scatterload_copy                     0x00000bf0   Section       14  handlers.o(i.__scatterload_copy)
    i.__scatterload_zeroinit                 0x00000bfe   Section       14  handlers.o(i.__scatterload_zeroinit)
    i.etm_timerinit                          0x00000c0c   Section        0  gpio_example.o(i.etm_timerinit)
    i.gpio_output_init                       0x00000c6c   Section        0  gpio_example.o(i.gpio_output_init)
    i.main                                   0x00000c8c   Section        0  gpio_example.o(i.main)
    .constdata                               0x00000ca4   Section       20  gpio.o(.constdata)
    s_GPIOBases                              0x00000ca8   Data          16  gpio.o(.constdata)
    .constdata                               0x00000cb8   Section       32  etm.o(.constdata)
    s_ETMBases                               0x00000cc0   Data          24  etm.o(.constdata)
    .data                                    0x20000000   Section       12  gpio_example.o(.data)
    .data                                    0x20000010   Section       32  systick.o(.data)
    s_MSIntNum                               0x20000010   Data           4  systick.o(.data)
    s_CallbackIntNum                         0x20000014   Data           4  systick.o(.data)
    s_TimerIntCnt                            0x20000018   Data           4  systick.o(.data)
    s_CallbackIntCnt                         0x2000001c   Data           4  systick.o(.data)
    reload_ticks                             0x20000020   Data           4  systick.o(.data)
    s_sysTime                                0x20000028   Data           8  systick.o(.data)
    .data                                    0x20000030   Section       64  gpio.o(.data)
    s_AnalogFuncSel                          0x20000030   Data          64  gpio.o(.data)
    .data                                    0x20000070   Section        4  dma.o(.data)
    s_dmaHandle                              0x20000070   Data           4  dma.o(.data)
    .bss                                     0x20000074   Section       24  etm.o(.bss)
    s_ETMHandle                              0x20000074   Data          24  etm.o(.bss)
    STACK                                    0x20000090   Section      768  startup_f6601c.o(STACK)

    Global Symbols

    Symbol Name                              Value     Ov Type        Size  Object(Section)

    BuildAttributes$$THM_ISAv3M$S$PE$A:L22$X:L11$S22$IEEE1$IW$USESV6$~STKCKD$USESV7$~SHL$OSPACE$EBA8$MICROLIB$REQ8$PRES8$EABIv2 0x00000000   Number         0  anon$$obj.o ABSOLUTE
    __ARM_use_no_argv                        0x00000000   Number         0  gpio_example.o ABSOLUTE
    __Vectors                                0x00000000   Data           4  startup_f6601c.o(RESET)
    __cpp_initialize__aeabi_                  - Undefined Weak Reference
    __cxa_finalize                            - Undefined Weak Reference
    __decompress                              - Undefined Weak Reference
    _clock_init                               - Undefined Weak Reference
    _microlib_exit                            - Undefined Weak Reference
    __Vectors_End                            0x000000c0   Data           0  startup_f6601c.o(RESET)
    __Vectors_Size                           0x000000c0   Number         0  startup_f6601c.o ABSOLUTE
    __main                                   0x000000c1   Thumb Code     0  entry.o(.ARM.Collect$$$$00000000)
    _main_stk                                0x000000c1   Thumb Code     0  entry2.o(.ARM.Collect$$$$00000001)
    _main_scatterload                        0x000000c5   Thumb Code     0  entry5.o(.ARM.Collect$$$$00000004)
    __main_after_scatterload                 0x000000c9   Thumb Code     0  entry5.o(.ARM.Collect$$$$00000004)
    _main_clock                              0x000000c9   Thumb Code     0  entry7b.o(.ARM.Collect$$$$00000008)
    _main_cpp_init                           0x000000c9   Thumb Code     0  entry8b.o(.ARM.Collect$$$$0000000A)
    _main_init                               0x000000c9   Thumb Code     0  entry9a.o(.ARM.Collect$$$$0000000B)
    __rt_final_cpp                           0x000000d1   Thumb Code     0  entry10a.o(.ARM.Collect$$$$0000000D)
    __rt_final_exit                          0x000000d1   Thumb Code     0  entry11a.o(.ARM.Collect$$$$0000000F)
    Reset_Handler                            0x000000d5   Thumb Code    46  startup_f6601c.o(.text)
    INT02_Handler                            0x00000103   Thumb Code     0  startup_f6601c.o(.text)
    INT03_Handler                            0x00000103   Thumb Code     0  startup_f6601c.o(.text)
    INT04_Handler                            0x00000103   Thumb Code     0  startup_f6601c.o(.text)
    INT05_Handler                            0x00000103   Thumb Code     0  startup_f6601c.o(.text)
    INT06_Handler                            0x00000103   Thumb Code     0  startup_f6601c.o(.text)
    INT07_Handler                            0x00000103   Thumb Code     0  startup_f6601c.o(.text)
    INT08_Handler                            0x00000103   Thumb Code     0  startup_f6601c.o(.text)
    INT09_Handler                            0x00000103   Thumb Code     0  startup_f6601c.o(.text)
    INT10_Handler                            0x00000103   Thumb Code     0  startup_f6601c.o(.text)
    INT11_Handler                            0x00000103   Thumb Code     0  startup_f6601c.o(.text)
    INT12_Handler                            0x00000103   Thumb Code     0  startup_f6601c.o(.text)
    INT13_Handler                            0x00000103   Thumb Code     0  startup_f6601c.o(.text)
    INT14_Handler                            0x00000103   Thumb Code     0  startup_f6601c.o(.text)
    INT16_Handler                            0x00000103   Thumb Code     0  startup_f6601c.o(.text)
    INT17_Handler                            0x00000103   Thumb Code     0  startup_f6601c.o(.text)
    INT18_Handler                            0x00000103   Thumb Code     0  startup_f6601c.o(.text)
    INT19_Handler                            0x00000103   Thumb Code     0  startup_f6601c.o(.text)
    INT21_Handler                            0x00000103   Thumb Code     0  startup_f6601c.o(.text)
    INT22_Handler                            0x00000103   Thumb Code     0  startup_f6601c.o(.text)
    INT23_Handler                            0x00000103   Thumb Code     0  startup_f6601c.o(.text)
    INT24_Handler                            0x00000103   Thumb Code     0  startup_f6601c.o(.text)
    INT25_Handler                            0x00000103   Thumb Code     0  startup_f6601c.o(.text)
    INT26_Handler                            0x00000103   Thumb Code     0  startup_f6601c.o(.text)
    INT31_Handler                            0x00000103   Thumb Code     0  startup_f6601c.o(.text)
    INT32_Handler                            0x00000103   Thumb Code     0  startup_f6601c.o(.text)
    INT33_Handler                            0x00000103   Thumb Code     0  startup_f6601c.o(.text)
    INT34_Handler                            0x00000103   Thumb Code     0  startup_f6601c.o(.text)
    INT35_Handler                            0x00000103   Thumb Code     0  startup_f6601c.o(.text)
    INT36_Handler                            0x00000103   Thumb Code     0  startup_f6601c.o(.text)
    INT37_Handler                            0x00000103   Thumb Code     0  startup_f6601c.o(.text)
    INT38_Handler                            0x00000103   Thumb Code     0  startup_f6601c.o(.text)
    INT39_Handler                            0x00000103   Thumb Code     0  startup_f6601c.o(.text)
    INT42_Handler                            0x00000103   Thumb Code     0  startup_f6601c.o(.text)
    INT43_Handler                            0x00000103   Thumb Code     0  startup_f6601c.o(.text)
    INT44_Handler                            0x00000103   Thumb Code     0  startup_f6601c.o(.text)
    INT45_Handler                            0x00000103   Thumb Code     0  startup_f6601c.o(.text)
    INT46_Handler                            0x00000103   Thumb Code     0  startup_f6601c.o(.text)
    INT47_Handler                            0x00000103   Thumb Code     0  startup_f6601c.o(.text)
    __aeabi_memset                           0x0000010d   Thumb Code    14  memseta.o(.text)
    __aeabi_memset4                          0x0000010d   Thumb Code     0  memseta.o(.text)
    __aeabi_memset8                          0x0000010d   Thumb Code     0  memseta.o(.text)
    __aeabi_memclr                           0x0000011b   Thumb Code     4  memseta.o(.text)
    __aeabi_memclr4                          0x0000011b   Thumb Code     0  memseta.o(.text)
    __aeabi_memclr8                          0x0000011b   Thumb Code     0  memseta.o(.text)
    _memset$wrapper                          0x0000011f   Thumb Code    18  memseta.o(.text)
    __scatterload                            0x00000131   Thumb Code    28  init.o(.text)
    __scatterload_rt2                        0x00000131   Thumb Code     0  init.o(.text)
    CLOCK_SetConfig                          0x00000155   Thumb Code   202  clock.o(i.CLOCK_SetConfig)
    ETM0_IRQHandler                          0x000002c9   Thumb Code    14  etm.o(i.ETM0_IRQHandler)
    INT27_Handler                            0x000002c9   Thumb Code     0  etm.o(i.ETM0_IRQHandler)
    ETM1_IRQHandler                          0x000002e1   Thumb Code    14  etm.o(i.ETM1_IRQHandler)
    INT28_Handler                            0x000002e1   Thumb Code     0  etm.o(i.ETM1_IRQHandler)
    ETM2Callback                             0x000002f9   Thumb Code    26  gpio_example.o(i.ETM2Callback)
    ETM2_IRQHandler                          0x0000031d   Thumb Code    14  etm.o(i.ETM2_IRQHandler)
    INT29_Handler                            0x0000031d   Thumb Code     0  etm.o(i.ETM2_IRQHandler)
    ETM3_IRQHandler                          0x00000335   Thumb Code    14  etm.o(i.ETM3_IRQHandler)
    INT30_Handler                            0x00000335   Thumb Code     0  etm.o(i.ETM3_IRQHandler)
    ETM4_IRQHandler                          0x0000034d   Thumb Code    14  etm.o(i.ETM4_IRQHandler)
    INT40_Handler                            0x0000034d   Thumb Code     0  etm.o(i.ETM4_IRQHandler)
    ETM5_IRQHandler                          0x00000365   Thumb Code    14  etm.o(i.ETM5_IRQHandler)
    INT41_Handler                            0x00000365   Thumb Code     0  etm.o(i.ETM5_IRQHandler)
    ETM_EnableInterrupts                     0x0000037d   Thumb Code     8  etm.o(i.ETM_EnableInterrupts)
    ETM_StartTimeBase                        0x000003a1   Thumb Code    32  etm.o(i.ETM_StartTimeBase)
    ETM_StopTimeBase                         0x000003c1   Thumb Code    30  etm.o(i.ETM_StopTimeBase)
    Systick_Callback                         0x000003fd   Thumb Code     2  systick.o(i.Systick_Callback)
    __scatterload_null                       0x000003ff   Thumb Code     2  handlers.o(i.__scatterload_null)
    ETM_InitTimeBase                         0x000004b1   Thumb Code   164  etm.o(i.ETM_InitTimeBase)
    GPIO_Init                                0x00000591   Thumb Code   322  gpio.o(i.GPIO_Init)
    GPIO_PinToggle                           0x000006f1   Thumb Code    30  gpio.o(i.GPIO_PinToggle)
    INT20_Handler                            0x00000759   Thumb Code    12  dma.o(i.INT20_Handler)
    OSC_SetConfig                            0x00000769   Thumb Code   194  clock.o(i.OSC_SetConfig)
    PeriphClk_SetConfig                      0x00000835   Thumb Code   556  clock.o(i.PeriphClk_SetConfig)
    SysTick_DelayMS                          0x00000a71   Thumb Code    34  systick.o(i.SysTick_DelayMS)
    SysTick_DelayUS                          0x00000a99   Thumb Code   124  systick.o(i.SysTick_DelayUS)
    SysTick_Init                             0x00000b21   Thumb Code    46  systick.o(i.SysTick_Init)
    SystemInit                               0x00000b5d   Thumb Code    74  sysinit.o(i.SystemInit)
    INT15_Handler                            0x00000bb5   Thumb Code     0  systick.o(i.Systick_InterruptHandler)
    Systick_InterruptHandler                 0x00000bb5   Thumb Code    54  systick.o(i.Systick_InterruptHandler)
    __scatterload_copy                       0x00000bf1   Thumb Code    14  handlers.o(i.__scatterload_copy)
    __scatterload_zeroinit                   0x00000bff   Thumb Code    14  handlers.o(i.__scatterload_zeroinit)
    etm_timerinit                            0x00000c0d   Thumb Code    84  gpio_example.o(i.etm_timerinit)
    gpio_output_init                         0x00000c6d   Thumb Code    28  gpio_example.o(i.gpio_output_init)
    main                                     0x00000c8d   Thumb Code    22  gpio_example.o(i.main)
    s_GPIOIrqs                               0x00000ca4   Data           4  gpio.o(.constdata)
    s_ETMIrqs                                0x00000cb8   Data           6  etm.o(.constdata)
    Region$$Table$$Base                      0x00000cd8   Number         0  anon$$obj.o(Region$$Table)
    Region$$Table$$Limit                     0x00000cf8   Number         0  anon$$obj.o(Region$$Table)
    i                                        0x20000000   Data           4  gpio_example.o(.data)
    g_PWMHandle                              0x20000004   Data           8  gpio_example.o(.data)
    __initial_sp                             0x20000390   Data           0  startup_f6601c.o(STACK)



==============================================================================

Memory Map of the image

  Image Entry point : 0x000000c1

  Load Region LR_IROM1 (Base: 0x00000000, Size: 0x00000d6c, Max: 0x00020000, ABSOLUTE)

    Execution Region ER_IROM1 (Exec base: 0x00000000, Load base: 0x00000000, Size: 0x00000cf8, Max: 0x00020000, ABSOLUTE)

    Exec Addr    Load Addr    Size         Type   Attr      Idx    E Section Name        Object

    0x00000000   0x00000000   0x000000c0   Data   RO          674    RESET               startup_f6601c.o
    0x000000c0   0x000000c0   0x00000000   Code   RO          682  * .ARM.Collect$$$$00000000  mc_p.l(entry.o)
    0x000000c0   0x000000c0   0x00000004   Code   RO          691    .ARM.Collect$$$$00000001  mc_p.l(entry2.o)
    0x000000c4   0x000000c4   0x00000004   Code   RO          694    .ARM.Collect$$$$00000004  mc_p.l(entry5.o)
    0x000000c8   0x000000c8   0x00000000   Code   RO          696    .ARM.Collect$$$$00000008  mc_p.l(entry7b.o)
    0x000000c8   0x000000c8   0x00000000   Code   RO          698    .ARM.Collect$$$$0000000A  mc_p.l(entry8b.o)
    0x000000c8   0x000000c8   0x00000008   Code   RO          699    .ARM.Collect$$$$0000000B  mc_p.l(entry9a.o)
    0x000000d0   0x000000d0   0x00000000   Code   RO          701    .ARM.Collect$$$$0000000D  mc_p.l(entry10a.o)
    0x000000d0   0x000000d0   0x00000000   Code   RO          703    .ARM.Collect$$$$0000000F  mc_p.l(entry11a.o)
    0x000000d0   0x000000d0   0x00000004   Code   RO          692    .ARM.Collect$$$$00002712  mc_p.l(entry2.o)
    0x000000d4   0x000000d4   0x00000038   Code   RO          676    .text               startup_f6601c.o
    0x0000010c   0x0000010c   0x00000024   Code   RO          687    .text               mc_p.l(memseta.o)
    0x00000130   0x00000130   0x00000024   Code   RO          705    .text               mc_p.l(init.o)
    0x00000154   0x00000154   0x000000d8   Code   RO          304    i.CLOCK_SetConfig   clock.o
    0x0000022c   0x0000022c   0x00000010   Code   RO          305    i.Clock_GetPllReferenceClock  clock.o
    0x0000023c   0x0000023c   0x0000000a   Code   RO          306    i.Clock_IsNowStable  clock.o
    0x00000246   0x00000246   0x00000080   Code   RO          622    i.DMA_CommonIRQHandler  dma.o
    0x000002c6   0x000002c6   0x00000002   PAD
    0x000002c8   0x000002c8   0x00000018   Code   RO          445    i.ETM0_IRQHandler   etm.o
    0x000002e0   0x000002e0   0x00000018   Code   RO          446    i.ETM1_IRQHandler   etm.o
    0x000002f8   0x000002f8   0x00000024   Code   RO            3    i.ETM2Callback      gpio_example.o
    0x0000031c   0x0000031c   0x00000018   Code   RO          447    i.ETM2_IRQHandler   etm.o
    0x00000334   0x00000334   0x00000018   Code   RO          448    i.ETM3_IRQHandler   etm.o
    0x0000034c   0x0000034c   0x00000018   Code   RO          449    i.ETM4_IRQHandler   etm.o
    0x00000364   0x00000364   0x00000018   Code   RO          450    i.ETM5_IRQHandler   etm.o
    0x0000037c   0x0000037c   0x00000008   Code   RO          454    i.ETM_EnableInterrupts  etm.o
    0x00000384   0x00000384   0x0000001c   Code   RO          456    i.ETM_GetInstance   etm.o
    0x000003a0   0x000003a0   0x00000020   Code   RO          466    i.ETM_StartTimeBase  etm.o
    0x000003c0   0x000003c0   0x0000001e   Code   RO          469    i.ETM_StopTimeBase  etm.o
    0x000003de   0x000003de   0x00000002   PAD
    0x000003e0   0x000003e0   0x0000001c   Code   RO          367    i.GPIO_GetInstance  gpio.o
    0x000003fc   0x000003fc   0x00000002   Code   RO          196    i.Systick_Callback  systick.o
    0x000003fe   0x000003fe   0x00000002   Code   RO          710    i.__scatterload_null  mc_p.l(handlers.o)
    0x00000400   0x00000400   0x00000008   Code   RO          675    .ARM.__at_0x400     startup_f6601c.o
    0x00000408   0x00000408   0x000000a8   Code   RO          451    i.ETM_CommonIRQHandler  etm.o
    0x000004b0   0x000004b0   0x000000b8   Code   RO          458    i.ETM_InitTimeBase  etm.o
    0x00000568   0x00000568   0x00000026   Code   RO          471    i.ETM_WaitTbStop    etm.o
    0x0000058e   0x0000058e   0x00000002   PAD
    0x00000590   0x00000590   0x00000160   Code   RO          368    i.GPIO_Init         gpio.o
    0x000006f0   0x000006f0   0x0000001e   Code   RO          370    i.GPIO_PinToggle    gpio.o
    0x0000070e   0x0000070e   0x00000002   PAD
    0x00000710   0x00000710   0x00000048   Code   RO          374    i.GPIO_SetPullUp    gpio.o
    0x00000758   0x00000758   0x00000010   Code   RO          627    i.INT20_Handler     dma.o
    0x00000768   0x00000768   0x000000cc   Code   RO          308    i.OSC_SetConfig     clock.o
    0x00000834   0x00000834   0x0000023c   Code   RO          310    i.PeriphClk_SetConfig  clock.o
    0x00000a70   0x00000a70   0x00000028   Code   RO          187    i.SysTick_DelayMS   systick.o
    0x00000a98   0x00000a98   0x00000088   Code   RO          189    i.SysTick_DelayUS   systick.o
    0x00000b20   0x00000b20   0x0000003c   Code   RO          193    i.SysTick_Init      systick.o
    0x00000b5c   0x00000b5c   0x00000058   Code   RO          156    i.SystemInit        sysinit.o
    0x00000bb4   0x00000bb4   0x0000003c   Code   RO          197    i.Systick_InterruptHandler  systick.o
    0x00000bf0   0x00000bf0   0x0000000e   Code   RO          709    i.__scatterload_copy  mc_p.l(handlers.o)
    0x00000bfe   0x00000bfe   0x0000000e   Code   RO          711    i.__scatterload_zeroinit  mc_p.l(handlers.o)
    0x00000c0c   0x00000c0c   0x00000060   Code   RO            4    i.etm_timerinit     gpio_example.o
    0x00000c6c   0x00000c6c   0x00000020   Code   RO            5    i.gpio_output_init  gpio_example.o
    0x00000c8c   0x00000c8c   0x00000016   Code   RO            6    i.main              gpio_example.o
    0x00000ca2   0x00000ca2   0x00000002   PAD
    0x00000ca4   0x00000ca4   0x00000014   Data   RO          376    .constdata          gpio.o
    0x00000cb8   0x00000cb8   0x00000020   Data   RO          473    .constdata          etm.o
    0x00000cd8   0x00000cd8   0x00000020   Data   RO          707    Region$$Table       anon$$obj.o


    Execution Region RW_IRAM1 (Exec base: 0x20000000, Load base: 0x00000cf8, Size: 0x00000390, Max: 0x00001800, ABSOLUTE)

    Exec Addr    Load Addr    Size         Type   Attr      Idx    E Section Name        Object

    0x20000000   0x00000cf8   0x0000000c   Data   RW            9    .data               gpio_example.o
    0x2000000c   0x00000d04   0x00000004   PAD
    0x20000010   0x00000d08   0x00000020   Data   RW          200    .data               systick.o
    0x20000030   0x00000d28   0x00000040   Data   RW          377    .data               gpio.o
    0x20000070   0x00000d68   0x00000004   Data   RW          629    .data               dma.o
    0x20000074        -       0x00000018   Zero   RW          472    .bss                etm.o
    0x2000008c   0x00000d6c   0x00000004   PAD
    0x20000090        -       0x00000300   Zero   RW          672    STACK               startup_f6601c.o


==============================================================================

Image component sizes


      Code (inc. data)   RO Data    RW Data    ZI Data      Debug   Object Name

      1018         46          0          0          0      11184   clock.o
       144          4          0          4          0       2206   dma.o
       632         86         32          0         24       8748   etm.o
       482         40         20         64          0      10106   gpio.o
       186         26          0         12          0      40829   gpio_example.o
        64         16        192          0        768        716   startup_f6601c.o
        88         14          0          0          0       1437   sysinit.o
       298         38          0         32          0       3861   systick.o

    ----------------------------------------------------------------------
      2922        270        276        116        796      79087   Object Totals
         0          0         32          0          0          0   (incl. Generated)
        10          0          0          4          4          0   (incl. Padding)

    ----------------------------------------------------------------------

      Code (inc. data)   RO Data    RW Data    ZI Data      Debug   Library Member Name

         0          0          0          0          0          0   entry.o
         0          0          0          0          0          0   entry10a.o
         0          0          0          0          0          0   entry11a.o
         8          4          0          0          0          0   entry2.o
         4          0          0          0          0          0   entry5.o
         0          0          0          0          0          0   entry7b.o
         0          0          0          0          0          0   entry8b.o
         8          4          0          0          0          0   entry9a.o
        30          0          0          0          0          0   handlers.o
        36          8          0          0          0         68   init.o
        36          0          0          0          0        100   memseta.o

    ----------------------------------------------------------------------
       122         16          0          0          0        168   Library Totals
         0          0          0          0          0          0   (incl. Padding)

    ----------------------------------------------------------------------

      Code (inc. data)   RO Data    RW Data    ZI Data      Debug   Library Name

       122         16          0          0          0        168   mc_p.l

    ----------------------------------------------------------------------
       122         16          0          0          0        168   Library Totals

    ----------------------------------------------------------------------

==============================================================================


      Code (inc. data)   RO Data    RW Data    ZI Data      Debug   

      3044        286        276        116        796      77999   Grand Totals
      3044        286        276        116        796      77999   ELF Image Totals
      3044        286        276        116          0          0   ROM Totals

==============================================================================

    Total RO  Size (Code + RO Data)                 3320 (   3.24kB)
    Total RW  Size (RW Data + ZI Data)               912 (   0.89kB)
    Total ROM Size (Code + RO Data + RW Data)       3436 (   3.36kB)

==============================================================================

