Component: ARM Compiler 5.06 update 6 (build 750) Tool: armlink [4d35ed]

==============================================================================

Section Cross References

    adc_demo.o(i.ADC_Callback) refers to printf3.o(i.__0printf$3) for __2printf
    adc_demo.o(i.main) refers to systick.o(i.SysTick_Init) for SysTick_Init
    adc_demo.o(i.main) refers to printf.o(i.DebugConsoleInit) for DebugConsoleInit
    adc_demo.o(i.main) refers to printf3.o(i.__0printf$3) for __2printf
    adc_demo.o(i.main) refers to systick.o(i.SysTick_DelayMS) for SysTick_DelayMS
    adc_demo.o(i.main) refers to gpio.o(i.GPIO_Init) for GPIO_Init
    adc_demo.o(i.main) refers to adc.o(i.ADC_Init) for ADC_Init
    adc_demo.o(i.main) refers to adc.o(i.ADC_SequenceConfig) for ADC_SequenceConfig
    adc_demo.o(i.main) refers to adc.o(i.ADC_ReadConvertValue) for ADC_ReadConvertValue
    adc_demo.o(i.main) refers to adc_demo.o(.data) for .data
    adc_demo.o(i.main) refers to adc_demo.o(.constdata) for .constdata
    adc_demo.o(i.main) refers to adc_demo.o(i.ADC_Callback) for ADC_Callback
    adc_demo.o(i.main) refers to adc_demo.o(.bss) for .bss
    sysinit.o(i.SystemInit) refers to clock.o(i.OSC_SetConfig) for OSC_SetConfig
    sysinit.o(i.SystemInit) refers to clock.o(i.CLOCK_SetConfig) for CLOCK_SetConfig
    systick.o(i.SysTick_DelayAfterTick) refers to systick.o(.data) for .data
    systick.o(i.SysTick_DelayMS) refers to systick.o(i.SysTick_DelayUS) for SysTick_DelayUS
    systick.o(i.SysTick_DelayTicks) refers to systick.o(.data) for .data
    systick.o(i.SysTick_DelayUS) refers to systick.o(.data) for .data
    systick.o(i.SysTick_GetSysTime) refers to systick.o(.data) for .data
    systick.o(i.SysTick_Init) refers to systick.o(.data) for .data
    systick.o(i.SysTick_Init_Ex) refers to uidiv.o(.text) for __aeabi_uidivmod
    systick.o(i.SysTick_Init_Ex) refers to systick.o(.data) for .data
    systick.o(i.SysTick_Interval) refers to systick.o(.data) for .data
    systick.o(i.Systick_InterruptHandler) refers to systick.o(i.Systick_Callback) for Systick_Callback
    systick.o(i.Systick_InterruptHandler) refers to systick.o(.data) for .data
    systick.o(i.WaitTillTimeout) refers to systick.o(.data) for .data
    systick.o(i.WaitTimerInit) refers to systick.o(.data) for .data
    printf.o(i.DebugConsoleInit) refers to printf.o(i.UartPinMuxConfig) for UartPinMuxConfig
    printf.o(i.DebugConsoleInit) refers to uart.o(i.UART_Init) for UART_Init
    printf.o(i.UartPinMuxConfig) refers to gpio.o(i.GPIO_Init) for GPIO_Init
    printf.o(i.fputc) refers to uart.o(i.UART_PutChar) for UART_PutChar
    adc.o(i.ADC_ChannelConfig) refers to adc.o(i.ADC_TryLock) for ADC_TryLock
    adc.o(i.ADC_ChannelConfig) refers to adc.o(i.ADC_SelectChannel) for ADC_SelectChannel
    adc.o(i.ADC_CompareConfig) refers to adc.o(i.ADC_TryLock) for ADC_TryLock
    adc.o(i.ADC_CompareModeDisable) refers to adc.o(i.ADC_TryLock) for ADC_TryLock
    adc.o(i.ADC_CompareModeEnable) refers to adc.o(i.ADC_TryLock) for ADC_TryLock
    adc.o(i.ADC_DeInit) refers to adc.o(i.ADC_TryLock) for ADC_TryLock
    adc.o(i.ADC_DmaCallback) refers to dma.o(i.DMA_DeInit) for DMA_DeInit
    adc.o(i.ADC_DmaCallback) refers to adc.o(i.ADC_BufConvertValue) for ADC_BufConvertValue
    adc.o(i.ADC_DmaCallback) refers to adc.o(.data) for .data
    adc.o(i.ADC_DmaConfig) refers to dma.o(i.DMA_Init) for DMA_Init
    adc.o(i.ADC_DmaConfig) refers to dma.o(i.DMA_Start) for DMA_Start
    adc.o(i.ADC_DmaConfig) refers to adc.o(i.ADC_DmaCallback) for ADC_DmaCallback
    adc.o(i.ADC_DmaConfig) refers to adc.o(.bss) for .bss
    adc.o(i.ADC_Init) refers to memseta.o(.text) for __aeabi_memclr4
    adc.o(i.ADC_Init) refers to adc.o(i.Hold_ResetStatusTillStable) for Hold_ResetStatusTillStable
    adc.o(i.ADC_Init) refers to adc.o(i.ADC_TryLock) for ADC_TryLock
    adc.o(i.ADC_Init) refers to adc.o(.data) for .data
    adc.o(i.ADC_Init) refers to adc.o(.bss) for .bss
    adc.o(i.ADC_ReadConvertValue) refers to adc.o(i.ADC_TryLock) for ADC_TryLock
    adc.o(i.ADC_ReadConvertValue) refers to adc.o(i.ADC_DmaConfig) for ADC_DmaConfig
    adc.o(i.ADC_ReadConvertValue) refers to adc.o(i.ADC_SelectChannel) for ADC_SelectChannel
    adc.o(i.ADC_ReadConvertValue) refers to systick.o(i.WaitTimerInit) for WaitTimerInit
    adc.o(i.ADC_ReadConvertValue) refers to systick.o(i.WaitTillTimeout) for WaitTillTimeout
    adc.o(i.ADC_ReadConvertValue) refers to adc.o(i.ADC_BufConvertValue) for ADC_BufConvertValue
    adc.o(i.ADC_ReadConvertValue) refers to adc.o(i.ADC_FifoConvertValue) for ADC_FifoConvertValue
    adc.o(i.ADC_SequenceConfig) refers to memcpya.o(.text) for __aeabi_memcpy
    adc.o(i.ADC_SequenceConfig) refers to adc.o(i.ADC_SelectChannel) for ADC_SelectChannel
    adc.o(i.INT26_Handler) refers to adc.o(i.ADC_FifoConvertValue) for ADC_FifoConvertValue
    adc.o(i.INT26_Handler) refers to printf3.o(i.__0printf$3) for __2printf
    adc.o(i.INT26_Handler) refers to adc.o(.data) for .data
    clock.o(i.CLOCK_SetConfig) refers to clock.o(i.Clock_IsNowStable) for Clock_IsNowStable
    clock.o(i.OSC_GetConfig) refers to clock.o(i.Clock_GetPllReferenceClock) for Clock_GetPllReferenceClock
    clock.o(i.PeriphClk_SetConfig) refers to clock.o(i.Clock_IsNowStable) for Clock_IsNowStable
    clock.o(i.PeriphClk_SetConfig) refers to clock.o(i.Clock_GetPllReferenceClock) for Clock_GetPllReferenceClock
    dma.o(i.DMA_Init) refers to dma.o(.constdata) for .constdata
    dma.o(i.DMA_Init) refers to dma.o(.data) for .data
    dma.o(i.INT20_Handler) refers to dma.o(i.DMA_CommonIRQHandler) for DMA_CommonIRQHandler
    dma.o(i.INT20_Handler) refers to dma.o(.data) for .data
    gpio.o(i.GPIO_DeInit) refers to gpio.o(i.GPIO_GetInstance) for GPIO_GetInstance
    gpio.o(i.GPIO_DeInit) refers to gpio.o(i.GPIO_SetPullUp) for GPIO_SetPullUp
    gpio.o(i.GPIO_DeInit) refers to gpio.o(.data) for .data
    gpio.o(i.GPIO_GetInstance) refers to gpio.o(.constdata) for .constdata
    gpio.o(i.GPIO_Init) refers to gpio.o(i.GPIO_GetInstance) for GPIO_GetInstance
    gpio.o(i.GPIO_Init) refers to gpio.o(i.GPIO_SetPullUp) for GPIO_SetPullUp
    gpio.o(i.GPIO_Init) refers to gpio.o(.data) for .data
    gpio.o(i.GPIO_Init) refers to gpio.o(.constdata) for .constdata
    gpio.o(i.GPIO_SetPinFilter) refers to gpio.o(i.GPIO_GetInstance) for GPIO_GetInstance
    uart.o(i.UART0_InterruptHandler) refers to uart.o(.bss) for .bss
    uart.o(i.UART0_InterruptHandler) refers to uart.o(.data) for .data
    uart.o(i.UART1_InterruptHandler) refers to uart.o(.bss) for .bss
    uart.o(i.UART1_InterruptHandler) refers to uart.o(.data) for .data
    uart.o(i.UART2_InterruptHandler) refers to uart.o(.bss) for .bss
    uart.o(i.UART2_InterruptHandler) refers to uart.o(.data) for .data
    uart.o(i.UART_DMAConfig) refers to dma.o(i.DMA_Init) for DMA_Init
    uart.o(i.UART_DMAConfig) refers to uart.o(i.UART_RxDMACallback) for UART_RxDMACallback
    uart.o(i.UART_DMAConfig) refers to uart.o(i.UART_TxDMACallback) for UART_TxDMACallback
    uart.o(i.UART_DeInit) refers to uart.o(i.UART_DisableInterrupts) for UART_DisableInterrupts
    uart.o(i.UART_DeInit) refers to uart.o(i.NVIC_DisableIRQ) for NVIC_DisableIRQ
    uart.o(i.UART_DeInit) refers to uart.o(.data) for .data
    uart.o(i.UART_EnableInterrupts) refers to uart.o(i.NVIC_DisableIRQ) for NVIC_DisableIRQ
    uart.o(i.UART_EnableInterrupts) refers to uart.o(i.UART_ClearRx) for UART_ClearRx
    uart.o(i.UART_EnableInterrupts) refers to uart.o(i.NVIC_EnableIRQ) for NVIC_EnableIRQ
    uart.o(i.UART_EnableInterrupts) refers to uart.o(.data) for .data
    uart.o(i.UART_GetTransferStatus) refers to uart.o(i.NVIC_DisableIRQ) for NVIC_DisableIRQ
    uart.o(i.UART_GetTransferStatus) refers to uart.o(i.NVIC_EnableIRQ) for NVIC_EnableIRQ
    uart.o(i.UART_GetTransferStatus) refers to uart.o(.data) for .data
    uart.o(i.UART_Init) refers to uidiv.o(.text) for __aeabi_uidivmod
    uart.o(i.UART_Init) refers to uart.o(i.NVIC_EnableIRQ) for NVIC_EnableIRQ
    uart.o(i.UART_Init) refers to uart.o(.data) for .data
    uart.o(i.UART_Init) refers to uart.o(.bss) for .bss
    uart.o(i.UART_Init) refers to uart.o(i.UART_InterruptHandler) for UART_InterruptHandler
    uart.o(i.UART_InterruptHandler) refers to uart.o(i.UART_RxInterruptHandler) for UART_RxInterruptHandler
    uart.o(i.UART_InterruptHandler) refers to uart.o(i.UART_TxInterruptHandler) for UART_TxInterruptHandler
    uart.o(i.UART_Receive) refers to systick.o(i.WaitTimerInit) for WaitTimerInit
    uart.o(i.UART_Receive) refers to uart.o(i.NVIC_DisableIRQ) for NVIC_DisableIRQ
    uart.o(i.UART_Receive) refers to uart.o(i.NVIC_EnableIRQ) for NVIC_EnableIRQ
    uart.o(i.UART_Receive) refers to uart.o(i.UART_DMAConfig) for UART_DMAConfig
    uart.o(i.UART_Receive) refers to uart.o(i.UART_RxProcessData) for UART_RxProcessData
    uart.o(i.UART_Receive) refers to systick.o(i.WaitTillTimeout) for WaitTillTimeout
    uart.o(i.UART_Receive) refers to uart.o(.data) for .data
    uart.o(i.UART_RxDMACallback) refers to uart.o(i.UART_RxProcessData) for UART_RxProcessData
    uart.o(i.UART_RxDMACallback) refers to dma.o(i.DMA_DeInit) for DMA_DeInit
    uart.o(i.UART_RxInterruptHandler) refers to uart.o(i.UART_RxProcessData) for UART_RxProcessData
    uart.o(i.UART_RxProcessData) refers to dma.o(i.DMA_Start) for DMA_Start
    uart.o(i.UART_SetMode) refers to uart.o(i.UART_ClearRx) for UART_ClearRx
    uart.o(i.UART_TransferConfig) refers to uart.o(i.NVIC_DisableIRQ) for NVIC_DisableIRQ
    uart.o(i.UART_TransferConfig) refers to uart.o(i.NVIC_EnableIRQ) for NVIC_EnableIRQ
    uart.o(i.UART_TransferConfig) refers to uart.o(.data) for .data
    uart.o(i.UART_Transmit) refers to systick.o(i.WaitTimerInit) for WaitTimerInit
    uart.o(i.UART_Transmit) refers to uart.o(i.NVIC_DisableIRQ) for NVIC_DisableIRQ
    uart.o(i.UART_Transmit) refers to uart.o(i.UART_DMAConfig) for UART_DMAConfig
    uart.o(i.UART_Transmit) refers to uart.o(i.NVIC_EnableIRQ) for NVIC_EnableIRQ
    uart.o(i.UART_Transmit) refers to uart.o(i.UART_TxProcessData) for UART_TxProcessData
    uart.o(i.UART_Transmit) refers to systick.o(i.WaitTillTimeout) for WaitTillTimeout
    uart.o(i.UART_Transmit) refers to uart.o(.data) for .data
    uart.o(i.UART_TxDMACallback) refers to uart.o(i.UART_TxProcessData) for UART_TxProcessData
    uart.o(i.UART_TxDMACallback) refers to dma.o(i.DMA_DeInit) for DMA_DeInit
    uart.o(i.UART_TxInterruptHandler) refers to uart.o(i.UART_TxProcessData) for UART_TxProcessData
    uart.o(i.UART_TxProcessData) refers to dma.o(i.DMA_Start) for DMA_Start
    startup_emf660x.o(RESET) refers to startup_emf660x.o(STACK) for __initial_sp
    startup_emf660x.o(RESET) refers to startup_emf660x.o(.text) for Reset_Handler
    startup_emf660x.o(RESET) refers to systick.o(i.Systick_InterruptHandler) for INT15_Handler
    startup_emf660x.o(RESET) refers to dma.o(i.INT20_Handler) for INT20_Handler
    startup_emf660x.o(RESET) refers to adc.o(i.INT26_Handler) for INT26_Handler
    startup_emf660x.o(RESET) refers to uart.o(i.UART0_InterruptHandler) for INT34_Handler
    startup_emf660x.o(RESET) refers to uart.o(i.UART1_InterruptHandler) for INT35_Handler
    startup_emf660x.o(RESET) refers to uart.o(i.UART2_InterruptHandler) for INT36_Handler
    startup_emf660x.o(.text) refers to sysinit.o(i.SystemInit) for SystemInit
    startup_emf660x.o(.text) refers to entry.o(.ARM.Collect$$$$00000000) for __main
    entry.o(.ARM.Collect$$$$00000000) refers (Special) to entry10a.o(.ARM.Collect$$$$0000000D) for __rt_final_cpp
    entry.o(.ARM.Collect$$$$00000000) refers (Special) to entry11a.o(.ARM.Collect$$$$0000000F) for __rt_final_exit
    entry.o(.ARM.Collect$$$$00000000) refers (Special) to entry7b.o(.ARM.Collect$$$$00000008) for _main_clock
    entry.o(.ARM.Collect$$$$00000000) refers (Special) to entry8b.o(.ARM.Collect$$$$0000000A) for _main_cpp_init
    entry.o(.ARM.Collect$$$$00000000) refers (Special) to entry9a.o(.ARM.Collect$$$$0000000B) for _main_init
    entry.o(.ARM.Collect$$$$00000000) refers (Special) to entry5.o(.ARM.Collect$$$$00000004) for _main_scatterload
    entry.o(.ARM.Collect$$$$00000000) refers (Special) to entry2.o(.ARM.Collect$$$$00000001) for _main_stk
    printfb.o(i.__0fprintf$bare) refers to printfb.o(i._printf_core) for _printf_core
    printfb.o(i.__0fprintf$bare) refers to printf.o(i.fputc) for fputc
    printfb.o(i.__0printf$bare) refers to printfb.o(i._printf_core) for _printf_core
    printfb.o(i.__0printf$bare) refers to printf.o(i.fputc) for fputc
    printfb.o(i.__0printf$bare) refers to stdout.o(.data) for __stdout
    printfb.o(i.__0snprintf$bare) refers to printfb.o(i._printf_core) for _printf_core
    printfb.o(i.__0snprintf$bare) refers to printfb.o(i._snputc) for _snputc
    printfb.o(i.__0sprintf$bare) refers to printfb.o(i._printf_core) for _printf_core
    printfb.o(i.__0sprintf$bare) refers to printfb.o(i._sputc) for _sputc
    printfb.o(i.__0vfprintf$bare) refers to printfb.o(i._printf_core) for _printf_core
    printfb.o(i.__0vfprintf$bare) refers to printf.o(i.fputc) for fputc
    printfb.o(i.__0vprintf$bare) refers to printfb.o(i._printf_core) for _printf_core
    printfb.o(i.__0vprintf$bare) refers to printf.o(i.fputc) for fputc
    printfb.o(i.__0vprintf$bare) refers to stdout.o(.data) for __stdout
    printfb.o(i.__0vsnprintf$bare) refers to printfb.o(i._printf_core) for _printf_core
    printfb.o(i.__0vsnprintf$bare) refers to printfb.o(i._snputc) for _snputc
    printfb.o(i.__0vsprintf$bare) refers to printfb.o(i._printf_core) for _printf_core
    printfb.o(i.__0vsprintf$bare) refers to printfb.o(i._sputc) for _sputc
    printf0.o(i.__0fprintf$0) refers to printf0.o(i._printf_core) for _printf_core
    printf0.o(i.__0fprintf$0) refers to printf.o(i.fputc) for fputc
    printf0.o(i.__0printf$0) refers to printf0.o(i._printf_core) for _printf_core
    printf0.o(i.__0printf$0) refers to printf.o(i.fputc) for fputc
    printf0.o(i.__0printf$0) refers to stdout.o(.data) for __stdout
    printf0.o(i.__0snprintf$0) refers to printf0.o(i._printf_core) for _printf_core
    printf0.o(i.__0snprintf$0) refers to printf0.o(i._snputc) for _snputc
    printf0.o(i.__0sprintf$0) refers to printf0.o(i._printf_core) for _printf_core
    printf0.o(i.__0sprintf$0) refers to printf0.o(i._sputc) for _sputc
    printf0.o(i.__0vfprintf$0) refers to printf0.o(i._printf_core) for _printf_core
    printf0.o(i.__0vfprintf$0) refers to printf.o(i.fputc) for fputc
    printf0.o(i.__0vprintf$0) refers to printf0.o(i._printf_core) for _printf_core
    printf0.o(i.__0vprintf$0) refers to printf.o(i.fputc) for fputc
    printf0.o(i.__0vprintf$0) refers to stdout.o(.data) for __stdout
    printf0.o(i.__0vsnprintf$0) refers to printf0.o(i._printf_core) for _printf_core
    printf0.o(i.__0vsnprintf$0) refers to printf0.o(i._snputc) for _snputc
    printf0.o(i.__0vsprintf$0) refers to printf0.o(i._printf_core) for _printf_core
    printf0.o(i.__0vsprintf$0) refers to printf0.o(i._sputc) for _sputc
    printf1.o(i.__0fprintf$1) refers to printf1.o(i._printf_core) for _printf_core
    printf1.o(i.__0fprintf$1) refers to printf.o(i.fputc) for fputc
    printf1.o(i.__0printf$1) refers to printf1.o(i._printf_core) for _printf_core
    printf1.o(i.__0printf$1) refers to printf.o(i.fputc) for fputc
    printf1.o(i.__0printf$1) refers to stdout.o(.data) for __stdout
    printf1.o(i.__0snprintf$1) refers to printf1.o(i._printf_core) for _printf_core
    printf1.o(i.__0snprintf$1) refers to printf1.o(i._snputc) for _snputc
    printf1.o(i.__0sprintf$1) refers to printf1.o(i._printf_core) for _printf_core
    printf1.o(i.__0sprintf$1) refers to printf1.o(i._sputc) for _sputc
    printf1.o(i.__0vfprintf$1) refers to printf1.o(i._printf_core) for _printf_core
    printf1.o(i.__0vfprintf$1) refers to printf.o(i.fputc) for fputc
    printf1.o(i.__0vprintf$1) refers to printf1.o(i._printf_core) for _printf_core
    printf1.o(i.__0vprintf$1) refers to printf.o(i.fputc) for fputc
    printf1.o(i.__0vprintf$1) refers to stdout.o(.data) for __stdout
    printf1.o(i.__0vsnprintf$1) refers to printf1.o(i._printf_core) for _printf_core
    printf1.o(i.__0vsnprintf$1) refers to printf1.o(i._snputc) for _snputc
    printf1.o(i.__0vsprintf$1) refers to printf1.o(i._printf_core) for _printf_core
    printf1.o(i.__0vsprintf$1) refers to printf1.o(i._sputc) for _sputc
    printf1.o(i._printf_core) refers to uidiv.o(.text) for __aeabi_uidivmod
    printf2.o(i.__0fprintf$2) refers to printf2.o(i._printf_core) for _printf_core
    printf2.o(i.__0fprintf$2) refers to printf.o(i.fputc) for fputc
    printf2.o(i.__0printf$2) refers to printf2.o(i._printf_core) for _printf_core
    printf2.o(i.__0printf$2) refers to printf.o(i.fputc) for fputc
    printf2.o(i.__0printf$2) refers to stdout.o(.data) for __stdout
    printf2.o(i.__0snprintf$2) refers to printf2.o(i._printf_core) for _printf_core
    printf2.o(i.__0snprintf$2) refers to printf2.o(i._snputc) for _snputc
    printf2.o(i.__0sprintf$2) refers to printf2.o(i._printf_core) for _printf_core
    printf2.o(i.__0sprintf$2) refers to printf2.o(i._sputc) for _sputc
    printf2.o(i.__0vfprintf$2) refers to printf2.o(i._printf_core) for _printf_core
    printf2.o(i.__0vfprintf$2) refers to printf.o(i.fputc) for fputc
    printf2.o(i.__0vprintf$2) refers to printf2.o(i._printf_core) for _printf_core
    printf2.o(i.__0vprintf$2) refers to printf.o(i.fputc) for fputc
    printf2.o(i.__0vprintf$2) refers to stdout.o(.data) for __stdout
    printf2.o(i.__0vsnprintf$2) refers to printf2.o(i._printf_core) for _printf_core
    printf2.o(i.__0vsnprintf$2) refers to printf2.o(i._snputc) for _snputc
    printf2.o(i.__0vsprintf$2) refers to printf2.o(i._printf_core) for _printf_core
    printf2.o(i.__0vsprintf$2) refers to printf2.o(i._sputc) for _sputc
    printf3.o(i.__0fprintf$3) refers to printf3.o(i._printf_core) for _printf_core
    printf3.o(i.__0fprintf$3) refers to printf.o(i.fputc) for fputc
    printf3.o(i.__0printf$3) refers to printf3.o(i._printf_core) for _printf_core
    printf3.o(i.__0printf$3) refers to printf.o(i.fputc) for fputc
    printf3.o(i.__0printf$3) refers to stdout.o(.data) for __stdout
    printf3.o(i.__0snprintf$3) refers to printf3.o(i._printf_core) for _printf_core
    printf3.o(i.__0snprintf$3) refers to printf3.o(i._snputc) for _snputc
    printf3.o(i.__0sprintf$3) refers to printf3.o(i._printf_core) for _printf_core
    printf3.o(i.__0sprintf$3) refers to printf3.o(i._sputc) for _sputc
    printf3.o(i.__0vfprintf$3) refers to printf3.o(i._printf_core) for _printf_core
    printf3.o(i.__0vfprintf$3) refers to printf.o(i.fputc) for fputc
    printf3.o(i.__0vprintf$3) refers to printf3.o(i._printf_core) for _printf_core
    printf3.o(i.__0vprintf$3) refers to printf.o(i.fputc) for fputc
    printf3.o(i.__0vprintf$3) refers to stdout.o(.data) for __stdout
    printf3.o(i.__0vsnprintf$3) refers to printf3.o(i._printf_core) for _printf_core
    printf3.o(i.__0vsnprintf$3) refers to printf3.o(i._snputc) for _snputc
    printf3.o(i.__0vsprintf$3) refers to printf3.o(i._printf_core) for _printf_core
    printf3.o(i.__0vsprintf$3) refers to printf3.o(i._sputc) for _sputc
    printf3.o(i._printf_core) refers to uidiv.o(.text) for __aeabi_uidivmod
    printf4.o(i.__0fprintf$4) refers to printf4.o(i._printf_core) for _printf_core
    printf4.o(i.__0fprintf$4) refers to printf.o(i.fputc) for fputc
    printf4.o(i.__0printf$4) refers to printf4.o(i._printf_core) for _printf_core
    printf4.o(i.__0printf$4) refers to printf.o(i.fputc) for fputc
    printf4.o(i.__0printf$4) refers to stdout.o(.data) for __stdout
    printf4.o(i.__0snprintf$4) refers to printf4.o(i._printf_core) for _printf_core
    printf4.o(i.__0snprintf$4) refers to printf4.o(i._snputc) for _snputc
    printf4.o(i.__0sprintf$4) refers to printf4.o(i._printf_core) for _printf_core
    printf4.o(i.__0sprintf$4) refers to printf4.o(i._sputc) for _sputc
    printf4.o(i.__0vfprintf$4) refers to printf4.o(i._printf_core) for _printf_core
    printf4.o(i.__0vfprintf$4) refers to printf.o(i.fputc) for fputc
    printf4.o(i.__0vprintf$4) refers to printf4.o(i._printf_core) for _printf_core
    printf4.o(i.__0vprintf$4) refers to printf.o(i.fputc) for fputc
    printf4.o(i.__0vprintf$4) refers to stdout.o(.data) for __stdout
    printf4.o(i.__0vsnprintf$4) refers to printf4.o(i._printf_core) for _printf_core
    printf4.o(i.__0vsnprintf$4) refers to printf4.o(i._snputc) for _snputc
    printf4.o(i.__0vsprintf$4) refers to printf4.o(i._printf_core) for _printf_core
    printf4.o(i.__0vsprintf$4) refers to printf4.o(i._sputc) for _sputc
    printf4.o(i._printf_core) refers to uldiv.o(.text) for __aeabi_uldivmod
    printf5.o(i.__0fprintf$5) refers to printf5.o(i._printf_core) for _printf_core
    printf5.o(i.__0fprintf$5) refers to printf.o(i.fputc) for fputc
    printf5.o(i.__0printf$5) refers to printf5.o(i._printf_core) for _printf_core
    printf5.o(i.__0printf$5) refers to printf.o(i.fputc) for fputc
    printf5.o(i.__0printf$5) refers to stdout.o(.data) for __stdout
    printf5.o(i.__0snprintf$5) refers to printf5.o(i._printf_core) for _printf_core
    printf5.o(i.__0snprintf$5) refers to printf5.o(i._snputc) for _snputc
    printf5.o(i.__0sprintf$5) refers to printf5.o(i._printf_core) for _printf_core
    printf5.o(i.__0sprintf$5) refers to printf5.o(i._sputc) for _sputc
    printf5.o(i.__0vfprintf$5) refers to printf5.o(i._printf_core) for _printf_core
    printf5.o(i.__0vfprintf$5) refers to printf.o(i.fputc) for fputc
    printf5.o(i.__0vprintf$5) refers to printf5.o(i._printf_core) for _printf_core
    printf5.o(i.__0vprintf$5) refers to printf.o(i.fputc) for fputc
    printf5.o(i.__0vprintf$5) refers to stdout.o(.data) for __stdout
    printf5.o(i.__0vsnprintf$5) refers to printf5.o(i._printf_core) for _printf_core
    printf5.o(i.__0vsnprintf$5) refers to printf5.o(i._snputc) for _snputc
    printf5.o(i.__0vsprintf$5) refers to printf5.o(i._printf_core) for _printf_core
    printf5.o(i.__0vsprintf$5) refers to printf5.o(i._sputc) for _sputc
    printf5.o(i._printf_core) refers to uldiv.o(.text) for __aeabi_uldivmod
    printf6.o(i.__0fprintf$6) refers to printf6.o(i._printf_core) for _printf_core
    printf6.o(i.__0fprintf$6) refers to printf.o(i.fputc) for fputc
    printf6.o(i.__0printf$6) refers to printf6.o(i._printf_core) for _printf_core
    printf6.o(i.__0printf$6) refers to printf.o(i.fputc) for fputc
    printf6.o(i.__0printf$6) refers to stdout.o(.data) for __stdout
    printf6.o(i.__0snprintf$6) refers to printf6.o(i._printf_core) for _printf_core
    printf6.o(i.__0snprintf$6) refers to printf6.o(i._snputc) for _snputc
    printf6.o(i.__0sprintf$6) refers to printf6.o(i._printf_core) for _printf_core
    printf6.o(i.__0sprintf$6) refers to printf6.o(i._sputc) for _sputc
    printf6.o(i.__0vfprintf$6) refers to printf6.o(i._printf_core) for _printf_core
    printf6.o(i.__0vfprintf$6) refers to printf.o(i.fputc) for fputc
    printf6.o(i.__0vprintf$6) refers to printf6.o(i._printf_core) for _printf_core
    printf6.o(i.__0vprintf$6) refers to printf.o(i.fputc) for fputc
    printf6.o(i.__0vprintf$6) refers to stdout.o(.data) for __stdout
    printf6.o(i.__0vsnprintf$6) refers to printf6.o(i._printf_core) for _printf_core
    printf6.o(i.__0vsnprintf$6) refers to printf6.o(i._snputc) for _snputc
    printf6.o(i.__0vsprintf$6) refers to printf6.o(i._printf_core) for _printf_core
    printf6.o(i.__0vsprintf$6) refers to printf6.o(i._sputc) for _sputc
    printf6.o(i._printf_core) refers to printf6.o(i._printf_pre_padding) for _printf_pre_padding
    printf6.o(i._printf_core) refers to printf6.o(i._printf_post_padding) for _printf_post_padding
    printf6.o(i._printf_core) refers to uidiv.o(.text) for __aeabi_uidivmod
    printf7.o(i.__0fprintf$7) refers to printf7.o(i._printf_core) for _printf_core
    printf7.o(i.__0fprintf$7) refers to printf.o(i.fputc) for fputc
    printf7.o(i.__0printf$7) refers to printf7.o(i._printf_core) for _printf_core
    printf7.o(i.__0printf$7) refers to printf.o(i.fputc) for fputc
    printf7.o(i.__0printf$7) refers to stdout.o(.data) for __stdout
    printf7.o(i.__0snprintf$7) refers to printf7.o(i._printf_core) for _printf_core
    printf7.o(i.__0snprintf$7) refers to printf7.o(i._snputc) for _snputc
    printf7.o(i.__0sprintf$7) refers to printf7.o(i._printf_core) for _printf_core
    printf7.o(i.__0sprintf$7) refers to printf7.o(i._sputc) for _sputc
    printf7.o(i.__0vfprintf$7) refers to printf7.o(i._printf_core) for _printf_core
    printf7.o(i.__0vfprintf$7) refers to printf.o(i.fputc) for fputc
    printf7.o(i.__0vprintf$7) refers to printf7.o(i._printf_core) for _printf_core
    printf7.o(i.__0vprintf$7) refers to printf.o(i.fputc) for fputc
    printf7.o(i.__0vprintf$7) refers to stdout.o(.data) for __stdout
    printf7.o(i.__0vsnprintf$7) refers to printf7.o(i._printf_core) for _printf_core
    printf7.o(i.__0vsnprintf$7) refers to printf7.o(i._snputc) for _snputc
    printf7.o(i.__0vsprintf$7) refers to printf7.o(i._printf_core) for _printf_core
    printf7.o(i.__0vsprintf$7) refers to printf7.o(i._sputc) for _sputc
    printf7.o(i._printf_core) refers to printf7.o(i._printf_pre_padding) for _printf_pre_padding
    printf7.o(i._printf_core) refers to printf7.o(i._printf_post_padding) for _printf_post_padding
    printf7.o(i._printf_core) refers to uldiv.o(.text) for __aeabi_uldivmod
    printf8.o(i.__0fprintf$8) refers to printf8.o(i._printf_core) for _printf_core
    printf8.o(i.__0fprintf$8) refers to printf.o(i.fputc) for fputc
    printf8.o(i.__0printf$8) refers to printf8.o(i._printf_core) for _printf_core
    printf8.o(i.__0printf$8) refers to printf.o(i.fputc) for fputc
    printf8.o(i.__0printf$8) refers to stdout.o(.data) for __stdout
    printf8.o(i.__0snprintf$8) refers to printf8.o(i._printf_core) for _printf_core
    printf8.o(i.__0snprintf$8) refers to printf8.o(i._snputc) for _snputc
    printf8.o(i.__0sprintf$8) refers to printf8.o(i._printf_core) for _printf_core
    printf8.o(i.__0sprintf$8) refers to printf8.o(i._sputc) for _sputc
    printf8.o(i.__0vfprintf$8) refers to printf8.o(i._printf_core) for _printf_core
    printf8.o(i.__0vfprintf$8) refers to printf.o(i.fputc) for fputc
    printf8.o(i.__0vprintf$8) refers to printf8.o(i._printf_core) for _printf_core
    printf8.o(i.__0vprintf$8) refers to printf.o(i.fputc) for fputc
    printf8.o(i.__0vprintf$8) refers to stdout.o(.data) for __stdout
    printf8.o(i.__0vsnprintf$8) refers to printf8.o(i._printf_core) for _printf_core
    printf8.o(i.__0vsnprintf$8) refers to printf8.o(i._snputc) for _snputc
    printf8.o(i.__0vsprintf$8) refers to printf8.o(i._printf_core) for _printf_core
    printf8.o(i.__0vsprintf$8) refers to printf8.o(i._sputc) for _sputc
    printf8.o(i._printf_core) refers to printf8.o(i._printf_pre_padding) for _printf_pre_padding
    printf8.o(i._printf_core) refers to printf8.o(i._printf_post_padding) for _printf_post_padding
    printf8.o(i._printf_core) refers to uldiv.o(.text) for __aeabi_uldivmod
    printfa.o(i.__0fprintf) refers (Special) to iusefp.o(.text) for __I$use$fp
    printfa.o(i.__0fprintf) refers to printfa.o(i._printf_core) for _printf_core
    printfa.o(i.__0fprintf) refers to printf.o(i.fputc) for fputc
    printfa.o(i.__0printf) refers (Special) to iusefp.o(.text) for __I$use$fp
    printfa.o(i.__0printf) refers to printfa.o(i._printf_core) for _printf_core
    printfa.o(i.__0printf) refers to printf.o(i.fputc) for fputc
    printfa.o(i.__0printf) refers to stdout.o(.data) for __stdout
    printfa.o(i.__0snprintf) refers (Special) to iusefp.o(.text) for __I$use$fp
    printfa.o(i.__0snprintf) refers to printfa.o(i._printf_core) for _printf_core
    printfa.o(i.__0snprintf) refers to printfa.o(i._snputc) for _snputc
    printfa.o(i.__0sprintf) refers (Special) to iusefp.o(.text) for __I$use$fp
    printfa.o(i.__0sprintf) refers to printfa.o(i._printf_core) for _printf_core
    printfa.o(i.__0sprintf) refers to printfa.o(i._sputc) for _sputc
    printfa.o(i.__0vfprintf) refers (Special) to iusefp.o(.text) for __I$use$fp
    printfa.o(i.__0vfprintf) refers to printfa.o(i._printf_core) for _printf_core
    printfa.o(i.__0vfprintf) refers to printf.o(i.fputc) for fputc
    printfa.o(i.__0vprintf) refers (Special) to iusefp.o(.text) for __I$use$fp
    printfa.o(i.__0vprintf) refers to printfa.o(i._printf_core) for _printf_core
    printfa.o(i.__0vprintf) refers to printf.o(i.fputc) for fputc
    printfa.o(i.__0vprintf) refers to stdout.o(.data) for __stdout
    printfa.o(i.__0vsnprintf) refers (Special) to iusefp.o(.text) for __I$use$fp
    printfa.o(i.__0vsnprintf) refers to printfa.o(i._printf_core) for _printf_core
    printfa.o(i.__0vsnprintf) refers to printfa.o(i._snputc) for _snputc
    printfa.o(i.__0vsprintf) refers (Special) to iusefp.o(.text) for __I$use$fp
    printfa.o(i.__0vsprintf) refers to printfa.o(i._printf_core) for _printf_core
    printfa.o(i.__0vsprintf) refers to printfa.o(i._sputc) for _sputc
    printfa.o(i._fp_digits) refers (Special) to iusefp.o(.text) for __I$use$fp
    printfa.o(i._fp_digits) refers to dmul.o(.text) for __aeabi_dmul
    printfa.o(i._fp_digits) refers to ddiv.o(.text) for __aeabi_ddiv
    printfa.o(i._fp_digits) refers to cdrcmple.o(.text) for __aeabi_cdrcmple
    printfa.o(i._fp_digits) refers to dadd.o(.text) for __aeabi_dadd
    printfa.o(i._fp_digits) refers to dfixul.o(.text) for __aeabi_d2ulz
    printfa.o(i._fp_digits) refers to uldiv.o(.text) for __aeabi_uldivmod
    printfa.o(i._printf_core) refers (Special) to iusefp.o(.text) for __I$use$fp
    printfa.o(i._printf_core) refers to printfa.o(i._printf_pre_padding) for _printf_pre_padding
    printfa.o(i._printf_core) refers to uldiv.o(.text) for __aeabi_uldivmod
    printfa.o(i._printf_core) refers to printfa.o(i._printf_post_padding) for _printf_post_padding
    printfa.o(i._printf_core) refers to printfa.o(i._fp_digits) for _fp_digits
    printfa.o(i._printf_core) refers to uidiv.o(.text) for __aeabi_uidivmod
    printfa.o(i._printf_post_padding) refers (Special) to iusefp.o(.text) for __I$use$fp
    printfa.o(i._printf_pre_padding) refers (Special) to iusefp.o(.text) for __I$use$fp
    printfa.o(i._snputc) refers (Special) to iusefp.o(.text) for __I$use$fp
    printfa.o(i._sputc) refers (Special) to iusefp.o(.text) for __I$use$fp
    entry2.o(.ARM.Collect$$$$00000001) refers to entry2.o(.ARM.Collect$$$$00002712) for __lit__00000000
    entry2.o(.ARM.Collect$$$$00002712) refers to startup_emf660x.o(STACK) for __initial_sp
    entry2.o(__vectab_stack_and_reset_area) refers to startup_emf660x.o(STACK) for __initial_sp
    entry2.o(__vectab_stack_and_reset_area) refers to entry.o(.ARM.Collect$$$$00000000) for __main
    entry5.o(.ARM.Collect$$$$00000004) refers to init.o(.text) for __scatterload
    entry9a.o(.ARM.Collect$$$$0000000B) refers to adc_demo.o(i.main) for main
    entry9b.o(.ARM.Collect$$$$0000000C) refers to adc_demo.o(i.main) for main
    uldiv.o(.text) refers to llushr.o(.text) for __aeabi_llsr
    uldiv.o(.text) refers to llshl.o(.text) for __aeabi_llsl
    dadd.o(.text) refers to llshl.o(.text) for __aeabi_llsl
    dadd.o(.text) refers to llsshr.o(.text) for __aeabi_lasr
    dadd.o(.text) refers to depilogue.o(.text) for _double_epilogue
    dmul.o(.text) refers to depilogue.o(.text) for _double_epilogue
    ddiv.o(.text) refers to depilogue.o(.text) for _double_round
    dfixul.o(.text) refers to llushr.o(.text) for __aeabi_llsr
    dfixul.o(.text) refers to llshl.o(.text) for __aeabi_llsl
    init.o(.text) refers to entry5.o(.ARM.Collect$$$$00000004) for __main_after_scatterload
    depilogue.o(.text) refers to depilogue.o(i.__ARM_clz) for __ARM_clz
    depilogue.o(.text) refers to llshl.o(.text) for __aeabi_llsl
    depilogue.o(.text) refers to llushr.o(.text) for __aeabi_llsr


==============================================================================

Removing Unused input sections from the image.

    Removing adc_demo.o(.rev16_text), (4 bytes).
    Removing adc_demo.o(.revsh_text), (4 bytes).
    Removing sysinit.o(.rev16_text), (4 bytes).
    Removing sysinit.o(.revsh_text), (4 bytes).
    Removing systick.o(.rev16_text), (4 bytes).
    Removing systick.o(.revsh_text), (4 bytes).
    Removing systick.o(i.SysTick_DelayAfterTick), (48 bytes).
    Removing systick.o(i.SysTick_DelayTicks), (48 bytes).
    Removing systick.o(i.SysTick_Disable), (16 bytes).
    Removing systick.o(i.SysTick_Get), (12 bytes).
    Removing systick.o(i.SysTick_GetSysTime), (12 bytes).
    Removing systick.o(i.SysTick_Init_Ex), (112 bytes).
    Removing systick.o(i.SysTick_Interval), (24 bytes).
    Removing common.o(.rev16_text), (4 bytes).
    Removing common.o(.revsh_text), (4 bytes).
    Removing printf.o(.rev16_text), (4 bytes).
    Removing printf.o(.revsh_text), (4 bytes).
    Removing adc.o(.rev16_text), (4 bytes).
    Removing adc.o(.revsh_text), (4 bytes).
    Removing adc.o(i.ACMP_TRIGER_ADC), (4 bytes).
    Removing adc.o(i.ADC_ChannelConfig), (108 bytes).
    Removing adc.o(i.ADC_CompareConfig), (78 bytes).
    Removing adc.o(i.ADC_CompareModeDisable), (38 bytes).
    Removing adc.o(i.ADC_CompareModeEnable), (38 bytes).
    Removing adc.o(i.ADC_DeInit), (68 bytes).
    Removing adc.o(i.GPIO_TRIGER_ADC), (4 bytes).
    Removing adc.o(i.RTC_TRIGER_ADC), (4 bytes).
    Removing clock.o(.rev16_text), (4 bytes).
    Removing clock.o(.revsh_text), (4 bytes).
    Removing clock.o(i.CLOCK_GetConfig), (44 bytes).
    Removing clock.o(i.Clock_GetPllReferenceClock), (16 bytes).
    Removing clock.o(i.OSC_GetConfig), (92 bytes).
    Removing clock.o(i.PeriphClk_GetConfig), (92 bytes).
    Removing clock.o(i.PeriphClk_SetConfig), (572 bytes).
    Removing dma.o(.rev16_text), (4 bytes).
    Removing dma.o(.revsh_text), (4 bytes).
    Removing dma.o(i.DMA_GetDefaultConfig), (12 bytes).
    Removing gpio.o(.rev16_text), (4 bytes).
    Removing gpio.o(.revsh_text), (4 bytes).
    Removing gpio.o(i.GPIO_DeInit), (168 bytes).
    Removing gpio.o(i.GPIO_PinRead), (14 bytes).
    Removing gpio.o(i.GPIO_PinToggle), (30 bytes).
    Removing gpio.o(i.GPIO_PinWrite), (28 bytes).
    Removing gpio.o(i.GPIO_SetPinDirection), (34 bytes).
    Removing gpio.o(i.GPIO_SetPinFilter), (384 bytes).
    Removing gpio.o(i.GPIO_TriggerADC), (16 bytes).
    Removing uart.o(.rev16_text), (4 bytes).
    Removing uart.o(.revsh_text), (4 bytes).
    Removing uart.o(i.NVIC_DisableIRQ), (20 bytes).
    Removing uart.o(i.UART_ClearRx), (46 bytes).
    Removing uart.o(i.UART_DMAConfig), (232 bytes).
    Removing uart.o(i.UART_DeInit), (52 bytes).
    Removing uart.o(i.UART_DisableInterrupts), (68 bytes).
    Removing uart.o(i.UART_EnableInterrupts), (140 bytes).
    Removing uart.o(i.UART_GetChar), (6 bytes).
    Removing uart.o(i.UART_GetFifoData), (38 bytes).
    Removing uart.o(i.UART_GetTransferStatus), (192 bytes).
    Removing uart.o(i.UART_Receive), (256 bytes).
    Removing uart.o(i.UART_RxDMACallback), (62 bytes).
    Removing uart.o(i.UART_SetMode), (74 bytes).
    Removing uart.o(i.UART_TransferConfig), (180 bytes).
    Removing uart.o(i.UART_Transmit), (216 bytes).
    Removing uart.o(i.UART_TxDMACallback), (62 bytes).
    Removing startup_emf660x.o(HEAP), (0 bytes).
    Removing dadd.o(.text), (356 bytes).
    Removing dmul.o(.text), (208 bytes).
    Removing ddiv.o(.text), (240 bytes).
    Removing dfixul.o(.text), (64 bytes).
    Removing cdrcmple.o(.text), (40 bytes).
    Removing depilogue.o(.text), (190 bytes).
    Removing depilogue.o(i.__ARM_clz), (46 bytes).

71 unused section(s) (total 4984 bytes) removed from the image.

==============================================================================

Image Symbol Table

    Local Symbols

    Symbol Name                              Value     Ov Type        Size  Object(Section)

    RESET                                    0x00000000   Section      192  startup_emf660x.o(RESET)
    ../clib/../cmprslib/zerorunl2.c          0x00000000   Number         0  __dczerorl2.o ABSOLUTE
    ../clib/microlib/division.c              0x00000000   Number         0  uidiv.o ABSOLUTE
    ../clib/microlib/division.c              0x00000000   Number         0  uldiv.o ABSOLUTE
    ../clib/microlib/init/entry.s            0x00000000   Number         0  entry11b.o ABSOLUTE
    ../clib/microlib/init/entry.s            0x00000000   Number         0  entry10b.o ABSOLUTE
    ../clib/microlib/init/entry.s            0x00000000   Number         0  entry10a.o ABSOLUTE
    ../clib/microlib/init/entry.s            0x00000000   Number         0  entry9b.o ABSOLUTE
    ../clib/microlib/init/entry.s            0x00000000   Number         0  entry9a.o ABSOLUTE
    ../clib/microlib/init/entry.s            0x00000000   Number         0  entry8b.o ABSOLUTE
    ../clib/microlib/init/entry.s            0x00000000   Number         0  entry11a.o ABSOLUTE
    ../clib/microlib/init/entry.s            0x00000000   Number         0  entry8a.o ABSOLUTE
    ../clib/microlib/init/entry.s            0x00000000   Number         0  entry7b.o ABSOLUTE
    ../clib/microlib/init/entry.s            0x00000000   Number         0  entry7a.o ABSOLUTE
    ../clib/microlib/init/entry.s            0x00000000   Number         0  entry5.o ABSOLUTE
    ../clib/microlib/init/entry.s            0x00000000   Number         0  entry.o ABSOLUTE
    ../clib/microlib/init/entry.s            0x00000000   Number         0  entry2.o ABSOLUTE
    ../clib/microlib/longlong.c              0x00000000   Number         0  llshl.o ABSOLUTE
    ../clib/microlib/longlong.c              0x00000000   Number         0  llushr.o ABSOLUTE
    ../clib/microlib/longlong.c              0x00000000   Number         0  llsshr.o ABSOLUTE
    ../clib/microlib/printf/printf.c         0x00000000   Number         0  printf0.o ABSOLUTE
    ../clib/microlib/printf/printf.c         0x00000000   Number         0  printfb.o ABSOLUTE
    ../clib/microlib/printf/printf.c         0x00000000   Number         0  printfa.o ABSOLUTE
    ../clib/microlib/printf/printf.c         0x00000000   Number         0  printf8.o ABSOLUTE
    ../clib/microlib/printf/printf.c         0x00000000   Number         0  printf6.o ABSOLUTE
    ../clib/microlib/printf/printf.c         0x00000000   Number         0  printf7.o ABSOLUTE
    ../clib/microlib/printf/printf.c         0x00000000   Number         0  printf5.o ABSOLUTE
    ../clib/microlib/printf/printf.c         0x00000000   Number         0  printf4.o ABSOLUTE
    ../clib/microlib/printf/printf.c         0x00000000   Number         0  printf3.o ABSOLUTE
    ../clib/microlib/printf/printf.c         0x00000000   Number         0  printf2.o ABSOLUTE
    ../clib/microlib/printf/printf.c         0x00000000   Number         0  printf1.o ABSOLUTE
    ../clib/microlib/printf/stubs.s          0x00000000   Number         0  stubs.o ABSOLUTE
    ../clib/microlib/stdio/streams.c         0x00000000   Number         0  stdout.o ABSOLUTE
    ../clib/microlib/string/memcpy.c         0x00000000   Number         0  memcpyb.o ABSOLUTE
    ../clib/microlib/string/memcpy.c         0x00000000   Number         0  memcpya.o ABSOLUTE
    ../clib/microlib/string/memset.c         0x00000000   Number         0  memseta.o ABSOLUTE
    ../clib/microlib/stubs.s                 0x00000000   Number         0  iusefp.o ABSOLUTE
    ../fplib/microlib/fpadd.c                0x00000000   Number         0  dadd.o ABSOLUTE
    ../fplib/microlib/fpdiv.c                0x00000000   Number         0  ddiv.o ABSOLUTE
    ../fplib/microlib/fpepilogue.c           0x00000000   Number         0  depilogue.o ABSOLUTE
    ../fplib/microlib/fpfix.c                0x00000000   Number         0  dfixul.o ABSOLUTE
    ../fplib/microlib/fpmul.c                0x00000000   Number         0  dmul.o ABSOLUTE
    ..\..\..\..\..\..\drv\arch\arm\sysinit.c 0x00000000   Number         0  sysinit.o ABSOLUTE
    ..\..\..\..\..\..\drv\arch\arm\systick.c 0x00000000   Number         0  systick.o ABSOLUTE
    ..\..\..\..\..\..\drv\dev\adc\adc.c      0x00000000   Number         0  adc.o ABSOLUTE
    ..\..\..\..\..\..\drv\dev\clock\clock.c  0x00000000   Number         0  clock.o ABSOLUTE
    ..\..\..\..\..\..\drv\dev\dma\dma.c      0x00000000   Number         0  dma.o ABSOLUTE
    ..\..\..\..\..\..\drv\dev\gpio\gpio.c    0x00000000   Number         0  gpio.o ABSOLUTE
    ..\..\..\..\..\..\drv\dev\uart\uart.c    0x00000000   Number         0  uart.o ABSOLUTE
    ..\..\..\..\..\..\lib\common\common.c    0x00000000   Number         0  common.o ABSOLUTE
    ..\..\..\..\..\..\lib\common\printf.c    0x00000000   Number         0  printf.o ABSOLUTE
    ..\..\adc_demo.c                         0x00000000   Number         0  adc_demo.o ABSOLUTE
    ..\\..\\..\\..\\..\\..\\drv\\arch\\arm\\sysinit.c 0x00000000   Number         0  sysinit.o ABSOLUTE
    ..\\..\\..\\..\\..\\..\\drv\\arch\\arm\\systick.c 0x00000000   Number         0  systick.o ABSOLUTE
    ..\\..\\..\\..\\..\\..\\drv\\dev\\adc\\adc.c 0x00000000   Number         0  adc.o ABSOLUTE
    ..\\..\\..\\..\\..\\..\\drv\\dev\\clock\\clock.c 0x00000000   Number         0  clock.o ABSOLUTE
    ..\\..\\..\\..\\..\\..\\drv\\dev\\dma\\dma.c 0x00000000   Number         0  dma.o ABSOLUTE
    ..\\..\\..\\..\\..\\..\\drv\\dev\\gpio\\gpio.c 0x00000000   Number         0  gpio.o ABSOLUTE
    ..\\..\\..\\..\\..\\..\\drv\\dev\\uart\\uart.c 0x00000000   Number         0  uart.o ABSOLUTE
    ..\\..\\..\\..\\..\\..\\lib\\common\\common.c 0x00000000   Number         0  common.o ABSOLUTE
    ..\\..\\..\\..\\..\\..\\lib\\common\\printf.c 0x00000000   Number         0  printf.o ABSOLUTE
    ..\\..\\adc_demo.c                       0x00000000   Number         0  adc_demo.o ABSOLUTE
    RTE\Device\EMF6601VCPCC\startup_EMF660x.s 0x00000000   Number         0  startup_emf660x.o ABSOLUTE
    cdrcmple.s                               0x00000000   Number         0  cdrcmple.o ABSOLUTE
    dc.s                                     0x00000000   Number         0  dc.o ABSOLUTE
    handlers.s                               0x00000000   Number         0  handlers.o ABSOLUTE
    init.s                                   0x00000000   Number         0  init.o ABSOLUTE
    .ARM.Collect$$$$00000000                 0x000000c0   Section        0  entry.o(.ARM.Collect$$$$00000000)
    .ARM.Collect$$$$00000001                 0x000000c0   Section        4  entry2.o(.ARM.Collect$$$$00000001)
    .ARM.Collect$$$$00000004                 0x000000c4   Section        4  entry5.o(.ARM.Collect$$$$00000004)
    .ARM.Collect$$$$00000008                 0x000000c8   Section        0  entry7b.o(.ARM.Collect$$$$00000008)
    .ARM.Collect$$$$0000000A                 0x000000c8   Section        0  entry8b.o(.ARM.Collect$$$$0000000A)
    .ARM.Collect$$$$0000000B                 0x000000c8   Section        8  entry9a.o(.ARM.Collect$$$$0000000B)
    .ARM.Collect$$$$0000000D                 0x000000d0   Section        0  entry10a.o(.ARM.Collect$$$$0000000D)
    .ARM.Collect$$$$0000000F                 0x000000d0   Section        0  entry11a.o(.ARM.Collect$$$$0000000F)
    .ARM.Collect$$$$00002712                 0x000000d0   Section        4  entry2.o(.ARM.Collect$$$$00002712)
    __lit__00000000                          0x000000d0   Data           4  entry2.o(.ARM.Collect$$$$00002712)
    .text                                    0x000000d4   Section       84  startup_emf660x.o(.text)
    .text                                    0x00000128   Section        0  uidiv.o(.text)
    .text                                    0x00000154   Section        0  memcpya.o(.text)
    .text                                    0x00000178   Section        0  memseta.o(.text)
    .text                                    0x0000019c   Section       36  init.o(.text)
    .text                                    0x000001c0   Section        0  __dczerorl2.o(.text)
    i.ADC_BufConvertValue                    0x00000216   Section        0  adc.o(i.ADC_BufConvertValue)
    ADC_BufConvertValue                      0x00000217   Thumb Code    14  adc.o(i.ADC_BufConvertValue)
    i.ADC_Callback                           0x00000224   Section        0  adc_demo.o(i.ADC_Callback)
    ADC_Callback                             0x00000225   Thumb Code    22  adc_demo.o(i.ADC_Callback)
    i.ADC_DmaCallback                        0x0000026c   Section        0  adc.o(i.ADC_DmaCallback)
    ADC_DmaCallback                          0x0000026d   Thumb Code    92  adc.o(i.ADC_DmaCallback)
    i.ADC_DmaConfig                          0x000002cc   Section        0  adc.o(i.ADC_DmaConfig)
    ADC_DmaConfig                            0x000002cd   Thumb Code    86  adc.o(i.ADC_DmaConfig)
    i.ADC_FifoConvertValue                   0x00000334   Section        0  adc.o(i.ADC_FifoConvertValue)
    ADC_FifoConvertValue                     0x00000335   Thumb Code    26  adc.o(i.ADC_FifoConvertValue)
    i.ADC_SelectChannel                      0x0000034e   Section        0  adc.o(i.ADC_SelectChannel)
    ADC_SelectChannel                        0x0000034f   Thumb Code    50  adc.o(i.ADC_SelectChannel)
    i.ADC_SequenceConfig                     0x00000380   Section        0  adc.o(i.ADC_SequenceConfig)
    i.Clock_IsNowStable                      0x000003f0   Section        0  clock.o(i.Clock_IsNowStable)
    Clock_IsNowStable                        0x000003f1   Thumb Code    10  clock.o(i.Clock_IsNowStable)
    i.Systick_Callback                       0x000003fa   Section        0  systick.o(i.Systick_Callback)
    i.__scatterload_null                     0x000003fc   Section        2  handlers.o(i.__scatterload_null)
    .ARM.__at_0x400                          0x00000400   Section        8  startup_emf660x.o(.ARM.__at_0x400)
    i.ADC_Init                               0x00000408   Section        0  adc.o(i.ADC_Init)
    i.ADC_ReadConvertValue                   0x00000514   Section        0  adc.o(i.ADC_ReadConvertValue)
    i.ADC_TryLock                            0x000005ec   Section        0  adc.o(i.ADC_TryLock)
    ADC_TryLock                              0x000005ed   Thumb Code    18  adc.o(i.ADC_TryLock)
    i.CLOCK_SetConfig                        0x00000600   Section        0  clock.o(i.CLOCK_SetConfig)
    i.DMA_CommonIRQHandler                   0x000006d8   Section        0  dma.o(i.DMA_CommonIRQHandler)
    DMA_CommonIRQHandler                     0x000006d9   Thumb Code   128  dma.o(i.DMA_CommonIRQHandler)
    i.DMA_DeInit                             0x00000758   Section        0  dma.o(i.DMA_DeInit)
    i.DMA_Init                               0x00000788   Section        0  dma.o(i.DMA_Init)
    i.DMA_Start                              0x00000830   Section        0  dma.o(i.DMA_Start)
    i.DebugConsoleInit                       0x00000900   Section        0  printf.o(i.DebugConsoleInit)
    i.GPIO_GetInstance                       0x0000092c   Section        0  gpio.o(i.GPIO_GetInstance)
    GPIO_GetInstance                         0x0000092d   Thumb Code    22  gpio.o(i.GPIO_GetInstance)
    i.GPIO_Init                              0x00000948   Section        0  gpio.o(i.GPIO_Init)
    i.GPIO_SetPullUp                         0x00000aa8   Section        0  gpio.o(i.GPIO_SetPullUp)
    GPIO_SetPullUp                           0x00000aa9   Thumb Code    68  gpio.o(i.GPIO_SetPullUp)
    i.Hold_ResetStatusTillStable             0x00000af0   Section        0  adc.o(i.Hold_ResetStatusTillStable)
    Hold_ResetStatusTillStable               0x00000af1   Thumb Code    12  adc.o(i.Hold_ResetStatusTillStable)
    i.INT20_Handler                          0x00000afc   Section        0  dma.o(i.INT20_Handler)
    DMA0_IRQHandler                          0x00000afd   Thumb Code     0  dma.o(i.INT20_Handler)
    i.INT26_Handler                          0x00000b0c   Section        0  adc.o(i.INT26_Handler)
    ADC_IrqHandler                           0x00000b0d   Thumb Code     0  adc.o(i.INT26_Handler)
    i.NVIC_EnableIRQ                         0x00000bd0   Section        0  uart.o(i.NVIC_EnableIRQ)
    NVIC_EnableIRQ                           0x00000bd1   Thumb Code    14  uart.o(i.NVIC_EnableIRQ)
    i.OSC_SetConfig                          0x00000be4   Section        0  clock.o(i.OSC_SetConfig)
    i.SysTick_DelayMS                        0x00000cb0   Section        0  systick.o(i.SysTick_DelayMS)
    i.SysTick_DelayUS                        0x00000cd8   Section        0  systick.o(i.SysTick_DelayUS)
    i.SysTick_Init                           0x00000d60   Section        0  systick.o(i.SysTick_Init)
    i.SystemInit                             0x00000d9c   Section        0  sysinit.o(i.SystemInit)
    i.Systick_InterruptHandler               0x00000df4   Section        0  systick.o(i.Systick_InterruptHandler)
    i.UART0_InterruptHandler                 0x00000e30   Section        0  uart.o(i.UART0_InterruptHandler)
    i.UART1_InterruptHandler                 0x00000e4c   Section        0  uart.o(i.UART1_InterruptHandler)
    i.UART2_InterruptHandler                 0x00000e68   Section        0  uart.o(i.UART2_InterruptHandler)
    i.UART_Init                              0x00000e84   Section        0  uart.o(i.UART_Init)
    i.UART_InterruptHandler                  0x00000ff4   Section        0  uart.o(i.UART_InterruptHandler)
    UART_InterruptHandler                    0x00000ff5   Thumb Code   288  uart.o(i.UART_InterruptHandler)
    i.UART_PutChar                           0x00001114   Section        0  uart.o(i.UART_PutChar)
    i.UART_RxInterruptHandler                0x0000111e   Section        0  uart.o(i.UART_RxInterruptHandler)
    i.UART_RxProcessData                     0x0000116c   Section        0  uart.o(i.UART_RxProcessData)
    UART_RxProcessData                       0x0000116d   Thumb Code   194  uart.o(i.UART_RxProcessData)
    i.UART_TxInterruptHandler                0x0000122e   Section        0  uart.o(i.UART_TxInterruptHandler)
    i.UART_TxProcessData                     0x0000126e   Section        0  uart.o(i.UART_TxProcessData)
    UART_TxProcessData                       0x0000126f   Thumb Code   238  uart.o(i.UART_TxProcessData)
    i.UartPinMuxConfig                       0x0000135c   Section        0  printf.o(i.UartPinMuxConfig)
    i.WaitTillTimeout                        0x000013ec   Section        0  systick.o(i.WaitTillTimeout)
    i.WaitTimerInit                          0x00001420   Section        0  systick.o(i.WaitTimerInit)
    i.__0printf$3                            0x00001434   Section        0  printf3.o(i.__0printf$3)
    i.__scatterload_copy                     0x00001454   Section       14  handlers.o(i.__scatterload_copy)
    i.__scatterload_zeroinit                 0x00001462   Section       14  handlers.o(i.__scatterload_zeroinit)
    i._printf_core                           0x00001470   Section        0  printf3.o(i._printf_core)
    _printf_core                             0x00001471   Thumb Code   456  printf3.o(i._printf_core)
    i.fputc                                  0x0000163c   Section        0  printf.o(i.fputc)
    i.main                                   0x00001660   Section        0  adc_demo.o(i.main)
    .constdata                               0x00001840   Section        5  adc_demo.o(.constdata)
    __FUNCTION__                             0x00001840   Data           5  adc_demo.o(.constdata)
    .constdata                               0x00001848   Section        4  dma.o(.constdata)
    s_dmaBases                               0x00001848   Data           4  dma.o(.constdata)
    .constdata                               0x0000184c   Section       20  gpio.o(.constdata)
    s_GPIOBases                              0x00001850   Data          16  gpio.o(.constdata)
    .data                                    0x20000000   Section      264  adc_demo.o(.data)
    s_sequence                               0x20000000   Data           8  adc_demo.o(.data)
    s_pinmux                                 0x20000008   Data         256  adc_demo.o(.data)
    .data                                    0x20000108   Section       32  systick.o(.data)
    s_MSIntNum                               0x20000108   Data           4  systick.o(.data)
    s_CallbackIntNum                         0x2000010c   Data           4  systick.o(.data)
    s_TimerIntCnt                            0x20000110   Data           4  systick.o(.data)
    s_CallbackIntCnt                         0x20000114   Data           4  systick.o(.data)
    reload_ticks                             0x20000118   Data           4  systick.o(.data)
    s_sysTime                                0x20000120   Data           8  systick.o(.data)
    .data                                    0x20000128   Section        8  adc.o(.data)
    s_pHandle                                0x20000128   Data           4  adc.o(.data)
    .data                                    0x20000130   Section        4  dma.o(.data)
    s_dmaHandle                              0x20000130   Data           4  dma.o(.data)
    .data                                    0x20000134   Section       64  gpio.o(.data)
    s_AnalogFuncSel                          0x20000134   Data          64  gpio.o(.data)
    .data                                    0x20000174   Section        8  uart.o(.data)
    s_uartIrq                                0x20000174   Data           3  uart.o(.data)
    s_uartIsr                                0x20000178   Data           4  uart.o(.data)
    .data                                    0x2000017c   Section        4  stdout.o(.data)
    .bss                                     0x20000180   Section       68  adc_demo.o(.bss)
    s_convertValue                           0x20000180   Data          32  adc_demo.o(.bss)
    s_Handle                                 0x200001a0   Data          36  adc_demo.o(.bss)
    .bss                                     0x200001c4   Section       20  adc.o(.bss)
    s_DMAHandle                              0x200001c4   Data          20  adc.o(.bss)
    .bss                                     0x200001d8   Section       24  uart.o(.bss)
    s_uartHandle                             0x200001d8   Data          12  uart.o(.bss)
    s_uartCallback                           0x200001e4   Data          12  uart.o(.bss)
    STACK                                    0x200001f0   Section      768  startup_emf660x.o(STACK)

    Global Symbols

    Symbol Name                              Value     Ov Type        Size  Object(Section)

    BuildAttributes$$THM_ISAv3M$S$PE$A:L22$X:L11$S22$IEEE1$IW$USESV6$~STKCKD$USESV7$~SHL$OSPACE$ROPI$EBA8$MICROLIB$REQ8$PRES8$EABIv2 0x00000000   Number         0  anon$$obj.o ABSOLUTE
    __ARM_use_no_argv                        0x00000000   Number         0  adc_demo.o ABSOLUTE
    __Vectors                                0x00000000   Data           4  startup_emf660x.o(RESET)
    _printf_a                                0x00000000   Number         0  stubs.o ABSOLUTE
    _printf_c                                0x00000000   Number         0  stubs.o ABSOLUTE
    _printf_charcount                        0x00000000   Number         0  stubs.o ABSOLUTE
    _printf_d                                0x00000000   Number         0  stubs.o ABSOLUTE
    _printf_e                                0x00000000   Number         0  stubs.o ABSOLUTE
    _printf_f                                0x00000000   Number         0  stubs.o ABSOLUTE
    _printf_flags                            0x00000000   Number         0  stubs.o ABSOLUTE
    _printf_fp_dec                           0x00000000   Number         0  stubs.o ABSOLUTE
    _printf_fp_hex                           0x00000000   Number         0  stubs.o ABSOLUTE
    _printf_g                                0x00000000   Number         0  stubs.o ABSOLUTE
    _printf_i                                0x00000000   Number         0  stubs.o ABSOLUTE
    _printf_int_dec                          0x00000000   Number         0  stubs.o ABSOLUTE
    _printf_l                                0x00000000   Number         0  stubs.o ABSOLUTE
    _printf_lc                               0x00000000   Number         0  stubs.o ABSOLUTE
    _printf_ll                               0x00000000   Number         0  stubs.o ABSOLUTE
    _printf_lld                              0x00000000   Number         0  stubs.o ABSOLUTE
    _printf_lli                              0x00000000   Number         0  stubs.o ABSOLUTE
    _printf_llo                              0x00000000   Number         0  stubs.o ABSOLUTE
    _printf_llu                              0x00000000   Number         0  stubs.o ABSOLUTE
    _printf_llx                              0x00000000   Number         0  stubs.o ABSOLUTE
    _printf_longlong_dec                     0x00000000   Number         0  stubs.o ABSOLUTE
    _printf_longlong_hex                     0x00000000   Number         0  stubs.o ABSOLUTE
    _printf_longlong_oct                     0x00000000   Number         0  stubs.o ABSOLUTE
    _printf_ls                               0x00000000   Number         0  stubs.o ABSOLUTE
    _printf_mbtowc                           0x00000000   Number         0  stubs.o ABSOLUTE
    _printf_n                                0x00000000   Number         0  stubs.o ABSOLUTE
    _printf_o                                0x00000000   Number         0  stubs.o ABSOLUTE
    _printf_p                                0x00000000   Number         0  stubs.o ABSOLUTE
    _printf_percent                          0x00000000   Number         0  stubs.o ABSOLUTE
    _printf_pre_padding                      0x00000000   Number         0  stubs.o ABSOLUTE
    _printf_return_value                     0x00000000   Number         0  stubs.o ABSOLUTE
    _printf_s                                0x00000000   Number         0  stubs.o ABSOLUTE
    _printf_sizespec                         0x00000000   Number         0  stubs.o ABSOLUTE
    _printf_str                              0x00000000   Number         0  stubs.o ABSOLUTE
    _printf_truncate_signed                  0x00000000   Number         0  stubs.o ABSOLUTE
    _printf_truncate_unsigned                0x00000000   Number         0  stubs.o ABSOLUTE
    _printf_u                                0x00000000   Number         0  stubs.o ABSOLUTE
    _printf_wc                               0x00000000   Number         0  stubs.o ABSOLUTE
    _printf_wctomb                           0x00000000   Number         0  stubs.o ABSOLUTE
    _printf_widthprec                        0x00000000   Number         0  stubs.o ABSOLUTE
    _printf_x                                0x00000000   Number         0  stubs.o ABSOLUTE
    __cpp_initialize__aeabi_                  - Undefined Weak Reference
    __cxa_finalize                            - Undefined Weak Reference
    _clock_init                               - Undefined Weak Reference
    _microlib_exit                            - Undefined Weak Reference
    __Vectors_End                            0x000000c0   Data           0  startup_emf660x.o(RESET)
    __Vectors_Size                           0x000000c0   Number         0  startup_emf660x.o ABSOLUTE
    __main                                   0x000000c1   Thumb Code     0  entry.o(.ARM.Collect$$$$00000000)
    _main_stk                                0x000000c1   Thumb Code     0  entry2.o(.ARM.Collect$$$$00000001)
    _main_scatterload                        0x000000c5   Thumb Code     0  entry5.o(.ARM.Collect$$$$00000004)
    __main_after_scatterload                 0x000000c9   Thumb Code     0  entry5.o(.ARM.Collect$$$$00000004)
    _main_clock                              0x000000c9   Thumb Code     0  entry7b.o(.ARM.Collect$$$$00000008)
    _main_cpp_init                           0x000000c9   Thumb Code     0  entry8b.o(.ARM.Collect$$$$0000000A)
    _main_init                               0x000000c9   Thumb Code     0  entry9a.o(.ARM.Collect$$$$0000000B)
    __rt_final_cpp                           0x000000d1   Thumb Code     0  entry10a.o(.ARM.Collect$$$$0000000D)
    __rt_final_exit                          0x000000d1   Thumb Code     0  entry11a.o(.ARM.Collect$$$$0000000F)
    Reset_Handler                            0x000000d5   Thumb Code    74  startup_emf660x.o(.text)
    INT02_Handler                            0x0000011f   Thumb Code     0  startup_emf660x.o(.text)
    INT03_Handler                            0x0000011f   Thumb Code     0  startup_emf660x.o(.text)
    INT04_Handler                            0x0000011f   Thumb Code     0  startup_emf660x.o(.text)
    INT05_Handler                            0x0000011f   Thumb Code     0  startup_emf660x.o(.text)
    INT06_Handler                            0x0000011f   Thumb Code     0  startup_emf660x.o(.text)
    INT07_Handler                            0x0000011f   Thumb Code     0  startup_emf660x.o(.text)
    INT08_Handler                            0x0000011f   Thumb Code     0  startup_emf660x.o(.text)
    INT09_Handler                            0x0000011f   Thumb Code     0  startup_emf660x.o(.text)
    INT10_Handler                            0x0000011f   Thumb Code     0  startup_emf660x.o(.text)
    INT11_Handler                            0x0000011f   Thumb Code     0  startup_emf660x.o(.text)
    INT12_Handler                            0x0000011f   Thumb Code     0  startup_emf660x.o(.text)
    INT13_Handler                            0x0000011f   Thumb Code     0  startup_emf660x.o(.text)
    INT14_Handler                            0x0000011f   Thumb Code     0  startup_emf660x.o(.text)
    INT16_Handler                            0x0000011f   Thumb Code     0  startup_emf660x.o(.text)
    INT17_Handler                            0x0000011f   Thumb Code     0  startup_emf660x.o(.text)
    INT18_Handler                            0x0000011f   Thumb Code     0  startup_emf660x.o(.text)
    INT19_Handler                            0x0000011f   Thumb Code     0  startup_emf660x.o(.text)
    INT21_Handler                            0x0000011f   Thumb Code     0  startup_emf660x.o(.text)
    INT22_Handler                            0x0000011f   Thumb Code     0  startup_emf660x.o(.text)
    INT23_Handler                            0x0000011f   Thumb Code     0  startup_emf660x.o(.text)
    INT24_Handler                            0x0000011f   Thumb Code     0  startup_emf660x.o(.text)
    INT25_Handler                            0x0000011f   Thumb Code     0  startup_emf660x.o(.text)
    INT27_Handler                            0x0000011f   Thumb Code     0  startup_emf660x.o(.text)
    INT28_Handler                            0x0000011f   Thumb Code     0  startup_emf660x.o(.text)
    INT29_Handler                            0x0000011f   Thumb Code     0  startup_emf660x.o(.text)
    INT30_Handler                            0x0000011f   Thumb Code     0  startup_emf660x.o(.text)
    INT31_Handler                            0x0000011f   Thumb Code     0  startup_emf660x.o(.text)
    INT32_Handler                            0x0000011f   Thumb Code     0  startup_emf660x.o(.text)
    INT33_Handler                            0x0000011f   Thumb Code     0  startup_emf660x.o(.text)
    INT37_Handler                            0x0000011f   Thumb Code     0  startup_emf660x.o(.text)
    INT38_Handler                            0x0000011f   Thumb Code     0  startup_emf660x.o(.text)
    INT39_Handler                            0x0000011f   Thumb Code     0  startup_emf660x.o(.text)
    INT40_Handler                            0x0000011f   Thumb Code     0  startup_emf660x.o(.text)
    INT41_Handler                            0x0000011f   Thumb Code     0  startup_emf660x.o(.text)
    INT42_Handler                            0x0000011f   Thumb Code     0  startup_emf660x.o(.text)
    INT43_Handler                            0x0000011f   Thumb Code     0  startup_emf660x.o(.text)
    INT44_Handler                            0x0000011f   Thumb Code     0  startup_emf660x.o(.text)
    INT45_Handler                            0x0000011f   Thumb Code     0  startup_emf660x.o(.text)
    INT46_Handler                            0x0000011f   Thumb Code     0  startup_emf660x.o(.text)
    INT47_Handler                            0x0000011f   Thumb Code     0  startup_emf660x.o(.text)
    __aeabi_uidiv                            0x00000129   Thumb Code     0  uidiv.o(.text)
    __aeabi_uidivmod                         0x00000129   Thumb Code    44  uidiv.o(.text)
    __aeabi_memcpy                           0x00000155   Thumb Code    36  memcpya.o(.text)
    __aeabi_memcpy4                          0x00000155   Thumb Code     0  memcpya.o(.text)
    __aeabi_memcpy8                          0x00000155   Thumb Code     0  memcpya.o(.text)
    __aeabi_memset                           0x00000179   Thumb Code    14  memseta.o(.text)
    __aeabi_memset4                          0x00000179   Thumb Code     0  memseta.o(.text)
    __aeabi_memset8                          0x00000179   Thumb Code     0  memseta.o(.text)
    __aeabi_memclr                           0x00000187   Thumb Code     4  memseta.o(.text)
    __aeabi_memclr4                          0x00000187   Thumb Code     0  memseta.o(.text)
    __aeabi_memclr8                          0x00000187   Thumb Code     0  memseta.o(.text)
    _memset$wrapper                          0x0000018b   Thumb Code    18  memseta.o(.text)
    __scatterload                            0x0000019d   Thumb Code    28  init.o(.text)
    __scatterload_rt2                        0x0000019d   Thumb Code     0  init.o(.text)
    __decompress                             0x000001c1   Thumb Code     0  __dczerorl2.o(.text)
    __decompress1                            0x000001c1   Thumb Code    86  __dczerorl2.o(.text)
    ADC_SequenceConfig                       0x00000381   Thumb Code   112  adc.o(i.ADC_SequenceConfig)
    Systick_Callback                         0x000003fb   Thumb Code     2  systick.o(i.Systick_Callback)
    __scatterload_null                       0x000003fd   Thumb Code     2  handlers.o(i.__scatterload_null)
    ADC_Init                                 0x00000409   Thumb Code   248  adc.o(i.ADC_Init)
    ADC_ReadConvertValue                     0x00000515   Thumb Code   216  adc.o(i.ADC_ReadConvertValue)
    CLOCK_SetConfig                          0x00000601   Thumb Code   202  clock.o(i.CLOCK_SetConfig)
    DMA_DeInit                               0x00000759   Thumb Code    48  dma.o(i.DMA_DeInit)
    DMA_Init                                 0x00000789   Thumb Code   156  dma.o(i.DMA_Init)
    DMA_Start                                0x00000831   Thumb Code   202  dma.o(i.DMA_Start)
    DebugConsoleInit                         0x00000901   Thumb Code    40  printf.o(i.DebugConsoleInit)
    GPIO_Init                                0x00000949   Thumb Code   322  gpio.o(i.GPIO_Init)
    INT20_Handler                            0x00000afd   Thumb Code    12  dma.o(i.INT20_Handler)
    INT26_Handler                            0x00000b0d   Thumb Code   162  adc.o(i.INT26_Handler)
    OSC_SetConfig                            0x00000be5   Thumb Code   194  clock.o(i.OSC_SetConfig)
    SysTick_DelayMS                          0x00000cb1   Thumb Code    34  systick.o(i.SysTick_DelayMS)
    SysTick_DelayUS                          0x00000cd9   Thumb Code   124  systick.o(i.SysTick_DelayUS)
    SysTick_Init                             0x00000d61   Thumb Code    46  systick.o(i.SysTick_Init)
    SystemInit                               0x00000d9d   Thumb Code    74  sysinit.o(i.SystemInit)
    INT15_Handler                            0x00000df5   Thumb Code     0  systick.o(i.Systick_InterruptHandler)
    Systick_InterruptHandler                 0x00000df5   Thumb Code    54  systick.o(i.Systick_InterruptHandler)
    INT34_Handler                            0x00000e31   Thumb Code     0  uart.o(i.UART0_InterruptHandler)
    UART0_InterruptHandler                   0x00000e31   Thumb Code    16  uart.o(i.UART0_InterruptHandler)
    INT35_Handler                            0x00000e4d   Thumb Code     0  uart.o(i.UART1_InterruptHandler)
    UART1_InterruptHandler                   0x00000e4d   Thumb Code    16  uart.o(i.UART1_InterruptHandler)
    INT36_Handler                            0x00000e69   Thumb Code     0  uart.o(i.UART2_InterruptHandler)
    UART2_InterruptHandler                   0x00000e69   Thumb Code    16  uart.o(i.UART2_InterruptHandler)
    UART_Init                                0x00000e85   Thumb Code   332  uart.o(i.UART_Init)
    UART_PutChar                             0x00001115   Thumb Code    10  uart.o(i.UART_PutChar)
    UART_RxInterruptHandler                  0x0000111f   Thumb Code    78  uart.o(i.UART_RxInterruptHandler)
    UART_TxInterruptHandler                  0x0000122f   Thumb Code    64  uart.o(i.UART_TxInterruptHandler)
    UartPinMuxConfig                         0x0000135d   Thumb Code   116  printf.o(i.UartPinMuxConfig)
    WaitTillTimeout                          0x000013ed   Thumb Code    44  systick.o(i.WaitTillTimeout)
    WaitTimerInit                            0x00001421   Thumb Code    16  systick.o(i.WaitTimerInit)
    __0printf$3                              0x00001435   Thumb Code    24  printf3.o(i.__0printf$3)
    __1printf$3                              0x00001435   Thumb Code     0  printf3.o(i.__0printf$3)
    __2printf                                0x00001435   Thumb Code     0  printf3.o(i.__0printf$3)
    __scatterload_copy                       0x00001455   Thumb Code    14  handlers.o(i.__scatterload_copy)
    __scatterload_zeroinit                   0x00001463   Thumb Code    14  handlers.o(i.__scatterload_zeroinit)
    fputc                                    0x0000163d   Thumb Code    30  printf.o(i.fputc)
    main                                     0x00001661   Thumb Code   238  adc_demo.o(i.main)
    s_GPIOIrqs                               0x0000184c   Data           4  gpio.o(.constdata)
    Region$$Table$$Base                      0x00001860   Number         0  anon$$obj.o(Region$$Table)
    Region$$Table$$Limit                     0x00001880   Number         0  anon$$obj.o(Region$$Table)
    s_adcCallback                            0x2000012c   Data           4  adc.o(.data)
    __stdout                                 0x2000017c   Data           4  stdout.o(.data)
    __initial_sp                             0x200004f0   Data           0  startup_emf660x.o(STACK)



==============================================================================

Memory Map of the image

  Image Entry point : 0x000000c1

  Load Region LR_IROM1 (Base: 0x00000000, Size: 0x00001a00, Max: 0x00020000, ABSOLUTE, COMPRESSED[0x000018f4])

    Execution Region ER_IROM1 (Exec base: 0x00000000, Load base: 0x00000000, Size: 0x00001880, Max: 0x00020000, ABSOLUTE)

    Exec Addr    Load Addr    Size         Type   Attr      Idx    E Section Name        Object

    0x00000000   0x00000000   0x000000c0   Data   RO          826    RESET               startup_emf660x.o
    0x000000c0   0x000000c0   0x00000000   Code   RO          834  * .ARM.Collect$$$$00000000  mc_p.l(entry.o)
    0x000000c0   0x000000c0   0x00000004   Code   RO         1106    .ARM.Collect$$$$00000001  mc_p.l(entry2.o)
    0x000000c4   0x000000c4   0x00000004   Code   RO         1109    .ARM.Collect$$$$00000004  mc_p.l(entry5.o)
    0x000000c8   0x000000c8   0x00000000   Code   RO         1111    .ARM.Collect$$$$00000008  mc_p.l(entry7b.o)
    0x000000c8   0x000000c8   0x00000000   Code   RO         1113    .ARM.Collect$$$$0000000A  mc_p.l(entry8b.o)
    0x000000c8   0x000000c8   0x00000008   Code   RO         1114    .ARM.Collect$$$$0000000B  mc_p.l(entry9a.o)
    0x000000d0   0x000000d0   0x00000000   Code   RO         1116    .ARM.Collect$$$$0000000D  mc_p.l(entry10a.o)
    0x000000d0   0x000000d0   0x00000000   Code   RO         1118    .ARM.Collect$$$$0000000F  mc_p.l(entry11a.o)
    0x000000d0   0x000000d0   0x00000004   Code   RO         1107    .ARM.Collect$$$$00002712  mc_p.l(entry2.o)
    0x000000d4   0x000000d4   0x00000054   Code   RO          828    .text               startup_emf660x.o
    0x00000128   0x00000128   0x0000002c   Code   RO          837    .text               mc_p.l(uidiv.o)
    0x00000154   0x00000154   0x00000024   Code   RO          839    .text               mc_p.l(memcpya.o)
    0x00000178   0x00000178   0x00000024   Code   RO          841    .text               mc_p.l(memseta.o)
    0x0000019c   0x0000019c   0x00000024   Code   RO         1134    .text               mc_p.l(init.o)
    0x000001c0   0x000001c0   0x00000056   Code   RO         1154    .text               mc_p.l(__dczerorl2.o)
    0x00000216   0x00000216   0x0000000e   Code   RO          325    i.ADC_BufConvertValue  adc.o
    0x00000224   0x00000224   0x00000048   Code   RO            3    i.ADC_Callback      adc_demo.o
    0x0000026c   0x0000026c   0x00000060   Code   RO          331    i.ADC_DmaCallback   adc.o
    0x000002cc   0x000002cc   0x00000068   Code   RO          332    i.ADC_DmaConfig     adc.o
    0x00000334   0x00000334   0x0000001a   Code   RO          333    i.ADC_FifoConvertValue  adc.o
    0x0000034e   0x0000034e   0x00000032   Code   RO          336    i.ADC_SelectChannel  adc.o
    0x00000380   0x00000380   0x00000070   Code   RO          337    i.ADC_SequenceConfig  adc.o
    0x000003f0   0x000003f0   0x0000000a   Code   RO          461    i.Clock_IsNowStable  clock.o
    0x000003fa   0x000003fa   0x00000002   Code   RO          182    i.Systick_Callback  systick.o
    0x000003fc   0x000003fc   0x00000002   Code   RO         1149    i.__scatterload_null  mc_p.l(handlers.o)
    0x000003fe   0x000003fe   0x00000002   PAD
    0x00000400   0x00000400   0x00000008   Code   RO          827    .ARM.__at_0x400     startup_emf660x.o
    0x00000408   0x00000408   0x0000010c   Code   RO          334    i.ADC_Init          adc.o
    0x00000514   0x00000514   0x000000d8   Code   RO          335    i.ADC_ReadConvertValue  adc.o
    0x000005ec   0x000005ec   0x00000012   Code   RO          338    i.ADC_TryLock       adc.o
    0x000005fe   0x000005fe   0x00000002   PAD
    0x00000600   0x00000600   0x000000d8   Code   RO          459    i.CLOCK_SetConfig   clock.o
    0x000006d8   0x000006d8   0x00000080   Code   RO          521    i.DMA_CommonIRQHandler  dma.o
    0x00000758   0x00000758   0x00000030   Code   RO          522    i.DMA_DeInit        dma.o
    0x00000788   0x00000788   0x000000a8   Code   RO          524    i.DMA_Init          dma.o
    0x00000830   0x00000830   0x000000d0   Code   RO          525    i.DMA_Start         dma.o
    0x00000900   0x00000900   0x0000002c   Code   RO          289    i.DebugConsoleInit  printf.o
    0x0000092c   0x0000092c   0x0000001c   Code   RO          577    i.GPIO_GetInstance  gpio.o
    0x00000948   0x00000948   0x00000160   Code   RO          578    i.GPIO_Init         gpio.o
    0x00000aa8   0x00000aa8   0x00000048   Code   RO          584    i.GPIO_SetPullUp    gpio.o
    0x00000af0   0x00000af0   0x0000000c   Code   RO          340    i.Hold_ResetStatusTillStable  adc.o
    0x00000afc   0x00000afc   0x00000010   Code   RO          526    i.INT20_Handler     dma.o
    0x00000b0c   0x00000b0c   0x000000c4   Code   RO          341    i.INT26_Handler     adc.o
    0x00000bd0   0x00000bd0   0x00000014   Code   RO          656    i.NVIC_EnableIRQ    uart.o
    0x00000be4   0x00000be4   0x000000cc   Code   RO          463    i.OSC_SetConfig     clock.o
    0x00000cb0   0x00000cb0   0x00000028   Code   RO          173    i.SysTick_DelayMS   systick.o
    0x00000cd8   0x00000cd8   0x00000088   Code   RO          175    i.SysTick_DelayUS   systick.o
    0x00000d60   0x00000d60   0x0000003c   Code   RO          179    i.SysTick_Init      systick.o
    0x00000d9c   0x00000d9c   0x00000058   Code   RO          142    i.SystemInit        sysinit.o
    0x00000df4   0x00000df4   0x0000003c   Code   RO          183    i.Systick_InterruptHandler  systick.o
    0x00000e30   0x00000e30   0x0000001c   Code   RO          657    i.UART0_InterruptHandler  uart.o
    0x00000e4c   0x00000e4c   0x0000001c   Code   RO          658    i.UART1_InterruptHandler  uart.o
    0x00000e68   0x00000e68   0x0000001c   Code   RO          659    i.UART2_InterruptHandler  uart.o
    0x00000e84   0x00000e84   0x00000170   Code   RO          668    i.UART_Init         uart.o
    0x00000ff4   0x00000ff4   0x00000120   Code   RO          669    i.UART_InterruptHandler  uart.o
    0x00001114   0x00001114   0x0000000a   Code   RO          670    i.UART_PutChar      uart.o
    0x0000111e   0x0000111e   0x0000004e   Code   RO          673    i.UART_RxInterruptHandler  uart.o
    0x0000116c   0x0000116c   0x000000c2   Code   RO          674    i.UART_RxProcessData  uart.o
    0x0000122e   0x0000122e   0x00000040   Code   RO          679    i.UART_TxInterruptHandler  uart.o
    0x0000126e   0x0000126e   0x000000ee   Code   RO          680    i.UART_TxProcessData  uart.o
    0x0000135c   0x0000135c   0x00000090   Code   RO          290    i.UartPinMuxConfig  printf.o
    0x000013ec   0x000013ec   0x00000034   Code   RO          184    i.WaitTillTimeout   systick.o
    0x00001420   0x00001420   0x00000014   Code   RO          185    i.WaitTimerInit     systick.o
    0x00001434   0x00001434   0x00000020   Code   RO          934    i.__0printf$3       mc_p.l(printf3.o)
    0x00001454   0x00001454   0x0000000e   Code   RO         1148    i.__scatterload_copy  mc_p.l(handlers.o)
    0x00001462   0x00001462   0x0000000e   Code   RO         1150    i.__scatterload_zeroinit  mc_p.l(handlers.o)
    0x00001470   0x00001470   0x000001cc   Code   RO          941    i._printf_core      mc_p.l(printf3.o)
    0x0000163c   0x0000163c   0x00000024   Code   RO          291    i.fputc             printf.o
    0x00001660   0x00001660   0x000001e0   Code   RO            4    i.main              adc_demo.o
    0x00001840   0x00001840   0x00000005   Data   RO            6    .constdata          adc_demo.o
    0x00001845   0x00001845   0x00000003   PAD
    0x00001848   0x00001848   0x00000004   Data   RO          527    .constdata          dma.o
    0x0000184c   0x0000184c   0x00000014   Data   RO          586    .constdata          gpio.o
    0x00001860   0x00001860   0x00000020   Data   RO         1146    Region$$Table       anon$$obj.o


    Execution Region RW_IRAM1 (Exec base: 0x20000000, Load base: 0x00001880, Size: 0x000004f0, Max: 0x00001800, ABSOLUTE, COMPRESSED[0x00000074])

    Exec Addr    Load Addr    Size         Type   Attr      Idx    E Section Name        Object

    0x20000000   COMPRESSED   0x00000108   Data   RW            7    .data               adc_demo.o
    0x20000108   COMPRESSED   0x00000020   Data   RW          186    .data               systick.o
    0x20000128   COMPRESSED   0x00000008   Data   RW          344    .data               adc.o
    0x20000130   COMPRESSED   0x00000004   Data   RW          528    .data               dma.o
    0x20000134   COMPRESSED   0x00000040   Data   RW          587    .data               gpio.o
    0x20000174   COMPRESSED   0x00000008   Data   RW          682    .data               uart.o
    0x2000017c   COMPRESSED   0x00000004   Data   RW         1120    .data               mc_p.l(stdout.o)
    0x20000180        -       0x00000044   Zero   RW            5    .bss                adc_demo.o
    0x200001c4        -       0x00000014   Zero   RW          343    .bss                adc.o
    0x200001d8        -       0x00000018   Zero   RW          681    .bss                uart.o
    0x200001f0        -       0x00000300   Zero   RW          824    STACK               startup_emf660x.o


==============================================================================

Image component sizes


      Code (inc. data)   RO Data    RW Data    ZI Data      Debug   Object Name

      1112         76          0          8         20      26084   adc.o
       552        292          5        264         68      49887   adc_demo.o
       430         24          0          0          0       9882   clock.o
       568         22          4          4          0       7314   dma.o
       452         40         20         64          0      11237   gpio.o
       224         38          0          0          0       5082   printf.o
        92         16        192          0        768        772   startup_emf660x.o
        88         14          0          0          0       2761   sysinit.o
       370         50          0         32          0       5371   systick.o
      1344         78          0          8         24      17957   uart.o

    ----------------------------------------------------------------------
      5234        650        256        380        880     136347   Object Totals
         0          0         32          0          0          0   (incl. Generated)
         2          0          3          0          0          0   (incl. Padding)

    ----------------------------------------------------------------------

      Code (inc. data)   RO Data    RW Data    ZI Data      Debug   Library Member Name

        86          0          0          0          0          0   __dczerorl2.o
         0          0          0          0          0          0   entry.o
         0          0          0          0          0          0   entry10a.o
         0          0          0          0          0          0   entry11a.o
         8          4          0          0          0          0   entry2.o
         4          0          0          0          0          0   entry5.o
         0          0          0          0          0          0   entry7b.o
         0          0          0          0          0          0   entry8b.o
         8          4          0          0          0          0   entry9a.o
        30          0          0          0          0          0   handlers.o
        36          8          0          0          0         68   init.o
        36          0          0          0          0         60   memcpya.o
        36          0          0          0          0        100   memseta.o
       492         12          0          0          0        168   printf3.o
         0          0          0          4          0          0   stdout.o
        44          0          0          0          0         72   uidiv.o

    ----------------------------------------------------------------------
       782         28          0          4          0        468   Library Totals
         2          0          0          0          0          0   (incl. Padding)

    ----------------------------------------------------------------------

      Code (inc. data)   RO Data    RW Data    ZI Data      Debug   Library Name

       780         28          0          4          0        468   mc_p.l

    ----------------------------------------------------------------------
       782         28          0          4          0        468   Library Totals

    ----------------------------------------------------------------------

==============================================================================


      Code (inc. data)   RO Data    RW Data    ZI Data      Debug   

      6016        678        256        384        880     134927   Grand Totals
      6016        678        256        116        880     134927   ELF Image Totals (compressed)
      6016        678        256        116          0          0   ROM Totals

==============================================================================

    Total RO  Size (Code + RO Data)                 6272 (   6.13kB)
    Total RW  Size (RW Data + ZI Data)              1264 (   1.23kB)
    Total ROM Size (Code + RO Data + RW Data)       6388 (   6.24kB)

==============================================================================

