Component: ARM Compiler 5.06 update 6 (build 750) Tool: armlink [4d35ed]

==============================================================================

Section Cross References

    flash_example.o(i.main) refers to systick.o(i.SysTick_Init) for SysTick_Init
    flash_example.o(i.main) refers to flash.o(i.Flash_GetParam) for Flash_GetParam
    flash_example.o(i.main) refers to flash.o(i.Flash_PageIsLocked) for Flash_PageIsLocked
    flash_example.o(i.main) refers to flash.o(i.Flash_Erase) for Flash_Erase
    flash_example.o(i.main) refers to flash.o(i.Flash_Write) for Flash_Write
    flash_example.o(i.main) refers to flash.o(i.Flash_Read) for Flash_Read
    flash_example.o(i.main) refers to flash_example.o(.data) for .data
    sysinit.o(i.SystemInit) refers to clock.o(i.OSC_SetConfig) for OSC_SetConfig
    sysinit.o(i.SystemInit) refers to clock.o(i.CLOCK_SetConfig) for CLOCK_SetConfig
    systick.o(i.SysTick_DelayAfterTick) refers to systick.o(.data) for .data
    systick.o(i.SysTick_DelayMS) refers to systick.o(i.SysTick_DelayUS) for SysTick_DelayUS
    systick.o(i.SysTick_DelayTicks) refers to systick.o(.data) for .data
    systick.o(i.SysTick_DelayUS) refers to systick.o(.data) for .data
    systick.o(i.SysTick_GetSysTime) refers to systick.o(.data) for .data
    systick.o(i.SysTick_Init) refers to systick.o(.data) for .data
    systick.o(i.SysTick_Init_Ex) refers to uidiv.o(.text) for __aeabi_uidivmod
    systick.o(i.SysTick_Init_Ex) refers to systick.o(.data) for .data
    systick.o(i.SysTick_Interval) refers to systick.o(.data) for .data
    systick.o(i.Systick_InterruptHandler) refers to systick.o(i.Systick_Callback) for Systick_Callback
    systick.o(i.Systick_InterruptHandler) refers to systick.o(.data) for .data
    systick.o(i.WaitTillTimeout) refers to systick.o(.data) for .data
    systick.o(i.WaitTimerInit) refers to systick.o(.data) for .data
    clock.o(i.CLOCK_SetConfig) refers to clock.o(i.Clock_IsNowStable) for Clock_IsNowStable
    clock.o(i.OSC_GetConfig) refers to clock.o(i.Clock_GetPllReferenceClock) for Clock_GetPllReferenceClock
    clock.o(i.PeriphClk_SetConfig) refers to clock.o(i.Clock_IsNowStable) for Clock_IsNowStable
    clock.o(i.PeriphClk_SetConfig) refers to clock.o(i.Clock_GetPllReferenceClock) for Clock_GetPllReferenceClock
    flash.o(i.Flash_Erase) refers to flash.o(i.Flash_GetParam) for Flash_GetParam
    flash.o(i.Flash_Erase) refers to memcpya.o(.text) for __aeabi_memcpy
    flash.o(i.Flash_Erase) refers to flash.o(i.Flash_WaitforOperationDone) for Flash_WaitforOperationDone
    flash.o(i.Flash_Erase) refers to flash.o(.constdata) for .constdata
    flash.o(i.Flash_Erase) refers to flash.o(.bss) for .bss
    flash.o(i.Flash_Erase) refers to flash.o(.data) for .data
    flash.o(i.Flash_PageIsLocked) refers to flash.o(i.Flash_GetParam) for Flash_GetParam
    flash.o(i.Flash_Program2Address) refers to flash.o(i.Flash_GetParam) for Flash_GetParam
    flash.o(i.Flash_Program2Address) refers to memcpya.o(.text) for __aeabi_memcpy
    flash.o(i.Flash_Program2Address) refers to flash.o(.constdata) for .constdata
    flash.o(i.Flash_Program2Address) refers to flash.o(.bss) for .bss
    flash.o(i.Flash_Program2Address) refers to flash.o(.data) for .data
    flash.o(i.Flash_Read) refers to flash.o(i.Flash_GetParam) for Flash_GetParam
    flash.o(i.Flash_Read) refers to memcpya.o(.text) for __aeabi_memcpy
    flash.o(i.Flash_WaitforOperationDone) refers to systick.o(i.SysTick_DelayUS) for SysTick_DelayUS
    flash.o(i.Flash_Write) refers to flash.o(i.Flash_GetParam) for Flash_GetParam
    flash.o(i.Flash_Write) refers to uread4.o(.text) for __aeabi_uread4
    flash.o(i.Flash_Write) refers to flash.o(i.Flash_Program2Address) for Flash_Program2Address
    flash.o(i.Flash_Write) refers to flash.o(i.Flash_WaitforOperationDone) for Flash_WaitforOperationDone
    startup_emf660x.o(RESET) refers to startup_emf660x.o(STACK) for __initial_sp
    startup_emf660x.o(RESET) refers to startup_emf660x.o(.text) for Reset_Handler
    startup_emf660x.o(RESET) refers to systick.o(i.Systick_InterruptHandler) for INT15_Handler
    startup_emf660x.o(.text) refers to sysinit.o(i.SystemInit) for SystemInit
    startup_emf660x.o(.text) refers to entry.o(.ARM.Collect$$$$00000000) for __main
    entry.o(.ARM.Collect$$$$00000000) refers (Special) to entry10a.o(.ARM.Collect$$$$0000000D) for __rt_final_cpp
    entry.o(.ARM.Collect$$$$00000000) refers (Special) to entry11a.o(.ARM.Collect$$$$0000000F) for __rt_final_exit
    entry.o(.ARM.Collect$$$$00000000) refers (Special) to entry7b.o(.ARM.Collect$$$$00000008) for _main_clock
    entry.o(.ARM.Collect$$$$00000000) refers (Special) to entry8b.o(.ARM.Collect$$$$0000000A) for _main_cpp_init
    entry.o(.ARM.Collect$$$$00000000) refers (Special) to entry9a.o(.ARM.Collect$$$$0000000B) for _main_init
    entry.o(.ARM.Collect$$$$00000000) refers (Special) to entry5.o(.ARM.Collect$$$$00000004) for _main_scatterload
    entry.o(.ARM.Collect$$$$00000000) refers (Special) to entry2.o(.ARM.Collect$$$$00000001) for _main_stk
    entry2.o(.ARM.Collect$$$$00000001) refers to entry2.o(.ARM.Collect$$$$00002712) for __lit__00000000
    entry2.o(.ARM.Collect$$$$00002712) refers to startup_emf660x.o(STACK) for __initial_sp
    entry2.o(__vectab_stack_and_reset_area) refers to startup_emf660x.o(STACK) for __initial_sp
    entry2.o(__vectab_stack_and_reset_area) refers to entry.o(.ARM.Collect$$$$00000000) for __main
    entry5.o(.ARM.Collect$$$$00000004) refers to init.o(.text) for __scatterload
    entry9a.o(.ARM.Collect$$$$0000000B) refers to flash_example.o(i.main) for main
    entry9b.o(.ARM.Collect$$$$0000000C) refers to flash_example.o(i.main) for main
    init.o(.text) refers to entry5.o(.ARM.Collect$$$$00000004) for __main_after_scatterload


==============================================================================

Removing Unused input sections from the image.

    Removing flash_example.o(.rev16_text), (4 bytes).
    Removing flash_example.o(.revsh_text), (4 bytes).
    Removing sysinit.o(.rev16_text), (4 bytes).
    Removing sysinit.o(.revsh_text), (4 bytes).
    Removing systick.o(.rev16_text), (4 bytes).
    Removing systick.o(.revsh_text), (4 bytes).
    Removing systick.o(i.SysTick_DelayAfterTick), (48 bytes).
    Removing systick.o(i.SysTick_DelayMS), (40 bytes).
    Removing systick.o(i.SysTick_DelayTicks), (48 bytes).
    Removing systick.o(i.SysTick_Disable), (16 bytes).
    Removing systick.o(i.SysTick_Get), (12 bytes).
    Removing systick.o(i.SysTick_GetSysTime), (12 bytes).
    Removing systick.o(i.SysTick_Init_Ex), (112 bytes).
    Removing systick.o(i.SysTick_Interval), (24 bytes).
    Removing systick.o(i.WaitTillTimeout), (52 bytes).
    Removing systick.o(i.WaitTimerInit), (20 bytes).
    Removing common.o(.rev16_text), (4 bytes).
    Removing common.o(.revsh_text), (4 bytes).
    Removing clock.o(.rev16_text), (4 bytes).
    Removing clock.o(.revsh_text), (4 bytes).
    Removing clock.o(i.CLOCK_GetConfig), (44 bytes).
    Removing clock.o(i.Clock_GetPllReferenceClock), (16 bytes).
    Removing clock.o(i.OSC_GetConfig), (92 bytes).
    Removing clock.o(i.PeriphClk_GetConfig), (92 bytes).
    Removing clock.o(i.PeriphClk_SetConfig), (572 bytes).
    Removing flash.o(.rev16_text), (4 bytes).
    Removing flash.o(.revsh_text), (4 bytes).
    Removing flash.o(i.Flash_DeInit), (4 bytes).
    Removing flash.o(i.Flash_Init), (4 bytes).
    Removing startup_emf660x.o(HEAP), (0 bytes).

30 unused section(s) (total 1256 bytes) removed from the image.

==============================================================================

Image Symbol Table

    Local Symbols

    Symbol Name                              Value     Ov Type        Size  Object(Section)

    RESET                                    0x00000000   Section      192  startup_emf660x.o(RESET)
    ../clib/microlib/division.c              0x00000000   Number         0  uidiv.o ABSOLUTE
    ../clib/microlib/init/entry.s            0x00000000   Number         0  entry8b.o ABSOLUTE
    ../clib/microlib/init/entry.s            0x00000000   Number         0  entry.o ABSOLUTE
    ../clib/microlib/init/entry.s            0x00000000   Number         0  entry7a.o ABSOLUTE
    ../clib/microlib/init/entry.s            0x00000000   Number         0  entry7b.o ABSOLUTE
    ../clib/microlib/init/entry.s            0x00000000   Number         0  entry8a.o ABSOLUTE
    ../clib/microlib/init/entry.s            0x00000000   Number         0  entry11b.o ABSOLUTE
    ../clib/microlib/init/entry.s            0x00000000   Number         0  entry11a.o ABSOLUTE
    ../clib/microlib/init/entry.s            0x00000000   Number         0  entry10b.o ABSOLUTE
    ../clib/microlib/init/entry.s            0x00000000   Number         0  entry10a.o ABSOLUTE
    ../clib/microlib/init/entry.s            0x00000000   Number         0  entry9b.o ABSOLUTE
    ../clib/microlib/init/entry.s            0x00000000   Number         0  entry9a.o ABSOLUTE
    ../clib/microlib/init/entry.s            0x00000000   Number         0  entry5.o ABSOLUTE
    ../clib/microlib/init/entry.s            0x00000000   Number         0  entry2.o ABSOLUTE
    ../clib/microlib/string/memcpy.c         0x00000000   Number         0  memcpyb.o ABSOLUTE
    ../clib/microlib/string/memcpy.c         0x00000000   Number         0  memcpya.o ABSOLUTE
    ../clib/microlib/unhosted.c              0x00000000   Number         0  uread4.o ABSOLUTE
    ..\..\..\..\..\drv\arch\arm\sysinit.c    0x00000000   Number         0  sysinit.o ABSOLUTE
    ..\..\..\..\..\drv\arch\arm\systick.c    0x00000000   Number         0  systick.o ABSOLUTE
    ..\..\..\..\..\drv\dev\clock\clock.c     0x00000000   Number         0  clock.o ABSOLUTE
    ..\..\..\..\..\drv\dev\nvm\flash.c       0x00000000   Number         0  flash.o ABSOLUTE
    ..\..\..\..\..\lib\common\common.c       0x00000000   Number         0  common.o ABSOLUTE
    ..\..\flash_example.c                    0x00000000   Number         0  flash_example.o ABSOLUTE
    ..\\..\\..\\..\\..\\drv\\arch\\arm\\sysinit.c 0x00000000   Number         0  sysinit.o ABSOLUTE
    ..\\..\\..\\..\\..\\drv\\arch\\arm\\systick.c 0x00000000   Number         0  systick.o ABSOLUTE
    ..\\..\\..\\..\\..\\drv\\dev\\clock\\clock.c 0x00000000   Number         0  clock.o ABSOLUTE
    ..\\..\\..\\..\\..\\drv\\dev\\nvm\\flash.c 0x00000000   Number         0  flash.o ABSOLUTE
    ..\\..\\..\\..\\..\\lib\\common\\common.c 0x00000000   Number         0  common.o ABSOLUTE
    ..\\..\\flash_example.c                  0x00000000   Number         0  flash_example.o ABSOLUTE
    RTE\Device\EMF6601VCPCC\startup_EMF660x.s 0x00000000   Number         0  startup_emf660x.o ABSOLUTE
    dc.s                                     0x00000000   Number         0  dc.o ABSOLUTE
    handlers.s                               0x00000000   Number         0  handlers.o ABSOLUTE
    init.s                                   0x00000000   Number         0  init.o ABSOLUTE
    .ARM.Collect$$$$00000000                 0x000000c0   Section        0  entry.o(.ARM.Collect$$$$00000000)
    .ARM.Collect$$$$00000001                 0x000000c0   Section        4  entry2.o(.ARM.Collect$$$$00000001)
    .ARM.Collect$$$$00000004                 0x000000c4   Section        4  entry5.o(.ARM.Collect$$$$00000004)
    .ARM.Collect$$$$00000008                 0x000000c8   Section        0  entry7b.o(.ARM.Collect$$$$00000008)
    .ARM.Collect$$$$0000000A                 0x000000c8   Section        0  entry8b.o(.ARM.Collect$$$$0000000A)
    .ARM.Collect$$$$0000000B                 0x000000c8   Section        8  entry9a.o(.ARM.Collect$$$$0000000B)
    .ARM.Collect$$$$0000000D                 0x000000d0   Section        0  entry10a.o(.ARM.Collect$$$$0000000D)
    .ARM.Collect$$$$0000000F                 0x000000d0   Section        0  entry11a.o(.ARM.Collect$$$$0000000F)
    .ARM.Collect$$$$00002712                 0x000000d0   Section        4  entry2.o(.ARM.Collect$$$$00002712)
    __lit__00000000                          0x000000d0   Data           4  entry2.o(.ARM.Collect$$$$00002712)
    .text                                    0x000000d4   Section       84  startup_emf660x.o(.text)
    .text                                    0x00000128   Section        0  memcpya.o(.text)
    .text                                    0x0000014c   Section        0  uread4.o(.text)
    .text                                    0x00000160   Section       36  init.o(.text)
    i.CLOCK_SetConfig                        0x00000184   Section        0  clock.o(i.CLOCK_SetConfig)
    i.Clock_IsNowStable                      0x0000025c   Section        0  clock.o(i.Clock_IsNowStable)
    Clock_IsNowStable                        0x0000025d   Thumb Code    10  clock.o(i.Clock_IsNowStable)
    i.Flash_Erase                            0x00000268   Section        0  flash.o(i.Flash_Erase)
    i.Flash_GetParam                         0x000002c8   Section        0  flash.o(i.Flash_GetParam)
    i.Flash_PageIsLocked                     0x000002e4   Section        0  flash.o(i.Flash_PageIsLocked)
    i.Flash_Program2Address                  0x00000310   Section        0  flash.o(i.Flash_Program2Address)
    i.Flash_Read                             0x00000364   Section        0  flash.o(i.Flash_Read)
    i.Flash_WaitforOperationDone             0x00000384   Section        0  flash.o(i.Flash_WaitforOperationDone)
    Flash_WaitforOperationDone               0x00000385   Thumb Code   102  flash.o(i.Flash_WaitforOperationDone)
    i.Systick_Callback                       0x000003f8   Section        0  systick.o(i.Systick_Callback)
    i.__scatterload_null                     0x000003fa   Section        2  handlers.o(i.__scatterload_null)
    .ARM.__at_0x400                          0x00000400   Section        8  startup_emf660x.o(.ARM.__at_0x400)
    i.Flash_Write                            0x00000408   Section        0  flash.o(i.Flash_Write)
    i.OSC_SetConfig                          0x000004c0   Section        0  clock.o(i.OSC_SetConfig)
    i.SysTick_DelayUS                        0x0000058c   Section        0  systick.o(i.SysTick_DelayUS)
    i.SysTick_Init                           0x00000614   Section        0  systick.o(i.SysTick_Init)
    i.SystemInit                             0x00000650   Section        0  sysinit.o(i.SystemInit)
    i.Systick_InterruptHandler               0x000006a8   Section        0  systick.o(i.Systick_InterruptHandler)
    i.__scatterload_copy                     0x000006e4   Section       14  handlers.o(i.__scatterload_copy)
    i.__scatterload_zeroinit                 0x000006f2   Section       14  handlers.o(i.__scatterload_zeroinit)
    i.main                                   0x00000700   Section        0  flash_example.o(i.main)
    .constdata                               0x00000780   Section       56  flash.o(.constdata)
    s_flashProg2AddressCode                  0x00000780   Data          34  flash.o(.constdata)
    s_flashErasePage                         0x000007a2   Data          22  flash.o(.constdata)
    .data                                    0x20000000   Section       14  flash_example.o(.data)
    .data                                    0x20000010   Section       32  systick.o(.data)
    s_MSIntNum                               0x20000010   Data           4  systick.o(.data)
    s_CallbackIntNum                         0x20000014   Data           4  systick.o(.data)
    s_TimerIntCnt                            0x20000018   Data           4  systick.o(.data)
    s_CallbackIntCnt                         0x2000001c   Data           4  systick.o(.data)
    reload_ticks                             0x20000020   Data           4  systick.o(.data)
    s_sysTime                                0x20000028   Data           8  systick.o(.data)
    .data                                    0x20000030   Section        8  flash.o(.data)
    callFlashPrg2Address                     0x20000030   Data           4  flash.o(.data)
    callFlashErasePage                       0x20000034   Data           4  flash.o(.data)
    .bss                                     0x20000038   Section       34  flash.o(.bss)
    g_code                                   0x20000038   Data          34  flash.o(.bss)
    STACK                                    0x20000060   Section      768  startup_emf660x.o(STACK)

    Global Symbols

    Symbol Name                              Value     Ov Type        Size  Object(Section)

    BuildAttributes$$THM_ISAv3M$S$PE$A:L22$X:L11$S22$IEEE1$IW$USESV6$~STKCKD$USESV7$~SHL$OSPACE$EBA8$MICROLIB$REQ8$PRES8$EABIv2 0x00000000   Number         0  anon$$obj.o ABSOLUTE
    __ARM_use_no_argv                        0x00000000   Number         0  flash_example.o ABSOLUTE
    __Vectors                                0x00000000   Data           4  startup_emf660x.o(RESET)
    __cpp_initialize__aeabi_                  - Undefined Weak Reference
    __cxa_finalize                            - Undefined Weak Reference
    __decompress                              - Undefined Weak Reference
    _clock_init                               - Undefined Weak Reference
    _microlib_exit                            - Undefined Weak Reference
    __Vectors_End                            0x000000c0   Data           0  startup_emf660x.o(RESET)
    __Vectors_Size                           0x000000c0   Number         0  startup_emf660x.o ABSOLUTE
    __main                                   0x000000c1   Thumb Code     0  entry.o(.ARM.Collect$$$$00000000)
    _main_stk                                0x000000c1   Thumb Code     0  entry2.o(.ARM.Collect$$$$00000001)
    _main_scatterload                        0x000000c5   Thumb Code     0  entry5.o(.ARM.Collect$$$$00000004)
    __main_after_scatterload                 0x000000c9   Thumb Code     0  entry5.o(.ARM.Collect$$$$00000004)
    _main_clock                              0x000000c9   Thumb Code     0  entry7b.o(.ARM.Collect$$$$00000008)
    _main_cpp_init                           0x000000c9   Thumb Code     0  entry8b.o(.ARM.Collect$$$$0000000A)
    _main_init                               0x000000c9   Thumb Code     0  entry9a.o(.ARM.Collect$$$$0000000B)
    __rt_final_cpp                           0x000000d1   Thumb Code     0  entry10a.o(.ARM.Collect$$$$0000000D)
    __rt_final_exit                          0x000000d1   Thumb Code     0  entry11a.o(.ARM.Collect$$$$0000000F)
    Reset_Handler                            0x000000d5   Thumb Code    74  startup_emf660x.o(.text)
    INT02_Handler                            0x0000011f   Thumb Code     0  startup_emf660x.o(.text)
    INT03_Handler                            0x0000011f   Thumb Code     0  startup_emf660x.o(.text)
    INT04_Handler                            0x0000011f   Thumb Code     0  startup_emf660x.o(.text)
    INT05_Handler                            0x0000011f   Thumb Code     0  startup_emf660x.o(.text)
    INT06_Handler                            0x0000011f   Thumb Code     0  startup_emf660x.o(.text)
    INT07_Handler                            0x0000011f   Thumb Code     0  startup_emf660x.o(.text)
    INT08_Handler                            0x0000011f   Thumb Code     0  startup_emf660x.o(.text)
    INT09_Handler                            0x0000011f   Thumb Code     0  startup_emf660x.o(.text)
    INT10_Handler                            0x0000011f   Thumb Code     0  startup_emf660x.o(.text)
    INT11_Handler                            0x0000011f   Thumb Code     0  startup_emf660x.o(.text)
    INT12_Handler                            0x0000011f   Thumb Code     0  startup_emf660x.o(.text)
    INT13_Handler                            0x0000011f   Thumb Code     0  startup_emf660x.o(.text)
    INT14_Handler                            0x0000011f   Thumb Code     0  startup_emf660x.o(.text)
    INT16_Handler                            0x0000011f   Thumb Code     0  startup_emf660x.o(.text)
    INT17_Handler                            0x0000011f   Thumb Code     0  startup_emf660x.o(.text)
    INT18_Handler                            0x0000011f   Thumb Code     0  startup_emf660x.o(.text)
    INT19_Handler                            0x0000011f   Thumb Code     0  startup_emf660x.o(.text)
    INT20_Handler                            0x0000011f   Thumb Code     0  startup_emf660x.o(.text)
    INT21_Handler                            0x0000011f   Thumb Code     0  startup_emf660x.o(.text)
    INT22_Handler                            0x0000011f   Thumb Code     0  startup_emf660x.o(.text)
    INT23_Handler                            0x0000011f   Thumb Code     0  startup_emf660x.o(.text)
    INT24_Handler                            0x0000011f   Thumb Code     0  startup_emf660x.o(.text)
    INT25_Handler                            0x0000011f   Thumb Code     0  startup_emf660x.o(.text)
    INT26_Handler                            0x0000011f   Thumb Code     0  startup_emf660x.o(.text)
    INT27_Handler                            0x0000011f   Thumb Code     0  startup_emf660x.o(.text)
    INT28_Handler                            0x0000011f   Thumb Code     0  startup_emf660x.o(.text)
    INT29_Handler                            0x0000011f   Thumb Code     0  startup_emf660x.o(.text)
    INT30_Handler                            0x0000011f   Thumb Code     0  startup_emf660x.o(.text)
    INT31_Handler                            0x0000011f   Thumb Code     0  startup_emf660x.o(.text)
    INT32_Handler                            0x0000011f   Thumb Code     0  startup_emf660x.o(.text)
    INT33_Handler                            0x0000011f   Thumb Code     0  startup_emf660x.o(.text)
    INT34_Handler                            0x0000011f   Thumb Code     0  startup_emf660x.o(.text)
    INT35_Handler                            0x0000011f   Thumb Code     0  startup_emf660x.o(.text)
    INT36_Handler                            0x0000011f   Thumb Code     0  startup_emf660x.o(.text)
    INT37_Handler                            0x0000011f   Thumb Code     0  startup_emf660x.o(.text)
    INT38_Handler                            0x0000011f   Thumb Code     0  startup_emf660x.o(.text)
    INT39_Handler                            0x0000011f   Thumb Code     0  startup_emf660x.o(.text)
    INT40_Handler                            0x0000011f   Thumb Code     0  startup_emf660x.o(.text)
    INT41_Handler                            0x0000011f   Thumb Code     0  startup_emf660x.o(.text)
    INT42_Handler                            0x0000011f   Thumb Code     0  startup_emf660x.o(.text)
    INT43_Handler                            0x0000011f   Thumb Code     0  startup_emf660x.o(.text)
    INT44_Handler                            0x0000011f   Thumb Code     0  startup_emf660x.o(.text)
    INT45_Handler                            0x0000011f   Thumb Code     0  startup_emf660x.o(.text)
    INT46_Handler                            0x0000011f   Thumb Code     0  startup_emf660x.o(.text)
    INT47_Handler                            0x0000011f   Thumb Code     0  startup_emf660x.o(.text)
    __aeabi_memcpy                           0x00000129   Thumb Code    36  memcpya.o(.text)
    __aeabi_memcpy4                          0x00000129   Thumb Code     0  memcpya.o(.text)
    __aeabi_memcpy8                          0x00000129   Thumb Code     0  memcpya.o(.text)
    __aeabi_uread4                           0x0000014d   Thumb Code    20  uread4.o(.text)
    __rt_uread4                              0x0000014d   Thumb Code     0  uread4.o(.text)
    _uread4                                  0x0000014d   Thumb Code     0  uread4.o(.text)
    __scatterload                            0x00000161   Thumb Code    28  init.o(.text)
    __scatterload_rt2                        0x00000161   Thumb Code     0  init.o(.text)
    CLOCK_SetConfig                          0x00000185   Thumb Code   202  clock.o(i.CLOCK_SetConfig)
    Flash_Erase                              0x00000269   Thumb Code    70  flash.o(i.Flash_Erase)
    Flash_GetParam                           0x000002c9   Thumb Code    26  flash.o(i.Flash_GetParam)
    Flash_PageIsLocked                       0x000002e5   Thumb Code    40  flash.o(i.Flash_PageIsLocked)
    Flash_Program2Address                    0x00000311   Thumb Code    64  flash.o(i.Flash_Program2Address)
    Flash_Read                               0x00000365   Thumb Code    30  flash.o(i.Flash_Read)
    Systick_Callback                         0x000003f9   Thumb Code     2  systick.o(i.Systick_Callback)
    __scatterload_null                       0x000003fb   Thumb Code     2  handlers.o(i.__scatterload_null)
    Flash_Write                              0x00000409   Thumb Code   182  flash.o(i.Flash_Write)
    OSC_SetConfig                            0x000004c1   Thumb Code   194  clock.o(i.OSC_SetConfig)
    SysTick_DelayUS                          0x0000058d   Thumb Code   124  systick.o(i.SysTick_DelayUS)
    SysTick_Init                             0x00000615   Thumb Code    46  systick.o(i.SysTick_Init)
    SystemInit                               0x00000651   Thumb Code    74  sysinit.o(i.SystemInit)
    INT15_Handler                            0x000006a9   Thumb Code     0  systick.o(i.Systick_InterruptHandler)
    Systick_InterruptHandler                 0x000006a9   Thumb Code    54  systick.o(i.Systick_InterruptHandler)
    __scatterload_copy                       0x000006e5   Thumb Code    14  handlers.o(i.__scatterload_copy)
    __scatterload_zeroinit                   0x000006f3   Thumb Code    14  handlers.o(i.__scatterload_zeroinit)
    main                                     0x00000701   Thumb Code   122  flash_example.o(i.main)
    Region$$Table$$Base                      0x000007b8   Number         0  anon$$obj.o(Region$$Table)
    Region$$Table$$Limit                     0x000007d8   Number         0  anon$$obj.o(Region$$Table)
    g_wrdata                                 0x20000000   Data           7  flash_example.o(.data)
    g_rddata                                 0x20000007   Data           7  flash_example.o(.data)
    __initial_sp                             0x20000360   Data           0  startup_emf660x.o(STACK)



==============================================================================

Memory Map of the image

  Image Entry point : 0x000000c1

  Load Region LR_IROM1 (Base: 0x00000000, Size: 0x00000810, Max: 0x00020000, ABSOLUTE)

    Execution Region ER_IROM1 (Exec base: 0x00000000, Load base: 0x00000000, Size: 0x000007d8, Max: 0x00020000, ABSOLUTE)

    Exec Addr    Load Addr    Size         Type   Attr      Idx    E Section Name        Object

    0x00000000   0x00000000   0x000000c0   Data   RO          398    RESET               startup_emf660x.o
    0x000000c0   0x000000c0   0x00000000   Code   RO          406  * .ARM.Collect$$$$00000000  mc_p.l(entry.o)
    0x000000c0   0x000000c0   0x00000004   Code   RO          417    .ARM.Collect$$$$00000001  mc_p.l(entry2.o)
    0x000000c4   0x000000c4   0x00000004   Code   RO          420    .ARM.Collect$$$$00000004  mc_p.l(entry5.o)
    0x000000c8   0x000000c8   0x00000000   Code   RO          422    .ARM.Collect$$$$00000008  mc_p.l(entry7b.o)
    0x000000c8   0x000000c8   0x00000000   Code   RO          424    .ARM.Collect$$$$0000000A  mc_p.l(entry8b.o)
    0x000000c8   0x000000c8   0x00000008   Code   RO          425    .ARM.Collect$$$$0000000B  mc_p.l(entry9a.o)
    0x000000d0   0x000000d0   0x00000000   Code   RO          427    .ARM.Collect$$$$0000000D  mc_p.l(entry10a.o)
    0x000000d0   0x000000d0   0x00000000   Code   RO          429    .ARM.Collect$$$$0000000F  mc_p.l(entry11a.o)
    0x000000d0   0x000000d0   0x00000004   Code   RO          418    .ARM.Collect$$$$00002712  mc_p.l(entry2.o)
    0x000000d4   0x000000d4   0x00000054   Code   RO          400    .text               startup_emf660x.o
    0x00000128   0x00000128   0x00000024   Code   RO          411    .text               mc_p.l(memcpya.o)
    0x0000014c   0x0000014c   0x00000014   Code   RO          415    .text               mc_p.l(uread4.o)
    0x00000160   0x00000160   0x00000024   Code   RO          431    .text               mc_p.l(init.o)
    0x00000184   0x00000184   0x000000d8   Code   RO          265    i.CLOCK_SetConfig   clock.o
    0x0000025c   0x0000025c   0x0000000a   Code   RO          267    i.Clock_IsNowStable  clock.o
    0x00000266   0x00000266   0x00000002   PAD
    0x00000268   0x00000268   0x00000060   Code   RO          328    i.Flash_Erase       flash.o
    0x000002c8   0x000002c8   0x0000001a   Code   RO          329    i.Flash_GetParam    flash.o
    0x000002e2   0x000002e2   0x00000002   PAD
    0x000002e4   0x000002e4   0x0000002c   Code   RO          331    i.Flash_PageIsLocked  flash.o
    0x00000310   0x00000310   0x00000054   Code   RO          332    i.Flash_Program2Address  flash.o
    0x00000364   0x00000364   0x0000001e   Code   RO          333    i.Flash_Read        flash.o
    0x00000382   0x00000382   0x00000002   PAD
    0x00000384   0x00000384   0x00000074   Code   RO          334    i.Flash_WaitforOperationDone  flash.o
    0x000003f8   0x000003f8   0x00000002   Code   RO          157    i.Systick_Callback  systick.o
    0x000003fa   0x000003fa   0x00000002   Code   RO          436    i.__scatterload_null  mc_p.l(handlers.o)
    0x000003fc   0x000003fc   0x00000004   PAD
    0x00000400   0x00000400   0x00000008   Code   RO          399    .ARM.__at_0x400     startup_emf660x.o
    0x00000408   0x00000408   0x000000b6   Code   RO          335    i.Flash_Write       flash.o
    0x000004be   0x000004be   0x00000002   PAD
    0x000004c0   0x000004c0   0x000000cc   Code   RO          269    i.OSC_SetConfig     clock.o
    0x0000058c   0x0000058c   0x00000088   Code   RO          150    i.SysTick_DelayUS   systick.o
    0x00000614   0x00000614   0x0000003c   Code   RO          154    i.SysTick_Init      systick.o
    0x00000650   0x00000650   0x00000058   Code   RO          127    i.SystemInit        sysinit.o
    0x000006a8   0x000006a8   0x0000003c   Code   RO          158    i.Systick_InterruptHandler  systick.o
    0x000006e4   0x000006e4   0x0000000e   Code   RO          435    i.__scatterload_copy  mc_p.l(handlers.o)
    0x000006f2   0x000006f2   0x0000000e   Code   RO          437    i.__scatterload_zeroinit  mc_p.l(handlers.o)
    0x00000700   0x00000700   0x00000080   Code   RO            3    i.main              flash_example.o
    0x00000780   0x00000780   0x00000038   Data   RO          337    .constdata          flash.o
    0x000007b8   0x000007b8   0x00000020   Data   RO          433    Region$$Table       anon$$obj.o


    Execution Region RW_IRAM1 (Exec base: 0x20000000, Load base: 0x000007d8, Size: 0x00000360, Max: 0x00001800, ABSOLUTE)

    Exec Addr    Load Addr    Size         Type   Attr      Idx    E Section Name        Object

    0x20000000   0x000007d8   0x0000000e   Data   RW            4    .data               flash_example.o
    0x2000000e   0x000007e6   0x00000002   PAD
    0x20000010   0x000007e8   0x00000020   Data   RW          161    .data               systick.o
    0x20000030   0x00000808   0x00000008   Data   RW          338    .data               flash.o
    0x20000038        -       0x00000022   Zero   RW          336    .bss                flash.o
    0x2000005a   0x00000810   0x00000006   PAD
    0x20000060        -       0x00000300   Zero   RW          396    STACK               startup_emf660x.o


==============================================================================

Image component sizes


      Code (inc. data)   RO Data    RW Data    ZI Data      Debug   Object Name

       430         24          0          0          0       9730   clock.o
       578         64         56          8         34       6411   flash.o
       128          6          0         14          0      17163   flash_example.o
        92         16        192          0        768        740   startup_emf660x.o
        88         14          0          0          0        601   sysinit.o
       258         32          0         32          0       3295   systick.o

    ----------------------------------------------------------------------
      1582        156        280         56        808      37940   Object Totals
         0          0         32          0          0          0   (incl. Generated)
         8          0          0          2          6          0   (incl. Padding)

    ----------------------------------------------------------------------

      Code (inc. data)   RO Data    RW Data    ZI Data      Debug   Library Member Name

         0          0          0          0          0          0   entry.o
         0          0          0          0          0          0   entry10a.o
         0          0          0          0          0          0   entry11a.o
         8          4          0          0          0          0   entry2.o
         4          0          0          0          0          0   entry5.o
         0          0          0          0          0          0   entry7b.o
         0          0          0          0          0          0   entry8b.o
         8          4          0          0          0          0   entry9a.o
        30          0          0          0          0          0   handlers.o
        36          8          0          0          0         68   init.o
        36          0          0          0          0         60   memcpya.o
        20          0          0          0          0         60   uread4.o

    ----------------------------------------------------------------------
       146         16          0          0          0        188   Library Totals
         4          0          0          0          0          0   (incl. Padding)

    ----------------------------------------------------------------------

      Code (inc. data)   RO Data    RW Data    ZI Data      Debug   Library Name

       142         16          0          0          0        188   mc_p.l

    ----------------------------------------------------------------------
       146         16          0          0          0        188   Library Totals

    ----------------------------------------------------------------------

==============================================================================


      Code (inc. data)   RO Data    RW Data    ZI Data      Debug   

      1728        172        280         56        808      37664   Grand Totals
      1728        172        280         56        808      37664   ELF Image Totals
      1728        172        280         56          0          0   ROM Totals

==============================================================================

    Total RO  Size (Code + RO Data)                 2008 (   1.96kB)
    Total RW  Size (RW Data + ZI Data)               864 (   0.84kB)
    Total ROM Size (Code + RO Data + RW Data)       2064 (   2.02kB)

==============================================================================

